---load-avg--- -dsk/total- -net/total- ------memory-usage-----
 1m   5m  15m | read  writ| recv  send| used  free  buff  cach
   0    0    0|6746M 4314M|   0     0 | 660M 13.5G  518M 46.7G
0.79 0.19 0.06|  13M  276k|  12M   21M|1702M 11.5G  518M 47.6G
1.02 0.30 0.11|4574k   92k|1145k 1723k|1840M 11.3G  521M 47.7G
1.26 0.43 0.16|  12M   64k| 639k  518k|1910M 11.2G  543M 47.7G
1.28 0.52 0.20|9421k   64k| 878k  997k|1906M 11.1G  542M 47.8G
1.29 0.60 0.23|8768k   97k|  47k 1748k|1927M 10.9G  569M 47.9G
1.37 0.69 0.28|  10M   64k| 738k 1760k|1903M 10.9G  569M 48.0G
1.36 0.75 0.31|7431k   66k|1365k 2257k|2101M 10.6G  569M 48.0G
1.22 0.77 0.33|9122k   62k| 501k 2432k|2110M 10.6G  554M 48.1G
4.58 1.56 0.61|7590k   41k| 620k 1264k|7896M 4642M  662M 48.4G
9.42 3.02 1.12|   0    69k|1441B 2143B|7806M 4732M  662M 48.4G
11.5 4.12 1.55| 643k   38k|7382B 1197B|7838M 4658M  681M 48.4G
13.5 5.31 2.03|   0    49k|2408B 3140B|8071M 4426M  681M 48.4G
13.6 6.16 2.42| 660k   46k|7249B  914B|7791M 4663M  700M 48.4G
12.5 6.68 2.71|  51k   46k|1564B 1496B|3168M 9280M  702M 48.4G
12.6 7.21 3.01|5622k   53k| 186k  398k|7711M 4823M  662M 48.4G
14.4 8.16 3.46|   0    50k|1620B 1880B|7888M 4644M  662M 48.4G
14.6 8.78 3.82| 643k   45k|8712B   17k|7799M 4693M  681M 48.4G
15.3 9.52 4.22| 660k   46k|3358B   11k|7930M 4518M  701M 48.4G
16.2 10.3 4.65|   0    47k|4761B  879B|8066M 4382M  701M 48.4G
14.0 10.4 4.86|4030k   54k|3440B   26k|2447M 9.98G  619M 48.3G
14.5 10.8 5.18|1463k   42k| 197k  401k|7851M 4665M  662M 48.4G
14.5 11.2 5.49| 643k   47k|1487B 1536B|7913M 4562M  681M 48.4G
15.8 11.8 5.89|   0    49k|4213B  897B|7895M 4580M  681M 48.4G
15.5 12.1 6.17| 660k   48k|2879B 8838B|8146M 4286M  701M 48.4G
16.1 12.6 6.51|   0    48k|4841B 2801B|7795M 4636M  701M 48.4G
13.4 12.3 6.60|5492k   55k| 195k  433k|7848M 4668M  662M 48.4G
14.4 12.6 6.91|   0    46k|4780B 1569B|7949M 4566M  662M 48.4G
15.3 13.0 7.22| 643k   45k|1299B 1495B|8094M 4380M  681M 48.4G
16.1 13.4 7.54|   0    41k|3984B  969B|7865M 4609M  681M 48.4G
16.4 13.8 7.83| 660k   50k|1414B 1444B|7776M 4656M  701M 48.4G
16.7 14.1 8.13|   0    44k|4412B 2839B|7913M 4519M  701M 48.4G
15.1 13.9 8.26|6030k   52k| 141k  309k|7890M 4614M  663M 48.4G
15.8 14.2 8.53|   0    52k|4573B 2545B|7982M 4521M  663M 48.4G
15.3 14.2 8.72| 643k   50k|1262B 1334B|7983M 4480M  681M 48.4G
15.8 14.4 8.97|   0    45k|4318B 1177B|8215M 4248M  681M 48.4G
15.4 14.5 9.16| 660k   45k|1170B 1375B|8163M 4256M  701M 48.5G
15.9 14.7 9.40|  47k   44k|4316B 1129B|3143M 9272M  702M 48.5G
13.1 14.0 9.35|6872k   54k| 223k  470k|8005M 4480M  663M 48.4G
14.6 14.3 9.59|   0    48k|4620B 2820B|7959M 4525M  663M 48.4G
15.4 14.5 9.81| 643k   47k|1503B 3067B|7869M 4573M  681M 48.5G
15.4 14.6 9.98|   0    56k|4801B 2548B|7969M 4473M  681M 48.5G
14.4 14.4 10.1| 660k   46k| 974B 1154B|7827M 4572M  701M 48.5G
14.2 14.4 10.2|  47k   51k|3803B  949B|3100M 9295M  702M 48.5G
13.5 14.1 10.2|6337k   54k| 198k  427k|8058M 4426M  663M 48.4G
14.8 14.4 10.4|   0    33k|3638B  901B|8144M 4340M  663M 48.4G
15.7 14.6 10.7| 643k   50k|1277B 1335B|7863M 4578M  682M 48.5G
16.1 14.8 10.8| 660k   47k|4036B 2582B|8047M 4352M  701M 48.5G
16.4 15.0 11.1|   0    49k|1536B 2034B|8047M 4351M  701M 48.5G
13.1 14.4 11.0|5501k   57k| 235k  497k|7816M 4720M  642M 48.4G
14.6 14.7 11.2| 705k   48k| 912B  914B|8015M 4466M  663M 48.4G
15.7 14.9 11.4| 643k   40k|3241B  926B|8216M 4225M  682M 48.5G
16.0 15.1 11.5|   0    47k|1005B 1241B|8064M 4376M  682M 48.5G
14.7 14.9 11.6| 660k   45k|3237B  758B|8068M 4329M  701M 48.5G
14.9 14.9 11.7|   0    46k| 900B  854B|7943M 4455M  701M 48.5G
12.5 14.3 11.6|5710k   51k| 117k  261k|7972M 4509M  663M 48.4G
13.2 14.3 11.7|   0    52k|1028B 1523B|8127M 4354M  663M 48.4G
14.7 14.6 11.8| 643k   49k|3551B 1996B|7963M 4477M  682M 48.5G
15.1 14.7 12.0|   0    48k| 955B 1012B|8114M 4326M  682M 48.5G
14.7 14.6 12.0| 660k   30k|2495B  548B|8070M 4328M  701M 48.5G
15.5 14.8 12.2|   0    47k| 996B  981B|8066M 4331M  701M 48.5G
14.1 14.5 12.2|6387k   57k| 240k  500k|8131M 4343M  663M 48.4G
15.5 14.8 12.3|   0    52k| 807B  772B|8237M 4236M  663M 48.4G
15.9 15.0 12.5| 643k   49k|3505B 4025B|8257M 4175M  682M 48.5G
16.2 15.2 12.6|   0    49k|1162B 1348B|8009M 4424M  682M 48.5G
16.6 15.4 12.8| 660k   49k|2275B  485B|8051M 4340M  701M 48.5G
16.9 15.6 12.9|   0    47k| 885B  845B|8306M 4085M  701M 48.5G
14.3 15.0 12.8|6027k   35k| 173k  371k|8081M 4378M  663M 48.5G
15.4 15.2 13.0|   0    53k| 995B  821B|7951M 4507M  663M 48.5G
16.0 15.4 13.1| 643k   46k|2612B 2656B|8012M 4405M  682M 48.5G
16.5 15.6 13.2|   0    49k|1003B 1386B|8124M 4294M  682M 48.5G
16.6 15.7 13.3| 660k   55k|2311B 2189B|8116M 4258M  701M 48.5G
15.5 15.5 13.4|  47k   49k|1275B 1685B|3296M 9073M  703M 48.5G
9.97 14.2 13.0|4952k   63k|  57k   73k|2560M 10.1G  554M 48.2G
6.77 13.0 12.6|2438k   65k|  28k   53k|2627M 10.0G  554M 48.2G
4.72 11.9 12.3|3697k   66k|  48k   64k|2573M 10.1G  554M 48.2G
3.45 10.9 11.9|2465k   75k|  25k   57k|2348M 10.3G  555M 48.2G
2.68 10.0 11.6|3631k   75k|  50k   56k|2576M 10.0G  554M 48.2G
2.14 9.18 11.3|3462k   65k|  27k   62k|2502M 10.1G  548M 48.2G
3.06 8.71 11.0|2638k   66k|  26k   55k|2735M 9.89G  554M 48.2G
2.92 8.14 10.8|6244k   43k| 136k  368k|2681M 9.93G  554M 48.2G
2.89 7.64 10.5|4965k   72k| 463k  283k|2687M 9.82G  566M 48.3G
2.64 7.14 10.3|2483k   59k|2316k 5367k|2512M 9.88G  553M 48.4G
2.29 6.62 10.0|2681k   63k|2436k   10M|2518M 9.93G  551M 48.4G
2.04 6.14 9.73|1846k   59k| 542k 5447k|2471M 10.2G  525M 48.2G
1.62 5.65 9.45|2347k   63k|7441k   10M|2708M 9895M  553M 48.4G
1.51 5.24 9.19|2678k   67k|1044k   10M|2709M 9938M  551M 48.4G
1.54 4.88 8.95| 531k   39k| 187k  147k|2871M 9.77G  526M 48.2G
1.53 4.55 8.71|   0    64k|3189B   14k|3053M 9822M  526M 48.2G
1.53 4.26 8.48|   0    60k|4041B  604B|3087M 9788M  526M 48.2G
1.53 4.00 8.25|2546k   63k|5004k   10M|2519M 9.80G  553M 48.5G
1.40 3.73 8.03| 461k   74k| 210k  161k|2877M 9968M  526M 48.2G
1.51 3.53 7.82|   0    60k|1767B 6792B|2979M 9867M  526M 48.2G
1.51 3.33 7.62|   0    62k|4127B  971B|2948M 9897M  526M 48.2G
1.50 3.16 7.42| 512k   63k| 120k  243k|2913M 9923M  526M 48.2G
1.49 3.00 7.24|   0    60k|4635B 4204B|3002M 9834M  526M 48.2G
1.50 2.85 7.05|   0    64k|1055B 1067B|3058M 9778M  526M 48.2G
1.51 2.72 6.87| 258k   60k|  98k  127k|2892M 9938M  526M 48.2G
1.51 2.60 6.70|   0    64k|1279B 1153B|2960M 9870M  526M 48.2G
1.50 2.50 6.53| 512k   46k| 153k  189k|2787M 9.80G  526M 48.3G
1.50 2.40 6.37|   0    62k|1938B 5376B|2876M 9945M  526M 48.3G
1.51 2.31 6.22|   0    72k|7004B   18k|2962M 9858M  526M 48.3G
1.44 2.22 6.06| 260k   56k| 128k  155k|2861M 9952M  526M 48.3G
1.46 2.15 5.91|   0    62k|5067B 3259B|3073M 9739M  526M 48.3G
1.39 2.07 5.77|   0    60k|1053B 1056B|3079M 9733M  526M 48.3G
1.35 2.00 5.62|2396k   84k|5391k 5682k|2819M 9956M  527M 48.3G
1.42 1.95 5.49|   0    60k|1189B 1313B|2970M 9804M  527M 48.3G
1.46 1.91 5.36|   0    58k|5449B 4518B|2924M 9850M  527M 48.3G
1.47 1.87 5.24| 258k   59k|  79k  164k|2721M 9.81G  527M 48.3G
1.47 1.83 5.12|   0    38k|5644B 5711B|2927M 9841M  527M 48.3G
1.49 1.80 5.00|   0    60k|1967B 4601B|2935M 9833M  527M 48.3G
2.51 2.01 4.97|3968k   74k| 235k  370k|3653M 8788M  605M 48.5G
2.11 1.96 4.86|   0    57k|2246B 5441B|3887M 8554M  605M 48.5G
1.88 1.92 4.75|   0    80k|5166B 3251B|3879M 8562M  605M 48.5G
1.66 1.86 4.64| 643k   43k|  78k  365k|2616M 9.89G  527M 48.3G
1.59 1.83 4.54|   0    63k|7518B   14k|2626M 9.88G  527M 48.3G
1.54 1.80 4.44|3642k   63k| 224k  216k|3671M 8747M  605M 48.6G
1.46 1.75 4.34|   0    62k|5723B 5080B|3620M 8797M  605M 48.6G
1.48 1.73 4.25|   0    63k|1784B 3384B|3883M 8533M  606M 48.6G
1.43 1.69 4.15| 488k   60k|  32k  256k|2482M 10.0G  524M 48.3G
1.52 1.69 4.07|1711k   66k|  98k   70k|2616M 9.86G  527M 48.4G
1.64 1.70 4.00|1176k   71k|  52k   45k|2626M 9.85G  527M 48.4G
2.43 1.93 4.00|2323k   67k|  76k   78k|2561M 9.93G  520M 48.3G
2.25 1.93 3.94|3309k   39k|  51k  184k|4402M 7990M  606M 48.6G
1.95 1.89 3.86|   0    68k|1812B 3626B|3864M 8527M  606M 48.6G
1.77 1.86 3.78|   0    65k|5293B   23k|4630M 7761M  606M 48.6G
1.58 1.80 3.70|5658k   61k| 465k  461k|3700M 8668M  606M 48.6G
1.48 1.76 3.63|   0    60k|5952B 6528B|3834M 8533M  606M 48.6G
1.48 1.73 3.56|   0    61k| 836B 1002B|3882M 8486M  606M 48.6G
1.48 1.71 3.49|   0    59k|5408B 1704B|4602M 7766M  606M 48.6G
1.49 1.69 3.42|3845k   57k| 272k  503k|3888M 8459M  606M 48.6G
1.55 1.69 3.37|   0    70k|  12k   13k|3898M 8448M  606M 48.6G
1.53 1.67 3.31|   0    55k|1952B 5815B|4279M 8068M  606M 48.6G
1.71 1.70 3.26| 388k   64k|  34k  277k|2633M 9.78G  527M 48.4G
1.71 1.70 3.21|4457k   63k| 227k  246k|3767M 8560M  606M 48.6G
1.56 1.66 3.15|   0    61k|5685B 4861B|3862M 8465M  606M 48.6G
1.58 1.66 3.10|   0    58k|2484B 7885B|4293M 8034M  606M 48.6G
1.55 1.65 3.05| 388k   63k|  73k  270k|2689M 9940M  527M 48.4G
1.48 1.62 2.99|3642k   58k| 153k  189k|3911M 8398M  606M 48.7G
1.49 1.61 2.94|   0    60k|5869B 4562B|3923M 8386M  606M 48.7G
1.48 1.60 2.90|   0    63k|1994B 5031B|4616M 7692M  606M 48.7G
1.49 1.59 2.85|1858k   65k|  42k  256k|2895M 9553M  571M 48.6G
1.49 1.58 2.81|   0    63k|2299B 7126B|2959M 9490M  571M 48.6G
1.50 1.57 2.76|   0    59k|5652B 4637B|3005M 9444M  571M 48.6G
1.50 1.56 2.72|  50k   41k|2503B   84k|2833M 9608M  572M 48.6G
1.49 1.56 2.68|  13k   61k|4336B   42k|2660M 9779M  573M 48.6G
1.50 1.55 2.64|6963B   64k|2719B 5619B|2591M 9847M  573M 48.6G
1.73 1.61 2.63|  42k   64k|5694B   50k|2617M 9817M  574M 48.6G
1.71 1.62 2.59|  16k   59k|2134B 4498B|3290M 9142M  574M 48.6G
1.48 1.57 2.55|2848k   59k| 122k  190k|2683M 9610M  604M 48.7G
1.49 1.57 2.51|  58k   63k|1828B 2427B|3915M 8373M  606M 48.7G
1.50 1.56 2.48|   0    68k|4280B 2658B|3919M 8368M  606M 48.7G
1.49 1.55 2.45|   0    56k|1996B 3663B|4607M 7679M  606M 48.7G
1.66 1.59 2.43|4000k   63k| 542k  417k|2598M 9992M  527M 48.5G
1.78 1.63 2.42|  22M   72k| 143k   77k|8160M 2738M 1151M 49.4G
1.67 1.62 2.39|  90M   57k|4667B 2855B|10.4G  780M 3818M 46.2G
6.55 2.83 2.77|  80k   44k|2425B 2899B|9362M 2382M 3820M 45.9G
5.50 2.98 2.82|3650k   57k| 201k  556k|3915M 14.7G  587M 42.3G
3.99 2.85 2.78|   0    61k|1518B 1862B|3852M 14.8G  587M 42.3G
2.94 2.70 2.73|   0    43k|4191B 1214B|4296M 14.3G  587M 42.3G
2.51 2.62 2.70|1858k   60k|  72k  271k|3227M 15.5G  552M 42.2G
2.05 2.50 2.66|   0    78k|4637B 3568B|2879M 15.9G  552M 42.2G
1.82 2.40 2.62|   0    54k|1545B 1837B|3072M 15.7G  552M 42.2G
1.76 2.33 2.59|   0    59k|3973B  793B|3009M 15.7G  552M 42.2G
1.60 2.23 2.55|  50k   60k|2852B   81k|2934M 15.8G  553M 42.2G
1.55 2.16 2.51|  13k   61k|4437B   42k|2661M 16.1G  554M 42.2G
1.59 2.11 2.48|  13k   57k|2173B   18k|2590M 16.1G  554M 42.2G
1.55 2.05 2.45|  45k   60k|5518B   33k|3133M 15.6G  555M 42.2G
1.60 2.01 2.43|   0    55k|1659B 4991B|2626M 16.1G  555M 42.2G
1.62 1.98 2.40|1770k   67k|  13k   50k|3392M 15.4G  552M 42.2G
2.17 2.07 2.42|   0    59k|1231B 1763B|2858M 15.9G  552M 42.2G
1.89 2.01 2.39|   0    68k|4537B 3214B|3072M 15.7G  552M 42.2G
2.15 2.07 2.39|  13k   60k|2541B   49k|2642M 16.1G  552M 42.2G
1.89 2.01 2.36|  50k   57k|5079B   90k|2624M 16.1G  554M 42.2G
1.73 1.96 2.33|   0    59k|1203B 2647B|2726M 16.0G  554M 42.2G
1.85 1.97 2.32|  13k   60k|4974B   20k|2746M 16.0G  554M 42.2G
1.72 1.92 2.29|  45k   60k|2266B   35k|2941M 15.8G  556M 42.2G
1.62 1.88 2.27|   0    62k|4952B 3954B|2718M 16.0G  556M 42.2G
1.65 1.86 2.25|  28M   60k|  69k   50k|8361M 8750M 1350M 43.3G
1.53 1.81 2.22|  82M   56k|4525B 1753B|8626M 3073M 3820M 45.9G
7.05 3.11 2.64|   0    37k|1314B 1460B|9338M 2362M 3821M 45.9G
6.44 3.40 2.75|1987k   68k|  69k  399k|3616M 15.1G  552M 42.2G
4.57 3.23 2.72|   0    59k|1250B 1644B|2947M 15.8G  552M 42.2G
3.37 3.07 2.68| 297k   63k|4725B 3391B|3056M 15.7G  552M 42.2G
2.63 2.92 2.64|   0    63k|1157B 1264B|3029M 15.7G  552M 42.2G
2.18 2.78 2.60|  50k   61k|6120B   99k|2916M 15.8G  554M 42.2G
1.98 2.67 2.57|  13k   60k|1560B   49k|2659M 16.0G  554M 42.2G
1.90 2.59 2.54|  13k   57k|5077B   21k|2586M 16.1G  554M 42.2G
1.73 2.48 2.51|  45k   59k|2188B   35k|3153M 15.5G  556M 42.2G
2.03 2.48 2.51|   0    61k|4803B 4223B|2698M 16.0G  556M 42.2G
1.97 2.42 2.49|5928k   56k|  54k   48k|7764M 10.5G  677M 42.6G
1.85 2.35 2.46|  88M   72k|5050B 5803B|10.1G 2457M 3329M 45.4G
6.09 3.27 2.76|  16M   48k|1241B 1314B|10.8G  634M 3821M 45.9G
8.21 4.12 3.06|3629k   56k|  53k  391k|2788M 15.7G  601M 42.4G
5.64 3.89 3.02|6868k   67k|1338k  359k|2818M 15.7G  601M 42.4G
4.35 3.74 2.99|9422k   59k| 453k  132k|8078M 10.2G  677M 42.6G
3.37 3.55 2.96| 101M   61k|1965B 4006B|10.8G  901M 3706M 45.8G
5.83 4.11 3.16|3917k   49k|5099B 5372B|10.3G 1563M 3820M 45.5G
7.42 4.72 3.40|1987k   37k|  19k  407k|3144M 16.0G  552M 41.8G
5.15 4.43 3.34|   0    64k|4140B 1555B|2873M 16.3G  552M 41.8G
3.71 4.15 3.28|   0    62k|1755B 2203B|3075M 16.1G  552M 41.8G
2.83 3.89 3.22|   0    71k|3743B  836B|3066M 16.1G  552M 41.8G
2.37 3.68 3.17|  50k   54k|2611B   91k|2911M 16.2G  554M 41.8G
1.96 3.45 3.11|  13k   60k|3946B   46k|2656M 16.5G  554M 41.8G
1.77 3.26 3.06|   0    60k|1654B 1861B|2692M 16.5G  554M 41.8G
1.86 3.14 3.02|  57k   58k|6201B   52k|2875M 16.3G  556M 41.8G
1.71 2.98 2.97|3140B   59k|1585B 2291B|2689M 16.5G  556M 41.8G
1.78 2.87 2.94|1732k   61k| 114k   50k|3195M 16.0G  552M 41.8G
1.67 2.74 2.89|   0    65k|1682B 2015B|3001M 16.2G  552M 41.8G
1.97 2.73 2.88|   0    63k|3712B 1266B|3072M 16.1G  552M 41.8G
1.79 2.61 2.84|   0    59k|2002B 3621B|3051M 16.1G  552M 41.8G
1.67 2.50 2.79|  50k   66k|4523B   87k|2935M 16.2G  554M 41.8G
1.59 2.40 2.75|  13k   60k|1981B   46k|2667M 16.5G  554M 41.8G
1.56 2.32 2.71|   0    58k|4045B 2753B|2608M 16.5G  554M 41.8G
1.73 2.29 2.69|  57k   60k|2524B   47k|3058M 16.1G  556M 41.8G
1.63 2.21 2.65|   0    42k|4447B 3301B|2601M 16.5G  556M 41.8G
1.51 2.12 2.60|4385k   64k| 503k  162k|2681M 16.6G  529M 41.7G
1.58 2.08 2.57|8467k   60k| 452k  134k|8015M 10.7G  679M 42.2G
1.67 2.05 2.55| 105M   61k|1947B 3402B|10.6G 1316M 3818M 45.5G
7.14 3.30 2.95|  80k   48k|3894B 1226B|9512M 2620M 3821M 45.5G
7.46 3.82 3.13|1990k   53k|  18k  404k|3404M 15.7G  552M 41.8G
5.04 3.58 3.07|   0    77k|4490B 3779B|2969M 16.2G  552M 41.8G
3.64 3.38 3.02|   0    57k|1892B 3387B|2997M 16.1G  552M 41.8G
2.85 3.21 2.98|   0    63k|3675B  640B|3046M 16.1G  552M 41.8G
2.33 3.05 2.93|  50k   62k|2295B   85k|2963M 16.2G  554M 41.8G
1.99 2.90 2.88|  13k   58k|4951B   47k|2689M 16.4G  554M 41.8G
1.79 2.76 2.84|  13k   61k|1705B   18k|2732M 16.4G  555M 41.8G
1.68 2.64 2.79|  45k   62k|5711B   38k|3242M 15.9G  556M 41.8G
1.62 2.53 2.75|   0    62k|1453B 1857B|2743M 16.4G  556M 41.8G
1.64 2.45 2.71|5166k   62k| 610k  194k|3031M 16.1G  553M 41.8G
1.59 2.35 2.67|   0    46k|2125B 5296B|2909M 16.2G  553M 41.8G
1.63 2.29 2.64|   0    76k|4772B 3734B|2943M 16.2G  553M 41.8G
1.58 2.21 2.60|   0    54k|2034B 2473B|3100M 16.0G  553M 41.8G
2.15 2.29 2.61|  50k   59k|4912B   87k|2961M 16.2G  554M 41.8G
1.88 2.21 2.58|  13k   58k|2169B   47k|2701M 16.4G  554M 41.8G
1.79 2.16 2.55|   0    61k|4043B 2013B|2729M 16.4G  554M 41.8G
1.80 2.12 2.52|  42k   60k|1751B   32k|2640M 16.5G  556M 41.8G
1.68 2.06 2.49|  16k   60k|4534B   17k|3353M 15.8G  556M 41.8G
1.54 1.99 2.45|1732k   60k|  99k   52k|2981M 16.1G  553M 41.8G
1.75 2.01 2.44|   0    65k|5749B 9245B|2907M 16.2G  553M 41.8G
1.65 1.96 2.41|   0    63k|1249B 1648B|3037M 16.1G  553M 41.8G
1.65 1.93 2.39|   0    68k|7393B 6502B|2971M 16.1G  553M 41.8G
1.65 1.90 2.36|  50k   58k|2212B   74k|2961M 16.2G  554M 41.8G
1.60 1.86 2.33|  13k   64k|4911B   40k|2689M 16.4G  555M 41.8G
1.55 1.83 2.31| 273B   60k|1297B 1827B|2739M 16.4G  555M 41.8G
1.60 1.81 2.28|  57k   63k|5692B   45k|3003M 16.1G  556M 41.8G
1.57 1.78 2.26|   0    62k|1214B 1343B|2737M 16.4G  556M 41.8G
1.61 1.77 2.24|1732k   61k|  21k   50k|3302M 15.8G  553M 41.8G
1.58 1.75 2.21|   0    65k|1614B 3323B|2912M 16.2G  553M 41.8G
1.89 1.81 2.21|   0    61k|7284B   15k|3092M 16.0G  553M 41.8G
1.87 1.81 2.20|   0    62k|1143B 1479B|3104M 16.0G  553M 41.8G
1.79 1.79 2.18|  50k   72k|5307B   86k|2961M 16.1G  554M 41.8G
1.68 1.77 2.16|  13k   55k|2365B   49k|2614M 16.5G  555M 41.8G
1.60 1.74 2.14|  13k   63k|4643B   17k|2719M 16.4G  555M 41.8G
1.62 1.73 2.12|  45k   62k|2100B   33k|3237M 15.9G  557M 41.8G
1.58 1.71 2.10|   0    62k|4280B 1432B|2745M 16.3G  557M 41.8G
1.82 1.74 2.09|7225k   66k| 513k  173k|2834M 16.1G  593M 42.0G
1.93 1.77 2.09|  54M   63k|  23k   13k|9177M 6411M 2225M 43.8G
4.21 2.27 2.24|  53M   37k|1345B 1463B|9237M 2852M 3821M 45.5G
7.89 3.40 2.62|6963B   49k|  11k  363k|7940M 4138M 3822M 45.5G
5.38 3.21 2.59|5414k   63k| 510k  181k|3445M 15.7G  553M 41.9G
4.01 3.08 2.56|   0    82k|3930B 1648B|2972M 16.1G  553M 41.9G
3.01 2.93 2.53|   0    51k|1577B 1770B|3104M 16.0G  553M 41.9G
2.42 2.79 2.49|   0    61k|3676B  606B|3100M 16.0G  553M 41.9G
2.06 2.67 2.46|  63k   60k|3146B  110k|2569M 16.5G  555M 41.9G
1.91 2.57 2.43|   0    61k|3963B 2153B|2731M 16.3G  555M 41.9G
1.76 2.47 2.40|  13k   60k|1845B   15k|2681M 16.4G  555M 41.9G
1.74 2.39 2.38|  45k   61k|4338B   27k|3158M 15.9G  557M 41.9G
1.64 2.30 2.35| 433k   64k|6166B   16k|2629M 16.6G  515M 41.8G
1.58 2.22 2.32|1299k   60k|8045B   34k|2915M 16.2G  553M 41.9G
2.18 2.29 2.33|   0    64k|1839B 3973B|3038M 16.1G  553M 41.9G
1.90 2.21 2.31|   0    69k|3682B 1043B|2939M 16.2G  553M 41.9G
1.73 2.14 2.28|  50k   61k|3355B   97k|2964M 16.1G  555M 41.9G
1.70 2.09 2.26|  13k   59k|4131B   47k|2590M 16.5G  555M 41.9G
1.63 2.04 2.23|   0    61k|3399B   12k|2750M 16.3G  555M 41.9G
1.52 1.97 2.20|  42k   62k|4516B   32k|2676M 16.4G  556M 41.9G
1.58 1.94 2.18|  16k   62k|1940B   18k|3280M 15.8G  557M 41.9G
1.47 1.88 2.16|1842k   62k|  11k  117k|2677M 16.5G  524M 41.8G
1.55 1.86 2.14|  40M   61k|  52k   39k|8951M 7698M 1729M 43.3G
2.86 2.11 2.21|  70M   36k|4174B 1303B|9933M 2131M 3822M 45.6G
8.23 3.48 2.66|   0    50k|1668B 1971B|8778M 3285M 3822M 45.6G
6.00 3.42 2.67|  12M   77k| 545k  880k|2944M 15.5G  716M 42.3G
10.2 4.70 3.12|2447k   42k|2508B 2885B|3824M 14.5G  788M 42.4G
13.0 5.91 3.57|   0    46k|3649B  765B|3692M 14.6G  788M 42.4G
13.7 6.72 3.92|   0    43k|2318B 2508B|5223M 13.1G  788M 42.4G
12.0 6.99 4.10|   0    45k|3592B  767B|4405M 13.9G  788M 42.4G
13.0 7.67 4.41|   0    42k|1352B 1513B|4210M 14.1G  788M 42.4G
14.8 8.60 4.83|   0    27k|3749B  750B|3731M 14.6G  788M 42.4G
15.5 9.37 5.20|   0    44k|1408B 1548B|3821M 14.5G  788M 42.4G
15.2 9.88 5.51|   0    45k|3772B 1040B|4041M 14.3G  788M 42.4G
15.9 10.6 5.87|   0    45k|1524B 1690B|5246M 13.1G  788M 42.4G
16.2 11.1 6.21|   0    53k|3517B  964B|4115M 14.2G  788M 42.4G
15.3 11.4 6.47|   0    44k|4483B   16k|3738M 14.6G  788M 42.4G
15.8 11.9 6.79|   0    43k|4249B 2533B|3770M 14.5G  788M 42.4G
15.2 12.1 7.03|   0    28k|1586B 1631B|3758M 14.5G  788M 42.4G
15.8 12.6 7.34|   0    45k|4093B 2749B|4212M 14.1G  788M 42.4G
16.2 13.0 7.64|   0    44k|3611B   13k|5262M 13.1G  788M 42.4G
16.5 13.4 7.94|   0    45k|4974B 4513B|4691M 13.6G  788M 42.4G
16.6 13.7 8.22|   0    46k|1326B 1425B|4096M 14.2G  788M 42.4G
14.4 13.5 8.34|7012k   50k|  11k 1303k|2983M 15.5G  692M 42.3G
15.4 13.8 8.61|3266k   49k|2738B 3354B|3936M 14.3G  788M 42.4G
16.2 14.2 8.89|   0    46k|4227B 1124B|3884M 14.4G  788M 42.4G
15.4 14.2 9.06|   0    49k|1376B 1356B|4038M 14.2G  788M 42.4G
14.7 14.1 9.22|   0    43k|4058B  925B|3769M 14.5G  788M 42.4G
12.8 13.8 9.25|   0    27k|1268B 1365B|4721M 13.6G  788M 42.4G
14.3 14.1 9.49|   0    44k|4135B  936B|3650M 14.6G  788M 42.4G
15.3 14.3 9.71|   0    41k|1389B 1369B|4121M 14.2G  788M 42.4G
14.5 14.2 9.81|   0    45k|3753B  932B|3837M 14.4G  788M 42.4G
15.4 14.4 10.0|   0    44k|1541B 2955B|3992M 14.3G  788M 42.4G
15.9 14.6 10.2|   0    39k|4882B 7348B|3983M 14.3G  788M 42.4G
15.4 14.6 10.4|   0    43k|2918B 9031B|3814M 14.5G  788M 42.4G
12.8 14.1 10.3|  10M   51k| 265k 1059k|3419M 14.8G  783M 42.4G
13.2 14.0 10.4| 172k   57k|1211B 1451B|4815M 13.5G  788M 42.5G
13.3 14.0 10.6|   0    47k|4757B 4088B|3905M 14.3G  788M 42.5G
11.0 13.4 10.4|   0    43k|2108B 4887B|3817M 14.4G  788M 42.5G
13.2 13.7 10.7|   0    26k|4112B  888B|3863M 14.4G  788M 42.5G
14.5 14.0 10.8|   0    48k|1289B 1412B|5214M 13.1G  788M 42.5G
15.4 14.2 11.0|   0    41k|4112B  870B|4037M 14.2G  788M 42.5G
14.7 14.2 11.1|   0    46k|1260B 1432B|5008M 13.3G  788M 42.5G
15.2 14.3 11.2|   0    45k|4091B  875B|4824M 13.4G  788M 42.5G
15.9 14.6 11.4|   0    44k|1625B 1764B|4477M 13.8G  788M 42.5G
16.4 14.8 11.6|   0    45k|3825B 1220B|4281M 14.0G  788M 42.5G
15.4 14.7 11.7|   0    50k|1240B 1325B|4501M 13.8G  788M 42.5G
14.9 14.7 11.8|   0    27k|4418B 3078B|4007M 14.2G  788M 42.5G
15.9 15.0 12.0|   0    44k|1489B 1364B|4357M 13.9G  788M 42.5G
15.4 14.9 12.1|   0    44k|3581B  961B|4739M 13.5G  788M 42.5G
16.0 15.1 12.2|   0    44k|1373B 1375B|4108M 14.1G  788M 42.5G
13.2 14.6 12.1|   0    44k|4189B 2610B|4023M 14.2G  788M 42.5G
14.6 14.8 12.3|   0    41k|2578B 8419B|4360M 13.9G  788M 42.5G
12.3 14.2 12.2|6461k   54k|  14k 1546k|2923M 15.6G  655M 42.3G
13.0 14.2 12.2|4529k   47k|3998B  285k|4119M 14.1G  788M 42.5G
14.4 14.4 12.4|   0    46k|4199B 1179B|3880M 14.3G  788M 42.5G
15.3 14.7 12.5|   0    53k|1418B 1653B|4155M 14.1G  788M 42.5G
15.8 14.8 12.6|   0    42k|4345B 1050B|5103M 13.1G  789M 42.5G
16.1 15.0 12.8|   0    41k|1124B 1219B|5254M 13.0G  789M 42.5G
16.5 15.2 12.9|   0    45k|4267B 1017B|4800M 13.4G  789M 42.5G
16.6 15.3 13.0|   0    27k|1285B 1304B|4952M 13.3G  789M 42.5G
14.6 15.0 13.0|   0    44k|4252B 1004B|4506M 13.7G  789M 42.5G
14.8 15.0 13.0|   0    44k|1296B 1253B|5156M 13.1G  789M 42.5G
11.6 14.2 12.8|   0    41k|4039B 1004B|3949M 14.3G  789M 42.5G
12.8 14.2 12.9|   0    45k|1639B 3393B|3857M 14.3G  789M 42.5G
12.3 14.0 12.8|   0    44k|6016B   12k|3728M 14.5G  789M 42.5G
13.3 14.1 12.9|   0    49k|2670B 7853B|4234M 14.0G  789M 42.5G
13.6 14.1 12.9|   0    45k|4085B  903B|3919M 14.3G  789M 42.5G
13.5 14.0 13.0|   0    43k|1293B 1534B|3980M 14.2G  789M 42.5G
12.7 13.7 12.9|   0    43k|4111B  980B|3867M 14.3G  789M 42.5G
13.3 13.7 12.9|   0    29k|1332B 1371B|5135M 13.1G  789M 42.5G
11.4 13.3 12.8|  10M   51k|  14k 1449k|3203M 15.0G  783M 42.5G
13.5 13.6 12.9| 175k   47k|1858B 2029B|4536M 13.6G  789M 42.5G
12.8 13.4 12.9|   0    43k|4172B  973B|5103M 13.1G  789M 42.5G
12.7 13.4 12.9|   0    41k|1652B 1899B|3908M 14.3G  789M 42.5G
11.3 12.9 12.8|   0    40k|3840B 1183B|3833M 14.3G  789M 42.5G
10.5 12.6 12.7|   0    52k|1157B 1262B|3867M 14.3G  789M 42.5G
12.1 12.7 12.7|   0    43k|3840B 1004B|3872M 14.3G  789M 42.5G
12.0 12.7 12.7|   0    43k|1329B 1352B|4233M 13.9G  789M 42.5G
12.0 12.6 12.7|   0    45k|3694B  818B|4183M 14.0G  789M 42.5G
12.4 12.7 12.7|   0    39k|1430B 1472B|5001M 13.2G  789M 42.5G
13.5 12.9 12.8|   0    41k|3643B  841B|4057M 14.1G  789M 42.5G
11.4 12.4 12.6|   0    42k|1440B 1436B|3848M 14.3G  789M 42.5G
13.8 12.9 12.8|   0    25k|3599B  843B|5083M 13.1G  789M 42.5G
13.8 13.0 12.8|   0    45k|1513B 1891B|3794M 14.4G  789M 42.5G
15.2 13.5 13.0|   0    40k|5688B   11k|3876M 14.3G  789M 42.5G
15.5 13.7 13.1|   0    53k|3692B   13k|3970M 14.2G  789M 42.5G
15.0 13.7 13.1|   0    41k|4116B  970B|4247M 13.9G  789M 42.5G
14.5 13.8 13.1|   0    46k|1565B 1591B|5105M 13.1G  789M 42.5G
12.3 13.3 13.0|2664k   50k|  75k 1601k|2527M 16.5G  504M 41.9G
12.6 13.2 13.0|  10M   55k|  13k  193k|3648M 14.5G  789M 42.6G
13.0 13.3 13.0|   0    45k| 326B  312B|4133M 14.0G  789M 42.6G
12.3 13.1 13.0|   0    41k|5001B 1758B|4647M 13.5G  789M 42.6G
12.4 13.0 12.9|   0    42k| 702B  764B|3769M 14.4G  789M 42.6G
13.0 13.1 13.0|   0    40k|5270B 2201B|4928M 13.2G  789M 42.6G
13.5 13.2 13.0|   0    45k| 678B  920B|3846M 14.3G  789M 42.6G
13.8 13.3 13.1|   0    38k|4689B 1539B|4086M 14.0G  789M 42.6G
15.2 13.7 13.2|   0    39k| 831B  673B|4850M 13.3G  789M 42.6G
15.7 14.0 13.3|   0    43k|4308B 1541B|3839M 14.3G  789M 42.6G
14.0 13.8 13.2|   0    40k| 887B  680B|4788M 13.4G  789M 42.6G
12.9 13.6 13.2|   0    43k|4304B 1521B|3845M 14.3G  789M 42.6G
12.4 13.4 13.1|7543B   44k| 707B  821B|3400M 14.7G  789M 42.6G
12.0 13.1 13.1|  11M   57k|  15k  909k|5016M 13.1G  789M 42.6G
12.3 13.1 13.1|2150B   44k| 835B  715B|3745M 14.4G  789M 42.6G
14.4 13.5 13.2|   0    30k|4726B 2075B|4004M 14.1G  789M 42.6G
12.2 13.1 13.1|   0    45k| 735B  965B|4126M 14.0G  789M 42.6G
12.5 13.1 13.1|   0    54k|6202B 9817B|4864M 13.3G  789M 42.6G
12.2 13.0 13.0|   0    38k|2247B 9336B|3821M 14.3G  789M 42.6G
14.1 13.3 13.2|   0    44k|5995B 8404B|4008M 14.1G  789M 42.6G
13.5 13.2 13.1|   0    41k| 862B  813B|4118M 14.0G  789M 42.6G
13.6 13.3 13.2|   0    43k|5123B 1822B|5130M 13.0G  789M 42.6G
14.8 13.7 13.3|   0    43k| 706B  806B|4055M 14.1G  789M 42.6G
15.5 13.9 13.4|   0    41k|4800B 1642B|4514M 13.6G  789M 42.6G
15.1 14.0 13.4|   0    46k| 692B  804B|3883M 14.2G  789M 42.6G
11.6 13.2 13.2|  12M   57k| 158k 1031k|3819M 14.3G  789M 42.6G
11.5 13.1 13.1|2150B   43k| 977B 1334B|5019M 13.1G  789M 42.6G
13.1 13.3 13.2|   0    42k|4887B 1501B|4954M 13.2G  789M 42.6G
12.3 13.1 13.2|   0    36k| 838B  876B|5025M 13.1G  789M 42.6G
13.5 13.3 13.2|   0    44k|4789B 1750B|3837M 14.2G  789M 42.6G
13.9 13.4 13.3|   0    43k| 924B  885B|3941M 14.1G  789M 42.6G
14.1 13.5 13.3|   0    41k|4455B 1533B|4993M 13.1G  789M 42.6G
15.1 13.8 13.4|   0    43k| 924B  819B|3804M 14.3G  789M 42.6G
12.9 13.5 13.3|   0    43k|4278B 1481B|4133M 14.0G  789M 42.6G
13.7 13.6 13.3|   0    42k|1072B  865B|4919M 13.2G  789M 42.6G
12.8 13.4 13.3|   0    40k|4688B 1924B|4104M 14.0G  789M 42.6G
13.3 13.5 13.3|   0    27k|1212B 3098B|4124M 14.0G  789M 42.6G
9.95 12.6 13.0|  11M   63k|  23k 1074k|4322M 13.7G  789M 42.6G
11.7 12.8 13.1|2150B   45k|1326B 4107B|4081M 14.0G  789M 42.6G
13.7 13.2 13.2|   0    43k|4776B 1398B|4158M 13.9G  789M 42.6G
14.1 13.3 13.2|   0    42k|1391B 4233B|4291M 13.8G  789M 42.6G
14.3 13.4 13.3|   0    44k|4910B 1854B|4091M 14.0G  789M 42.6G
15.6 13.8 13.4|   0    41k| 692B  804B|4115M 13.9G  789M 42.6G
16.1 14.1 13.5|   0    41k|4679B 1524B|3754M 14.3G  789M 42.6G
15.3 14.1 13.5|   0    43k| 913B  888B|4938M 13.1G  789M 42.6G
14.7 14.0 13.5|   0    45k|4713B 1959B|5133M 13.0G  789M 42.6G
14.4 14.0 13.6|   0    30k| 950B 1029B|3786M 14.3G  789M 42.6G
15.3 14.3 13.7|   0    53k|4625B 1467B|3770M 14.3G  789M 42.6G
13.3 13.9 13.5|   0    42k| 953B  892B|3880M 14.2G  789M 42.6G
14.5 14.1 13.6|   0    44k|5403B 8258B|3860M 14.2G  789M 42.6G
14.2 14.1 13.6|   0    43k|2027B 6703B|3886M 14.2G  789M 42.6G
14.6 14.2 13.7|   0    44k|4577B 1525B|4167M 13.9G  789M 42.6G
15.5 14.4 13.8|   0    39k| 744B  864B|3889M 14.2G  789M 42.6G
15.9 14.6 13.9|   0    42k|4424B 1675B|3903M 14.2G  789M 42.6G
15.9 14.7 13.9|   0    42k| 919B  873B|5018M 13.1G  789M 42.6G
12.4 14.0 13.7|  10M   50k|  10k 1439k|4080M 14.0G  789M 42.7G
13.2 14.0 13.7|2150B   31k| 929B 1116B|4921M 13.1G  789M 42.7G
11.8 13.6 13.6|   0    57k|4413B 1722B|3723M 14.3G  789M 42.7G
13.8 13.9 13.7|   0    41k| 902B  823B|3838M 14.2G  789M 42.7G
14.9 14.2 13.8|   0    41k|4564B 1635B|4065M 14.0G  789M 42.7G
15.6 14.4 13.9|   0    44k| 713B  828B|4893M 13.2G  789M 42.7G
16.0 14.6 14.0|   0    45k|6248B   12k|5137M 12.9G  789M 42.7G
16.3 14.8 14.1|   0    44k|1449B 4325B|4688M 13.4G  789M 42.7G
14.4 14.6 14.0|   0    39k|3722B  593B|3931M 14.1G  789M 42.7G
15.2 14.8 14.1|   0    27k|1564B 1746B|3811M 14.2G  789M 42.7G
15.0 14.7 14.1|   0    42k|3926B 1140B|3879M 14.1G  789M 42.7G
14.8 14.7 14.1|   0    42k|1725B 2019B|4153M 13.9G  789M 42.7G
15.5 14.9 14.2|   0    52k|3652B  750B|5019M 13.0G  789M 42.7G
14.0 14.6 14.1|   0    41k|1542B 1751B|3805M 14.2G  789M 42.7G
14.4 14.6 14.2|   0    45k|4046B 2302B|5010M 13.0G  789M 42.7G
13.1 14.3 14.1|   0    44k|1995B 3440B|3466M 14.5G  789M 42.7G
14.1 14.5 14.1|   0    27k|3745B  584B|3872M 14.2G  789M 42.7G
14.9 14.6 14.2|   0    44k|1540B 1768B|4174M 13.9G  789M 42.7G
13.3 14.2 14.1|  12M   54k|  29k 1485k|4160M 13.8G  789M 42.7G
13.1 14.1 14.0|2150B   45k|1502B 1557B|4090M 13.9G  789M 42.7G
11.9 13.7 13.9| 137B   44k|4289B 1216B|3945M 14.0G  789M 42.7G
13.0 13.8 13.9|   0    43k|1475B 1768B|4705M 13.3G  789M 42.7G
12.8 13.6 13.9|   0    50k|4233B 1272B|3800M 14.2G  789M 42.7G
10.9 13.0 13.6|   0    41k|1534B 1576B|4144M 13.9G  789M 42.7G
12.2 13.1 13.7|   0    41k|4046B  795B|4959M 13.1G  789M 42.7G
12.9 13.2 13.7|   0    25k|1502B 1451B|5087M 12.9G  789M 42.7G
13.4 13.3 13.7|   0    45k|4162B  814B|3727M 14.3G  789M 42.7G
13.7 13.4 13.7|   0    43k|1333B 1478B|4104M 13.9G  789M 42.7G
14.9 13.7 13.8|   0    43k|3914B  795B|4996M 13.0G  789M 42.7G
15.7 14.0 13.9|   0    41k|1681B 3416B|3965M 14.0G  789M 42.7G
16.0 14.3 14.0|   0    43k|4182B 3002B|3781M 14.2G  789M 42.7G
14.0 13.9 13.9|   0    43k|1474B 1643B|3826M 14.2G  789M 42.7G
14.2 14.0 13.9|   0    53k|3674B  846B|4737M 13.3G  789M 42.7G
15.4 14.3 14.0|   0    43k|9561B   21k|3991M 14.0G  789M 42.7G
14.9 14.3 14.0|   0    41k|4447B 2715B|4127M 13.9G  789M 42.7G
15.6 14.5 14.1|   0    41k|1482B 1508B|4230M 13.8G  789M 42.7G
13.4 14.0 14.0|  10M   49k| 217k 1351k|4611M 13.4G  789M 42.7G
14.5 14.2 14.0|2150B   47k|1469B 1555B|4893M 13.1G  789M 42.7G
14.5 14.2 14.0|   0    44k|4149B  908B|5000M 13.0G  789M 42.7G
13.7 14.0 14.0|   0    42k|1272B 1284B|4721M 13.3G  789M 42.7G
14.2 14.1 14.0|   0    40k|4388B 1403B|5022M 13.0G  789M 42.7G
14.3 14.1 14.0|   0    43k|1312B 1538B|4125M 13.8G  789M 42.7G
14.7 14.2 14.0|   0    47k|4192B 1200B|4125M 13.8G  789M 42.7G
14.6 14.2 14.0|   0    44k|1137B 1308B|3867M 14.1G  789M 42.7G
13.4 13.9 13.9|   0    28k|4217B 1031B|5085M 12.9G  789M 42.7G
14.7 14.2 14.1|   0    44k|1251B 1253B|3934M 14.0G  789M 42.7G
15.7 14.5 14.2|   0    42k|3684B 1019B|5087M 12.9G  789M 42.7G
15.8 14.6 14.2|   0    44k|1275B 1293B|3833M 14.1G  789M 42.7G
14.2 14.4 14.1|   0    44k|3951B  986B|4838M 13.1G  789M 42.7G
13.0 14.1 14.0|   0    43k|1163B 1284B|4068M 13.9G  790M 42.7G
13.7 14.1 14.1|   0    43k|4016B 1412B|4034M 13.9G  790M 42.7G
14.0 14.1 14.1|   0    43k|1267B 1455B|4203M 13.8G  790M 42.7G
14.4 14.2 14.1|   0    51k|4491B 4841B|4119M 13.8G  790M 42.7G
14.4 14.2 14.1|   0    41k|2903B   10k|5217M 12.8G  790M 42.7G
10.2 13.2 13.8|3212k   59k| 119k 1209k|2917M 15.8G  555M 42.3G
6.83 12.1 13.4|   0    65k|1261B 1659B|2992M 15.7G  555M 42.3G
4.74 11.1 13.0|   0    58k|4448B 1376B|3169M 15.5G  555M 42.3G
3.45 10.2 12.6|  50k   61k|2057B   85k|2968M 15.7G  556M 42.3G
2.67 9.34 12.3|  13k   59k|4571B   43k|2676M 16.0G  557M 42.3G
2.37 8.63 11.9|   0    61k|1401B 2963B|2749M 15.9G  557M 42.3G
2.03 7.95 11.6|  13k   61k|4821B   17k|2677M 16.0G  557M 42.3G
1.82 7.33 11.3|  45k   59k|1826B   31k|3045M 15.6G  558M 42.3G
1.69 6.77 11.0|   0    43k|4370B 1503B|2830M 15.8G  558M 42.3G
4.81 7.02 10.9|  10M   66k| 213k  303k|3965M 14.0G  790M 42.8G
9.46 7.95 11.1|2150B   52k|4152B 1223B|4786M 13.1G  790M 42.8G
8.49 7.84 11.0|   0    45k|1192B 1177B|4200M 13.7G  790M 42.8G
11.7 8.69 11.2|   0    45k|4238B 1435B|3841M 14.1G  790M 42.8G
13.9 9.51 11.3|   0    46k|1142B 1147B|4993M 12.9G  790M 42.8G
13.6 9.82 11.4|  57k   44k|4052B 1152B|5161M 12.8G  790M 42.8G
14.8 10.5 11.6|  29k   49k|1069B 1143B|3879M 14.0G  790M 42.8G
14.8 10.9 11.7|   0    31k|4159B 1544B|5117M 12.8G  790M 42.8G
14.7 11.2 11.7|   0    43k|1903B 5696B|3868M 14.0G  790M 42.8G
14.6 11.5 11.8|   0    45k|5106B 5865B|4251M 13.7G  790M 42.8G
15.1 11.9 12.0|   0    53k| 750B  712B|4995M 12.9G  790M 42.8G
14.9 12.2 12.0|   0    43k|6693B   12k|4120M 13.8G  790M 42.8G
15.7 12.7 12.2|   0    45k|2294B 7985B|4227M 13.7G  790M 42.8G
15.3 12.8 12.3|   0    24k|4726B 1658B|4040M 13.9G  790M 42.8G
16.0 13.2 12.4|   0    42k| 558B  648B|3721M 14.2G  790M 42.8G
16.2 13.5 12.6|   0    46k|4967B 1831B|5183M 12.8G  790M 42.8G
13.8 13.1 12.4|   0    42k| 703B  637B|3775M 14.1G  790M 42.8G
14.9 13.5 12.6|   0    44k|5105B 2298B|5193M 12.7G  790M 42.8G
12.8 13.1 12.5|  10M   52k|8870B 1423k|5134M 12.8G  790M 42.8G
13.5 13.2 12.5|2150B   43k|4761B 1931B|3811M 14.1G  790M 42.8G
12.8 13.1 12.5|   0    48k| 693B  648B|3937M 13.9G  790M 42.8G
14.3 13.4 12.7|   0    46k|4744B 1654B|4030M 13.9G  790M 42.8G
15.3 13.8 12.8|   0    44k| 826B  657B|3867M 14.0G  790M 42.8G
15.8 14.0 12.9|   0    41k|4200B 1659B|3926M 14.0G  790M 42.8G
16.2 14.3 13.0|   0    28k| 772B  657B|5159M 12.8G  790M 42.8G
15.4 14.3 13.1|   0    43k|4234B 1641B|5028M 12.9G  790M 42.8G
15.9 14.5 13.2|   0    44k| 609B  648B|3788M 14.1G  790M 42.8G
15.1 14.4 13.2|   0    42k|4861B 3543B|4176M 13.7G  790M 42.8G
15.8 14.7 13.3|   0    45k| 904B 2492B|3928M 14.0G  790M 42.8G
14.5 14.4 13.3|   0    43k|4969B 4864B|3886M 14.0G  790M 42.8G
13.5 14.2 13.2|   0    51k|1100B 2451B|3825M 14.1G  790M 42.8G
13.7 14.2 13.3|   0    42k|5419B 6487B|4763M 13.1G  790M 42.8G
13.8 14.2 13.3|   0    44k|1245B 3545B|5130M 12.8G  790M 42.8G
15.0 14.4 13.4|   0    26k|4158B 1369B|4006M 13.9G  790M 42.8G
12.5 13.9 13.3|   0    45k| 852B  722B|4932M 13.0G  790M 42.8G
14.4 14.2 13.4|   0    45k|4649B 1676B|3905M 14.0G  790M 42.8G
9.51 13.1 13.0|  19M   61k|  77k 1149k|7989M 9690M 1043M 43.1G
6.66 12.1 12.7|  93M   61k|4850B 1960B|7693M 3900M 3823M 46.0G
10.6 12.5 12.8|  33k   47k| 954B 1197B|9285M 2305M 3824M 46.0G
10.2 12.2 12.7|  10M   60k|  21k  618k|4252M 13.6G  790M 42.9G
10.7 12.1 12.7|2150B   53k| 816B  855B|3817M 14.0G  790M 42.9G
13.3 12.6 12.8|   0    41k|4754B 1661B|4890M 13.0G  790M 42.9G
12.8 12.6 12.8|   0    43k| 699B  672B|4740M 13.1G  790M 42.9G
13.2 12.7 12.8|   0    44k|4675B 1857B|3919M 13.9G  790M 42.9G
13.3 12.9 12.9|   0    41k| 649B  676B|4187M 13.7G  790M 42.9G
13.1 12.9 12.9|   0    30k|4625B 1518B|4191M 13.7G  790M 42.9G
14.7 13.3 13.0|   0    45k| 896B  681B|4215M 13.6G  790M 42.9G
14.6 13.4 13.1|   0    45k|4602B 1851B|3898M 13.9G  790M 42.9G
14.4 13.5 13.1|   0    41k| 635B  867B|5284M 12.6G  790M 42.9G
14.2 13.5 13.2|   0    47k|5342B 6048B|3895M 13.9G  790M 42.9G
15.2 13.8 13.3|   0    54k| 598B  692B|4188M 13.7G  790M 42.9G
14.6 13.9 13.3|   0    43k|4611B 1679B|4755M 13.1G  790M 42.9G
14.1 13.8 13.3|   0    30k|1420B 4059B|3985M 13.9G  790M 42.9G
15.1 14.0 13.4|   0    45k|6109B   10k|4203M 13.6G  790M 42.9G
14.8 14.0 13.4|   0    41k|1323B 3914B|4190M 13.7G  790M 42.9G
14.8 14.1 13.4|   0    43k|4661B 1683B|5372M 12.5G  790M 42.9G
13.8 13.9 13.4|   0    44k| 626B  624B|4264M 13.6G  790M 42.9G
12.7 13.5 13.3|  11M   52k|  18k 1591k|5018M 12.8G  790M 42.9G
12.0 13.3 13.2|2150B   44k| 692B  884B|4327M 13.5G  790M 42.9G
12.6 13.4 13.3|   0    44k|4720B 1614B|3724M 14.1G  790M 42.9G
12.6 13.3 13.2|   0    50k| 771B  884B|3831M 14.0G  790M 42.9G
14.3 13.6 13.3|   0    43k|4785B 1692B|4584M 13.2G  790M 42.9G
14.1 13.7 13.4|   0    41k| 913B  785B|3674M 14.1G  790M 42.9G
14.2 13.7 13.4|   0    46k|4489B 1448B|4464M 13.3G  790M 42.9G
14.3 13.8 13.4|   0    44k| 892B  824B|3737M 14.1G  790M 42.9G
15.2 14.1 13.5|   0    41k|4380B 1418B|4732M 13.1G  790M 42.9G
15.2 14.1 13.6|   0    44k| 889B  864B|3789M 14.0G  790M 42.9G
15.7 14.4 13.7|   0    28k|8544B   22k|3847M 14.0G  790M 42.9G
15.9 14.5 13.8|   0    43k|1185B 2827B|4161M 13.6G  790M 42.9G
12.4 13.8 13.5|  13M   63k| 259k 1132k|4168M 13.6G  790M 42.9G
14.1 14.1 13.6|2150B   56k|2061B 1810B|4665M 13.1G  790M 42.9G
14.7 14.2 13.7|   0    56k|4772B 1372B|4243M 13.5G  790M 42.9G
15.8 14.5 13.8|  44k  101k|1453B 1393B|4057M 13.7G  791M 42.9G
16.1 14.7 13.9|   0    45k|4959B 1528B|4684M 13.1G  791M 42.9G
15.2 14.7 13.9|   0    39k|1266B 1300B|5014M 12.8G  791M 42.9G
15.6 14.8 14.0|   0    27k|4639B  982B|3815M 14.0G  791M 42.9G
15.4 14.8 14.0|   0    45k|1137B 1320B|3944M 13.8G  791M 42.9G
14.1 14.6 13.9|   0    44k|4695B 1245B|4258M 13.5G  791M 42.9G
14.1 14.6 14.0|   0    43k|1159B 1550B|4107M 13.7G  791M 42.9G
14.4 14.6 14.0|   0    42k|4280B 1022B|3903M 13.9G  791M 42.9G
14.0 14.5 14.0|   0    47k|1365B 1478B|4819M 13.0G  791M 42.9G
13.8 14.4 14.0|   0    44k|4048B 2750B|3785M 14.0G  791M 42.9G
14.6 14.5 14.0|   0    46k|1369B 1305B|4219M 13.6G  791M 42.9G
14.4 14.5 14.0|   0    44k|4109B 3039B|4262M 13.5G  791M 42.9G
14.3 14.5 14.1|   0    39k|1894B 4418B|4673M 13.1G  791M 42.9G
13.8 14.3 14.0|   0    43k|3804B 1074B|3651M 14.1G  791M 42.9G
13.8 14.3 14.0|   0    44k|1168B 1257B|3803M 14.0G  791M 42.9G
11.2 13.6 13.8|  11M   56k|  19k 1570k|4612M 13.1G  791M 43.0G
11.4 13.4 13.7|2150B   42k|1165B 1312B|3957M 13.8G  791M 43.0G
13.1 13.6 13.8|   0    44k|3874B 1100B|3971M 13.8G  791M 43.0G
12.3 13.4 13.7|   0    53k|1146B 1134B|5227M 12.5G  791M 43.0G
14.2 13.8 13.8|   0    42k|4204B 1401B|4091M 13.7G  791M 43.0G
15.2 14.1 13.9|   0    30k| 977B 1136B|5053M 12.7G  791M 43.0G
15.8 14.3 14.0|   0    45k|4011B 1102B|4184M 13.6G  791M 43.0G
15.3 14.3 14.0|   0    43k|1033B 1128B|5153M 12.6G  791M 43.0G
15.9 14.6 14.1|   0    40k|3988B 1099B|4206M 13.5G  791M 43.0G
16.1 14.8 14.2|   0    48k| 977B 1110B|3589M 14.1G  791M 43.0G
15.6 14.7 14.2|   0    42k|3788B 1138B|4187M 13.6G  791M 43.0G
14.0 14.4 14.1|   0    43k|1167B 1385B|4231M 13.5G  791M 43.0G
14.4 14.4 14.1|   0    46k|3607B 1037B|3857M 13.9G  791M 43.0G
14.1 14.4 14.1|   0    53k|1341B 1648B|4642M 13.1G  791M 43.0G
15.1 14.6 14.2|   0    30k|3840B 3047B|4114M 13.6G  791M 43.0G
15.9 14.8 14.3|   0    43k|1164B 1244B|4057M 13.7G  791M 43.0G
15.9 14.9 14.3|   0    43k|4705B 5642B|3852M 13.9G  791M 43.0G
15.2 14.9 14.4| 767k   43k|4831B 1077k|2652M 16.0G  504M 42.3G
10.6 13.8 14.0|4116k   67k|1226k  207k|4889M 13.4G  600M 42.6G
7.14 12.7 13.6|3257k   68k|1371k  430k|4914M 13.3G  600M 42.7G
5.22 11.7 13.3|3911k   70k|  40k  432k|2982M 15.3G  592M 42.7G
3.75 10.7 12.9| 271k   68k|9524B   92k|5083M 13.2G  600M 42.7G
2.86 9.83 12.5|3261k   69k| 841k  393k|4997M 13.2G  600M 42.7G
2.33 9.04 12.2|3257k   75k| 792k  406k|4915M 13.3G  600M 42.7G
2.01 8.31 11.8|2990k   67k|5628B  315k|3096M 15.1G  592M 42.7G
1.86 7.68 11.5| 267k   48k|1143k   97k|5780M 12.4G  600M 42.8G
3.05 7.37 11.3|  11M   61k| 202k  563k|5039M 12.5G  791M 43.2G
8.43 8.26 11.4|2150B   47k|1372B 1414B|4893M 12.7G  791M 43.2G
9.50 8.60 11.5|   0    43k|3078B  491B|5335M 12.2G  791M 43.2G
11.3 9.09 11.5|   0    42k|1188B 1292B|4447M 13.1G  791M 43.2G
12.5 9.59 11.6|   0    45k|3046B  669B|4843M 12.7G  791M 43.2G
13.2 10.0 11.7|   0    43k|1393B 1659B|3931M 13.6G  791M 43.2G
14.7 10.7 11.9|   0    43k|2748B  413B|3888M 13.6G  791M 43.2G
15.6 11.3 12.1|   0    53k|1363B 1397B|3953M 13.6G  791M 43.2G
14.3 11.4 12.0|   0    48k|2620B  386B|4297M 13.2G  791M 43.2G
14.2 11.7 12.1|   0    42k|1307B 1347B|4217M 13.3G  791M 43.2G
15.2 12.2 12.3|   0    31k|2889B 2258B|5241M 12.3G  791M 43.2G
14.9 12.3 12.3|   0    44k|1426B 1961B|5195M 12.4G  791M 43.2G
15.6 12.8 12.5|   0    42k|3007B 2327B|3833M 13.7G  791M 43.2G
15.2 12.9 12.5|   0    46k|1658B 2612B|4275M 13.3G  791M 43.2G
15.8 13.3 12.7|   0    46k|2952B 2324B|4810M 12.7G  791M 43.2G
15.1 13.4 12.7|   0    44k|1596B 3258B|3822M 13.7G  791M 43.2G
15.8 13.7 12.8|   0    47k|2909B 2384B|3933M 13.6G  791M 43.2G
15.4 13.8 12.9|   0    51k|1263B 1305B|3858M 13.7G  791M 43.2G
11.7 13.1 12.7|3781k   44k|1427k 1587k|4956M 13.1G  600M 42.9G
7.86 12.0 12.4|3257k   69k|1193k  397k|4882M 13.2G  600M 42.9G
5.36 11.0 12.0|   0    62k|3019B 2373B|5597M 12.5G  600M 42.9G
3.78 10.1 11.7|3257k   67k| 717k  462k|5002M 13.0G  600M 42.9G
2.93 9.29 11.3|3257k   68k|1214k  450k|4876M 13.1G  600M 42.9G
2.37 8.54 11.0|  65k   66k| 186k  275k|2663M 15.6G  505M 42.7G
2.03 7.87 10.7|3192k   85k|1298k  108k|5030M 12.9G  600M 43.0G
1.89 7.27 10.4|3257k   62k|1277k  412k|4914M 13.0G  600M 43.0G
1.81 6.74 10.2|2986k   59k|  55k  312k|3018M 14.9G  592M 43.0G
1.85 6.28 9.90| 271k   79k|1487B   88k|5111M 12.8G  600M 43.0G
1.72 5.82 9.63|3257k   62k|1196k  402k|4904M 12.9G  600M 43.1G
1.80 5.44 9.38|3257k   73k|1300k  443k|4911M 12.9G  600M 43.1G
1.67 5.06 9.13|2986k   71k|  50k  281k|2967M 14.8G  592M 43.1G
1.72 4.75 8.90| 271k   62k|1176k  104k|4961M 12.8G  600M 43.2G
2.73 4.68 8.74|9751k   40k|7592B  614k|3966M 13.1G  791M 43.6G
7.42 5.60 8.92|2150B   53k|2344B 5310B|4774M 12.4G  791M 43.6G
11.3 6.72 9.19|   0    47k|3294B 2628B|3851M 13.3G  791M 43.6G
13.6 7.71 9.44|   0    42k|1286B 3119B|4680M 12.4G  791M 43.6G
15.0 8.61 9.68|   0    48k|3745B 2833B|3987M 13.1G  791M 43.6G
15.5 9.35 9.90|   0    53k| 789B  948B|3797M 13.3G  791M 43.6G
14.0 9.59 9.96|   0    45k|3168B 2514B|4215M 12.9G  791M 43.6G
11.9 9.51 9.92|   0    27k|1234B 2539B|5054M 12.1G  791M 43.6G
12.9 9.98 10.1|   0    45k|3265B 2654B|4170M 12.9G  791M 43.6G
13.3 10.4 10.2|   0    43k|1335B 2965B|3909M 13.2G  791M 43.6G
13.9 10.8 10.3|   0    41k|2542B  728B|4521M 12.6G  791M 43.6G
14.1 11.1 10.4|   0    45k|1223B 2793B|4660M 12.5G  791M 43.6G
13.9 11.4 10.6|   0    47k|2791B 2601B|4178M 12.9G  791M 43.6G
15.1 11.9 10.8|   0    43k|1170B 2655B|3997M 13.1G  791M 43.6G
14.4 12.1 10.9|   0    44k|2652B  821B|4926M 12.2G  791M 43.6G
14.3 12.3 11.0|   0    52k| 974B  791B|4160M 13.0G  791M 43.6G
14.4 12.5 11.1|   0    31k|3129B 4269B|4309M 12.8G  791M 43.6G
12.0 12.2 11.0|3514k   50k|3697B 1253k|3119M 14.6G  592M 43.2G
7.80 11.1 10.7| 267k   63k|1335k  109k|5112M 12.6G  600M 43.3G
5.45 10.2 10.4|4295k   72k|1503k  465k|3987M 13.6G  600M 43.3G
3.89 9.41 10.2|   0    67k|3825B 6111B|5316M 12.3G  600M 43.3G
2.95 8.66 9.88|4530k   70k|1925k  474k|4809M 12.8G  600M 43.4G
2.37 7.97 9.61|   0    63k|5575B   10k|5575M 12.0G  600M 43.4G
2.03 7.35 9.35|1348k   73k| 677k  316k|3697M 14.2G  513M 43.2G
2.47 6.94 9.15|   0    67k|7424B   16k|3935M 13.9G  513M 43.2G
2.77 6.59 8.96|   0    69k| 843B 1986B|4063M 13.8G  513M 43.2G
2.78 6.22 8.76|   0    59k|5433B 5370B|4094M 13.8G  513M 43.2G
3.06 5.97 8.60|   0    59k|1690B  187k|2768M 15.1G  513M 43.2G
2.97 5.67 8.41| 267k   63k|7210B  190k|3719M 14.1G  513M 43.2G
2.78 5.36 8.22|   0    46k| 746B 1336B|3923M 13.9G  513M 43.2G
2.91 5.14 8.05|   0    83k|5093B 7385B|4102M 13.7G  513M 43.2G
2.76 4.88 7.88|   0    61k|2286B   11k|4262M 13.6G  513M 43.2G
2.49 4.61 7.69| 777k   66k| 336k  362k|3805M 14.0G  513M 43.2G
2.74 4.46 7.54|   0    65k| 930B 1303B|3980M 13.8G  513M 43.2G
2.67 4.27 7.38|   0    61k|3228B 1635B|4121M 13.7G  513M 43.2G
2.82 4.15 7.24|   0    74k|1666B 5184B|4249M 13.6G  513M 43.2G
2.37 3.91 7.06|   0    55k|4439B  206k|2767M 15.0G  513M 43.2G
2.44 3.77 6.91| 267k   67k|4443B  212k|3915M 13.9G  513M 43.2G
2.33 3.62 6.76|   0    63k|3629B 1655B|4057M 13.8G  513M 43.2G
2.49 3.54 6.63|   0    63k|1568B 5313B|4216M 13.6G  513M 43.2G
2.41 3.43 6.49|   0    57k|4095B 3574B|4338M 13.5G  513M 43.2G
2.81 3.42 6.39| 267k   63k| 177k  399k|3770M 14.0G  513M 43.2G
2.67 3.33 6.27|   0    63k|4999B   10k|3913M 13.9G  513M 43.2G
2.64 3.27 6.15|   0    61k|2014B 6789B|4073M 13.7G  513M 43.2G
2.27 3.11 6.01|   0    61k|4034B 1915B|4233M 13.6G  513M 43.2G
2.52 3.10 5.91| 259k   78k|3522B  388k|3072M 14.7G  513M 43.2G
2.47 3.03 5.80|8465B   53k|  55k   11k|3776M 14.0G  513M 43.2G
2.69 3.02 5.70|   0    61k|1164B 1777B|3935M 13.8G  513M 43.2G
3.07 3.07 5.63|   0    61k|4698B 4186B|4056M 13.7G  513M 43.2G
2.55 2.95 5.51| 267k   61k| 244k  330k|3592M 14.2G  513M 43.2G
2.86 2.99 5.44|   0    65k|5035B 5459B|3933M 13.8G  513M 43.2G
3.27 3.07 5.39|   0    62k|1165B 1616B|4089M 13.7G  513M 43.2G
2.97 3.02 5.29|   0    64k|4043B 1786B|4252M 13.5G  513M 43.2G
3.40 3.11 5.25|   0    60k|1318B 1920B|4307M 13.5G  513M 43.2G
2.89 3.01 5.15| 267k   66k| 220k  397k|3759M 14.0G  513M 43.3G
2.65 2.94 5.06|   0    69k|1100B 1759B|3902M 13.8G  513M 43.3G
2.60 2.90 4.97|   0    59k|4458B 3380B|3998M 13.8G  513M 43.3G
2.73 2.91 4.91|   0    40k|1188B 1631B|4205M 13.6G  513M 43.3G
2.84 2.92 4.85| 267k   65k| 151k  363k|3468M 14.3G  513M 43.3G
2.85 2.91 4.78|   0    65k|1051B 1578B|3682M 14.1G  513M 43.3G
3.19 2.98 4.75|   0    59k|4846B 5079B|3940M 13.8G  513M 43.3G
3.19 3.00 4.70|   0    60k|1971B 5477B|4006M 13.7G  513M 43.3G
2.79 2.92 4.62| 267k   68k| 155k  326k|3625M 14.1G  513M 43.3G
3.07 2.99 4.59|   0    64k|1756B 3723B|3777M 13.9G  513M 43.3G
3.42 3.09 4.57|   0    59k|4592B 4386B|3801M 13.9G  513M 43.3G
3.07 3.03 4.50|   0    74k|1828B 4829B|4001M 13.7G  513M 43.3G
3.11 3.03 4.45| 267k   59k| 175k  320k|3806M 13.9G  513M 43.3G
3.02 3.03 4.41|   0    64k|1260B 1553B|3875M 13.8G  513M 43.3G
2.70 2.94 4.33|   0    62k|4765B 4240B|4112M 13.6G  513M 43.3G
2.81 2.95 4.29|   0    61k|1034B 1684B|4253M 13.5G  513M 43.3G
3.43 3.08 4.29| 267k   62k|9496B  381k|3766M 13.9G  513M 43.3G
3.01 3.01 4.23|   0    65k|1099B 1497B|3911M 13.8G  513M 43.3G
3.07 3.01 4.19|   0    59k|5096B 4931B|4063M 13.6G  513M 43.3G
2.56 2.90 4.11|   0    61k| 972B 1595B|4223M 13.5G  513M 43.3G
2.42 2.84 4.05|   0    64k|4336B 1962B|4373M 13.3G  513M 43.3G
2.80 2.89 4.03| 267k   58k| 163k  378k|3778M 13.9G  513M 43.3G
3.04 2.94 4.01|   0    74k|4869B 4993B|3940M 13.7G  513M 43.3G
2.58 2.85 3.95|   0    62k|1057B 1376B|4102M 13.6G  513M 43.3G
2.92 2.91 3.93| 267k   42k| 193k  362k|3021M 14.6G  513M 43.3G
2.90 2.91 3.90|   0    63k|1587B 3628B|3722M 13.9G  513M 43.3G
3.25 2.99 3.90|   0    62k|4864B 3868B|3772M 13.9G  513M 43.3G
2.94 2.95 3.85|   0    78k|1043B 1605B|4021M 13.7G  513M 43.3G
3.17 3.00 3.84| 267k   67k| 147k  306k|3626M 14.0G  513M 43.3G
2.85 2.94 3.79|   0    66k|1314B 3346B|3744M 13.9G  513M 43.3G
2.99 2.97 3.78|   0    59k|4438B 1827B|3913M 13.7G  513M 43.3G
2.79 2.93 3.74|   0    44k|2070B 6947B|4095M 13.6G  513M 43.3G
2.28 2.79 3.66| 757k   69k| 485k  685k|3071M 14.5G  513M 43.4G
2.16 2.70 3.61| 766k   67k| 171k  402k|3175M 14.4G  513M 43.4G
2.51 2.73 3.59|   0    65k|6828B   11k|3924M 13.7G  513M 43.4G
2.72 2.76 3.57|   0    65k|2165B 7335B|4038M 13.6G  513M 43.4G
2.49 2.69 3.52|   0    57k|6336B 7194B|4238M 13.4G  513M 43.4G
2.82 2.74 3.51|   0    62k|2324B 7790B|4384M 13.2G  513M 43.4G
2.52 2.68 3.46| 282k   65k|9189B  575k|2748M 14.8G  514M 43.4G
2.29 2.61 3.42| 754k   67k| 606k  569k|3049M 14.5G  513M 43.4G
2.18 2.56 3.37| 530k   64k| 162k  345k|2742M 14.8G  514M 43.5G
1.91 2.46 3.31| 755k   73k| 667k  404k|2958M 14.5G  513M 43.5G
1.75 2.37 3.25|1006k   75k| 606k  382k|2800M 14.7G  513M 43.5G
1.70 2.30 3.20| 533k   63k| 328k  481k|2765M 14.7G  513M 43.5G
1.62 2.22 3.15| 781k   66k| 281k  609k|2847M 14.6G  514M 43.6G
1.57 2.15 3.09| 279k   65k| 146k  347k|2835M 14.6G  514M 43.6G
1.60 2.10 3.05| 530k   64k| 184k  507k|2824M 14.6G  513M 43.6G
1.55 2.04 3.00| 754k   63k| 357k  442k|2849M 14.5G  513M 43.6G
1.53 1.99 2.95| 781k   65k| 156k  667k|2810M 14.5G  514M 43.6G
1.44 1.93 2.89| 753k   67k| 323k  498k|2846M 14.5G  513M 43.7G
1.46 1.88 2.85| 781k   67k| 178k  739k|2777M 14.5G  514M 43.7G
1.59 1.88 2.81| 569k   68k| 179k  564k|2845M 14.4G  514M 43.7G
1.70 1.88 2.78| 503k   71k| 352k  211k|2785M 14.5G  513M 43.7G
1.82 1.89 2.76| 753k   49k| 165k  576k|2848M 14.4G  513M 43.7G
1.60 1.83 2.71| 530k   64k| 155k  548k|2704M 14.5G  514M 43.8G
1.57 1.80 2.67| 530k   68k| 151k  483k|2815M 14.4G  514M 43.8G
1.87 1.85 2.66|1005k   78k| 291k  667k|2943M 14.2G  513M 43.8G
1.73 1.82 2.62| 530k   67k| 321k  343k|2821M 14.3G  514M 43.8G
1.82 1.84 2.60| 783k   68k| 278k  464k|2841M 14.3G  514M 43.8G
1.70 1.81 2.56| 754k   69k| 148k  337k|2821M 14.3G  513M 43.8G
2.64 2.00 2.60| 252k   40k| 234k  164k|2920M 14.2G  513M 43.9G
3.93 2.41 2.72|   0    58k|1160B 1348B|2850M 14.3G  513M 43.9G
4.04 2.57 2.76|   0    69k|7772B 9913B|2890M 14.2G  513M 43.9G
4.34 2.78 2.83|   0    59k|2141B 7335B|2839M 14.3G  513M 43.9G
5.68 3.24 2.98|   0    58k|5530B 1845B|2917M 14.2G  513M 43.9G
5.12 3.35 3.03| 502k   59k| 334k  305k|2885M 14.2G  513M 43.9G
5.15 3.53 3.09|   0    63k|5148B 2028B|2884M 14.2G  513M 43.9G
5.08 3.68 3.16|   0    60k|1360B 2728B|2869M 14.2G  513M 43.9G
4.71 3.70 3.18|   0    58k|4574B 1416B|2894M 14.2G  513M 43.9G
5.14 3.92 3.27| 499k   57k| 359k  299k|2678M 14.4G  513M 43.9G
5.24 4.03 3.33| 254k   61k| 181k  148k|2897M 14.2G  513M 43.9G
5.71 4.25 3.42|   0    62k| 738B 2128B|2892M 14.2G  513M 43.9G
5.13 4.26 3.45|   0    67k|5024B 2139B|2887M 14.2G  513M 43.9G
6.45 4.66 3.61|   0    59k| 362B  420B|2819M 14.3G  513M 43.9G
6.18 4.80 3.69|   0    35k|5623B 5793B|2905M 14.2G  513M 43.9G
6.16 4.94 3.78|   0    59k|1141B 3453B|2903M 14.2G  513M 43.9G
5.65 4.95 3.82|   0    57k|4548B 2963B|2908M 14.2G  513M 43.9G
6.46 5.21 3.94|   0    54k|1861B 5568B|2881M 14.2G  513M 43.9G
5.20 5.00 3.91|   0    58k|4436B 1286B|2912M 14.2G  513M 43.9G
5.59 5.12 3.99| 250k   59k| 203k  280k|2726M 14.3G  513M 43.9G
5.59 5.14 4.03| 502k   62k| 351k  189k|2908M 14.2G  513M 43.9G
6.08 5.30 4.12|   0    55k|1085B 1102B|2800M 14.3G  513M 43.9G
5.97 5.36 4.18|   0    67k|4424B 1380B|2859M 14.2G  513M 43.9G
5.90 5.42 4.24|   0    56k|1591B 2614B|2845M 14.2G  513M 43.9G
6.12 5.50 4.30|   0    54k|6282B 9344B|2884M 14.2G  513M 43.9G
4.87 5.26 4.26|   0    61k|1015B 1012B|2881M 14.2G  513M 43.9G
4.87 5.22 4.27|   0    54k|4339B 1295B|2852M 14.2G  513M 43.9G
4.46 5.07 4.25|   0    58k|1394B 3027B|2880M 14.2G  513M 43.9G
4.93 5.15 4.31|   0    57k|4268B 1371B|2908M 14.2G  513M 43.9G
4.15 4.93 4.26| 252k   61k|3854B  162k|2876M 14.2G  513M 43.9G
4.80 5.04 4.32|   0    57k|4217B 1139B|2906M 14.1G  513M 43.9G
4.80 5.02 4.34|   0    58k|1144B 1254B|2820M 14.2G  513M 43.9G
5.04 5.06 4.37|   0    65k|4044B 1223B|2889M 14.2G  513M 43.9G
4.61 4.94 4.35|   0    54k|1180B 1173B|2849M 14.2G  513M 43.9G
4.19 4.82 4.33|   0    56k|4316B 1608B|2873M 14.2G  513M 43.9G
4.96 4.96 4.40|   0    56k|1011B 1164B|2794M 14.3G  513M 43.9G
4.17 4.76 4.35|   0    38k|4042B 1234B|2879M 14.2G  513M 43.9G
4.58 4.81 4.38|   0    59k|1150B 1124B|2887M 14.2G  513M 43.9G
3.81 4.62 4.33| 753k   64k| 363k  434k|2833M 14.2G  513M 43.9G
4.62 4.72 4.37|   0    62k|1277B 1598B|2872M 14.2G  513M 43.9G
3.47 4.43 4.28|   0    59k|4246B 3018B|2781M 14.2G  513M 43.9G
3.96 4.46 4.30|   0    55k|1298B 1351B|2874M 14.2G  513M 43.9G
5.04 4.65 4.36|   0    65k|4995B 5762B|2824M 14.2G  513M 43.9G
5.07 4.70 4.39| 250k   61k| 197k  308k|2550M 14.5G  506M 43.9G
5.06 4.72 4.40| 252k   64k|5086B 5226B|2778M 14.2G  513M 44.0G
5.94 4.95 4.49|   0    59k|1121B 1333B|2874M 14.1G  513M 44.0G
5.64 4.97 4.51|   0    58k|4200B 1169B|2864M 14.2G  513M 44.0G
5.77 5.08 4.57|   0    54k|1242B 1304B|2847M 14.2G  513M 44.0G
5.68 5.14 4.60|   0    58k|4216B 1263B|2869M 14.1G  513M 44.0G
5.54 5.14 4.62|   0    57k|1158B 1373B|2852M 14.2G  513M 44.0G
5.85 5.27 4.68|   0    54k|4494B 2932B|2885M 14.1G  513M 44.0G
6.51 5.49 4.77|   0    40k|1744B 4650B|2877M 14.1G  513M 44.0G
5.50 5.33 4.74|   0    68k|3985B 1364B|2790M 14.2G  513M 44.0G
5.20 5.27 4.74|   0    52k|1790B 4477B|2851M 14.2G  513M 44.0G
5.46 5.30 4.76|   0    55k|4113B 1409B|2878M 14.1G  513M 44.0G
5.24 5.26 4.76| 252k   63k| 202k  142k|2870M 14.1G  513M 44.0G
5.01 5.22 4.77|   0    61k|4785B 4804B|2869M 14.1G  513M 44.0G
4.92 5.19 4.77|   0    60k|1241B 1272B|2880M 14.1G  513M 44.0G
4.68 5.10 4.76|   0    58k|4182B 1185B|2741M 14.3G  513M 44.0G
4.89 5.10 4.77| 502k   63k| 422k  310k|2756M 14.2G  513M 44.0G
4.90 5.09 4.77|   0    63k|4105B 1224B|2856M 14.1G  513M 44.0G
4.50 4.98 4.75|   0    58k|1853B 4576B|2853M 14.1G  513M 44.0G
4.30 4.89 4.72| 505k   71k| 170k  274k|2883M 14.1G  513M 44.0G
3.77 4.72 4.67|   0    43k|1516B 1453B|2936M 14.0G  513M 44.0G
3.31 4.53 4.61|   0    59k|4022B 1212B|2854M 14.1G  513M 44.0G
3.75 4.54 4.61|   0    58k|1454B 1471B|2861M 14.1G  513M 44.0G
4.74 4.71 4.67|   0    59k|3950B 1057B|2811M 14.2G  513M 44.0G
4.74 4.72 4.67|   0    59k|1231B 1320B|2907M 14.1G  513M 44.0G
4.50 4.68 4.66|   0    59k|4682B 3434B|2907M 14.1G  513M 44.0G
3.72 4.48 4.60|   0    59k|1329B 1586B|2937M 14.0G  513M 44.0G
3.38 4.33 4.54|   0    60k|3490B  513B|2917M 14.1G  513M 44.0G
4.64 4.52 4.60|   0    59k|1839B 1964B|2914M 14.1G  513M 44.0G
4.39 4.47 4.58|   0    53k|3171B  503B|2937M 14.0G  513M 44.0G
4.30 4.43 4.56| 502k   58k| 314k  305k|2819M 14.1G  513M 44.0G
5.12 4.59 4.61|   0    61k|3941B 4476B|2872M 14.1G  513M 44.0G
5.21 4.65 4.63|   0    56k|1958B 2542B|2828M 14.1G  513M 44.0G
5.29 4.70 4.64|   0    60k|3338B  515B|2809M 14.1G  513M 44.0G
5.36 4.80 4.68|   0    57k|1669B 1958B|2842M 14.1G  513M 44.0G
5.62 4.93 4.73|   0    58k|3815B 2272B|2880M 14.1G  513M 44.0G
4.47 4.71 4.66|   0    59k|1867B 2349B|2881M 14.1G  513M 44.0G
4.25 4.64 4.64|   0    57k|3746B 2542B|2842M 14.1G  513M 44.0G
4.11 4.57 4.61|   0    59k|1571B 1839B|2825M 14.1G  513M 44.0G
4.56 4.60 4.62|   0    65k|3562B  557B|2871M 14.1G  513M 44.0G
3.92 4.45 4.57|   0    59k|1545B 1775B|2873M 14.1G  513M 44.0G
4.18 4.44 4.56|   0    60k|3576B 2330B|2881M 14.1G  513M 44.0G
3.19 4.17 4.47|   0    61k|1943B 2407B|2878M 14.1G  513M 44.0G
3.24 4.08 4.43|   0    56k|3255B  563B|2865M 14.1G  513M 44.0G
3.10 3.95 4.37|   0    40k|1844B 2288B|2874M 14.1G  513M 44.0G
3.00 3.84 4.32|   0    62k|4016B 5794B|2882M 14.1G  513M 44.0G
3.44 3.86 4.31|   0    59k|2701B 8411B|2819M 14.1G  513M 44.0G
3.96 3.97 4.34|   0    58k|3594B 2299B|2818M 14.1G  513M 44.0G
3.65 3.88 4.29| 503k   62k| 401k  297k|2808M 14.1G  513M 44.0G
4.29 4.00 4.32|   0    70k|3792B 1078B|2877M 14.1G  513M 44.0G
6.01 4.44 4.46|   0    59k|1354B 2015B|2862M 14.1G  513M 44.0G
6.03 4.59 4.51|   0    59k|4111B 2775B|2882M 14.1G  513M 44.0G
5.62 4.64 4.53|   0    57k|1197B 1201B|2862M 14.1G  513M 44.0G
5.19 4.67 4.54|   0    58k|3543B 1067B|2757M 14.2G  513M 44.0G
5.15 4.73 4.56|   0    56k|1362B 1791B|2818M 14.1G  513M 44.0G
4.78 4.69 4.56|   0    55k|3988B 2844B|2763M 14.2G  513M 44.0G
4.89 4.71 4.57|   0    37k|1064B 1317B|2791M 14.1G  513M 44.0G
3.94 4.51 4.50|   0    73k|3545B  900B|2860M 14.1G  513M 44.0G
3.93 4.44 4.48|   0    59k|1102B 1165B|2884M 14.1G  513M 44.0G
4.43 4.50 4.50|   0    76k|3797B 2858B|2864M 14.1G  513M 44.0G
3.71 4.33 4.44| 780k   65k| 333k  592k|2791M 14.1G  513M 44.1G
2.83 4.06 4.35| 755k   70k| 517k  344k|2871M 14.0G  514M 44.1G
3.81 4.16 4.37|   0    59k|1116B 1319B|2937M 14.0G  514M 44.1G
3.79 4.14 4.36|   0    58k|3523B  951B|2874M 14.0G  514M 44.1G
3.74 4.11 4.34|   0    54k|1368B 1328B|2832M 14.1G  514M 44.1G
4.33 4.23 4.38|   0    54k|3934B 3385B|2825M 14.1G  514M 44.1G
4.61 4.31 4.39|   0    59k| 980B 1231B|2906M 14.0G  514M 44.1G
5.03 4.44 4.44|   0    57k|3821B 2696B|2900M 14.0G  514M 44.1G
4.21 4.27 4.38|   0    58k|1252B 1519B|2907M 14.0G  514M 44.1G
4.05 4.23 4.36|   0    68k|3335B  931B|2932M 14.0G  514M 44.1G
4.19 4.22 4.35| 502k   39k|  21k  304k|2891M 14.0G  514M 44.1G
4.48 4.29 4.37|   0    62k|4202B 4950B|2873M 14.0G  514M 44.1G
4.58 4.35 4.39|   0    56k|1147B 1165B|2870M 14.0G  514M 44.1G
5.26 4.57 4.46|   0    57k|3276B  957B|2851M 14.0G  514M 44.1G
4.63 4.48 4.43| 753k   66k| 497k  423k|2822M 14.0G  514M 44.1G
4.65 4.47 4.43|   0    60k|3596B 2602B|2882M 14.0G  514M 44.1G
5.17 4.64 4.49|   0    59k|1143B 1389B|2852M 14.0G  514M 44.1G
6.16 4.92 4.59|   0    57k|3181B  831B|2868M 14.0G  514M 44.1G
5.39 4.84 4.57|   0    59k| 915B 1063B|2879M 14.0G  514M 44.1G
4.85 4.74 4.55|   0    67k|3178B  765B|2882M 14.0G  514M 44.1G
5.91 5.00 4.64|   0    58k|1035B 1035B|2877M 14.0G  514M 44.1G
5.46 5.00 4.65|   0    54k|2833B  822B|2864M 14.0G  514M 44.1G
4.42 4.80 4.59|   0    55k|1413B 2842B|2805M 14.0G  514M 44.1G
3.78 4.62 4.54|   0    60k|3031B  852B|2885M 14.0G  514M 44.1G
3.46 4.44 4.48| 252k   61k| 193k  147k|2878M 14.0G  514M 44.1G
3.61 4.38 4.46|   0    56k|3548B 3427B|2854M 14.0G  514M 44.1G
4.60 4.55 4.52|   0    55k|1257B 1637B|2792M 14.1G  514M 44.1G
4.78 4.61 4.54|   0    57k|2948B  830B|2862M 14.0G  514M 44.1G
5.22 4.74 4.58|   0    58k| 852B  990B|2877M 14.0G  514M 44.1G
4.70 4.64 4.55|   0    55k|3026B  847B|2865M 14.0G  514M 44.1G
4.25 4.54 4.52|   0    48k| 941B  915B|2873M 14.0G  514M 44.1G
4.96 4.68 4.57|   0    61k|3023B  854B|2881M 14.0G  514M 44.1G
4.69 4.65 4.56|   0    55k| 876B  915B|2882M 14.0G  514M 44.1G
4.79 4.67 4.57|   0    56k|3063B  869B|2826M 14.0G  514M 44.1G
4.50 4.61 4.55|   0    57k| 810B  946B|2873M 14.0G  514M 44.1G
5.08 4.73 4.59|   0    59k|3308B 3102B|2854M 14.0G  514M 44.1G
5.99 4.97 4.68|   0    55k| 969B 1526B|2776M 14.1G  514M 44.1G
6.04 5.07 4.72|   0    59k|4501B 7986B|2865M 14.0G  514M 44.1G
5.55 5.06 4.73|   0    59k|1129B 2984B|2874M 14.0G  514M 44.1G
5.34 5.07 4.74|   0    69k|3018B 2292B|2881M 14.0G  514M 44.1G
5.42 5.10 4.76|   0    55k|1188B 2413B|2814M 14.0G  514M 44.1G
5.21 5.10 4.77| 503k   61k| 494k  153k|2831M 14.0G  514M 44.2G
3.91 4.80 4.68|3936k   69k|  41k  375k|2906M 13.5G  616M 44.5G
2.96 4.48 4.58|  51k   63k|3399B 3782B|2909M 13.5G  617M 44.5G
2.43 4.21 4.49|5371k   61k|1868B  278k|3065M 12.9G  775M 44.7G
3.01 4.15 4.45|7566k   63k|3055B   62k|3402M 12.0G  996M 45.1G
2.42 3.89 4.36|   0    40k|1370B   52k|3491M 11.9G  996M 45.1G
2.05 3.66 4.27|4249k   59k| 204k  333k|2902M 13.5G  616M 44.5G
3.02 3.70 4.26|5422k   68k|2139B  279k|3045M 12.9G  775M 44.7G
2.41 3.49 4.17|   0    75k|3478B 3572B|3083M 12.9G  775M 44.7G
2.04 3.30 4.08|7568k   54k|1247B   63k|3596M 11.8G  997M 45.1G
1.90 3.14 4.00|3922k   63k|4965B  378k|2785M 13.6G  606M 44.5G
1.74 2.98 3.92| 378k   59k|2479B 8024B|2880M 13.5G  617M 44.5G
1.71 2.86 3.85|5371k   61k|3887B  272k|3122M 12.8G  775M 44.8G
1.64 2.72 3.77|2742k   60k|1079B   63k|3105M 12.6G  855M 44.9G
1.59 2.61 3.70|4824k   61k|3176B   51k|3362M 12.0G  996M 45.1G
1.55 2.50 3.63|4249k   60k| 183k  318k|2907M 13.4G  616M 44.5G
1.52 2.40 3.56|  51k   69k|3346B 2832B|2915M 13.4G  617M 44.5G
1.85 2.40 3.52|5371k   59k|1801B  296k|3075M 12.8G  775M 44.8G
1.71 2.31 3.45|7566k   73k|3469B   63k|3311M 12.0G  996M 45.1G
2.55 2.48 3.48|   0    63k|1081B   51k|3283M 12.1G  997M 45.1G
2.06 2.37 3.41|4249k   39k|5924B  366k|2860M 13.5G  616M 44.5G
3.03 2.53 3.42|5422k   70k|1809B  270k|3123M 12.8G  775M 44.8G
2.49 2.45 3.37|   0    62k|3184B 1024B|3128M 12.8G  775M 44.8G
3.04 2.59 3.39|7568k   62k|1274B  113k|3385M 12.0G  997M 45.1G
2.50 2.50 3.33|4249k   64k| 182k  314k|2909M 13.4G  616M 44.6G
2.09 2.41 3.27|  51k   66k| 763B  966B|2913M 13.4G  617M 44.6G
2.01 2.35 3.22|5371k   64k|4612B  292k|2950M 12.9G  775M 44.8G
2.06 2.33 3.19|   0    60k| 962B 1022B|3019M 12.9G  775M 44.8G
1.78 2.24 3.13|7566k   74k|4066B  115k|3425M 11.9G  997M 45.1G
5.13 2.93 3.33|3857B   51k|1350B  177k|3236M 12.1G  997M 45.1G
4.55 3.04 3.35|4245k   60k| 191k  183k|2880M 13.4G  616M 44.6G
3.36 2.89 3.29|5422k   64k|1409B  265k|3059M 12.8G  775M 44.8G
2.63 2.76 3.23|   0    65k|3843B 4351B|3059M 12.8G  775M 44.8G
3.22 2.88 3.26|7566k   64k|1688B  115k|3406M 11.9G  997M 45.2G
5.95 3.50 3.45|3857B   36k|3578B  153k|3324M 12.0G  997M 45.2G
5.52 3.66 3.51|4248k   62k| 221k  158k|2907M 13.4G  616M 44.6G
3.93 3.46 3.44|  51k   64k|3074B 1037B|2912M 13.4G  617M 44.6G
3.09 3.30 3.39|5371k   61k|2372B  294k|2992M 12.8G  775M 44.9G
2.46 3.12 3.33|7568k   79k|4010B   66k|3349M 11.9G  997M 45.2G
2.02 2.95 3.26|   0    56k|1419B   51k|3385M 11.9G  997M 45.2G
1.93 2.84 3.22|4249k   63k|  39k  362k|2812M 13.4G  616M 44.6G
1.69 2.70 3.15|5422k   66k|2346B  263k|3102M 12.7G  775M 44.9G
1.61 2.58 3.10|   0    61k|3303B 1125B|3109M 12.7G  775M 44.9G
1.70 2.51 3.06|7566k   60k|1983B  116k|3295M 12.0G  997M 45.2G
1.97 2.49 3.03|4450k  238k| 138k  301k|2822M 13.4G  618M 44.6G
1.79 2.40 2.98|5427k  122k|1362B   63k|3497M 12.3G  777M 44.9G
1.69 2.31 2.94|2697B   64k|4324B  187k|3076M 12.7G  777M 44.9G
2.64 2.47 2.97|7568k   59k|2014B  116k|3432M 11.8G  999M 45.2G
4.68 2.96 3.11|3857B   60k|3705B  133k|3272M 12.0G  999M 45.2G
4.22 3.05 3.14|4246k   63k| 213k  139k|2844M 13.4G  618M 44.7G
4.36 3.15 3.17|5422k   66k|4239B  285k|3124M 12.7G  777M 44.9G
3.23 2.99 3.11|   0    63k|2082B 7440B|3130M 12.6G  777M 44.9G
2.62 2.86 3.07|7566k   60k|3835B   63k|3427M 11.8G  999M 45.2G
2.29 2.76 3.02| 816k   64k| 237k  398k|2857M 13.7G  516M 44.4G
2.54 2.76 3.01|   0    62k|4110B 4216B|2910M 13.7G  516M 44.4G
4.95 3.32 3.19|   0    38k|2375B 8012B|2909M 13.7G  516M 44.4G
4.93 3.49 3.26|   0    56k|3560B 1122B|2900M 13.7G  516M 44.4G
4.50 3.53 3.27|   0    60k|1240B 1305B|2872M 13.7G  516M 44.4G
4.94 3.76 3.36|3685k   75k| 191k  176k|2907M 13.3G  618M 44.7G
3.57 3.54 3.30|  51k   59k|1803B 4337B|2818M 13.4G  619M 44.7G
2.76 3.34 3.24|5371k   65k|4840B  283k|3136M 12.6G  777M 45.0G
2.27 3.17 3.18|7565k   60k|1451B   63k|3293M 11.9G  999M 45.3G
2.88 3.25 3.21|2901B   66k|4009B   51k|3349M 11.8G  999M 45.3G
3.83 3.45 3.28| 816k   62k|3794B  340k|2863M 13.7G  516M 44.4G
4.88 3.74 3.38|   0    41k|4495B 4552B|2809M 13.8G  516M 44.4G
5.47 3.98 3.47|   0    60k|1729B 4831B|2885M 13.7G  516M 44.4G
5.34 4.08 3.52|   0    58k|3824B 1076B|2872M 13.7G  516M 44.4G
5.30 4.18 3.58|   0    61k|1265B 1263B|2882M 13.7G  516M 44.4G
5.23 4.27 3.62|   0    67k|3879B 1387B|2844M 13.7G  516M 44.4G
5.82 4.47 3.71|   0    54k|2000B 6935B|2872M 13.7G  516M 44.4G
6.53 4.76 3.83|   0    56k|3557B  726B|2899M 13.7G  516M 44.4G
6.75 4.99 3.94|   0    60k|1423B 1656B|2884M 13.7G  516M 44.4G
4.69 4.66 3.86|3736k   67k| 198k  143k|2913M 13.2G  619M 44.7G
3.44 4.35 3.78|5371k   65k|2724B  274k|3065M 12.7G  777M 45.0G
2.68 4.08 3.71|   0    43k|3552B  884B|3065M 12.7G  777M 45.0G
3.31 4.10 3.73|7568k   67k|2387B  117k|3394M 11.8G  999M 45.3G
2.59 3.85 3.65|4249k   63k| 146k  321k|2822M 13.3G  618M 44.7G
3.10 3.84 3.65|5422k   69k|2506B  253k|3118M 12.6G  777M 45.0G
2.48 3.61 3.58|   0    79k|4006B 3778B|3110M 12.6G  777M 45.0G
2.10 3.41 3.52|7566k   56k|2432B  115k|3412M 11.7G  999M 45.3G
1.86 3.23 3.45|4249k   62k| 166k  284k|2830M 13.3G  618M 44.7G
1.71 3.06 3.39| 151k   66k|1610B   63k|2896M 13.2G  622M 44.8G
1.70 2.93 3.33|5271k   61k|4914B  214k|2962M 12.7G  777M 45.0G
2.84 3.04 3.35|7566k   60k|1966B   63k|3369M 11.8G  999M 45.3G
2.32 2.89 3.29| 816k   64k| 229k  373k|2849M 13.7G  516M 44.5G
3.51 3.10 3.35|   0    63k|2410B 5664B|2890M 13.6G  516M 44.5G
4.02 3.28 3.40|   0    56k|3596B  692B|2799M 13.7G  516M 44.5G
4.88 3.57 3.49|   0    58k|2306B 5530B|2933M 13.6G  516M 44.5G
4.73 3.67 3.53|   0    70k|3457B  454B|2890M 13.6G  516M 44.5G
4.49 3.70 3.55| 252k   55k| 227k  169k|2851M 13.6G  516M 44.5G
5.07 3.92 3.62|   0    62k|4023B 2413B|2900M 13.6G  516M 44.5G
6.16 4.29 3.75|   0    62k|1568B 3318B|2919M 13.6G  516M 44.5G
6.32 4.50 3.84|   0    40k|4187B 2970B|2914M 13.6G  516M 44.5G
6.82 4.79 3.96|   0    61k|1316B 1296B|2920M 13.6G  516M 44.5G
6.12 4.81 3.99|   0    60k|5875B   10k|2890M 13.6G  516M 44.5G
4.58 4.58 3.94|1915k   69k|1070k  301k|2865M 13.6G  520M 44.5G
3.43 4.30 3.87|3815k   66k| 202k   52k|2907M 13.1G  618M 44.8G
4.02 4.32 3.89|5420k   62k|2849B   69k|3258M 12.4G  777M 45.1G
3.02 4.04 3.81|2697B   78k|5364B  228k|3079M 12.5G  777M 45.1G
3.78 4.08 3.83|7566k   57k|2352B   66k|3312M 11.7G  999M 45.4G
4.15 4.10 3.84|3857B   61k|6881B  233k|3249M 11.8G  999M 45.4G
3.17 3.87 3.77|5776k   71k| 479k  297k|2909M 13.1G  618M 44.9G
2.53 3.64 3.69|  51k   68k|8540B   17k|2917M 13.1G  619M 44.9G
2.99 3.67 3.70|5371k   39k|4568B  296k|2998M 12.6G  777M 45.1G
2.40 3.46 3.63|7565k   62k|7306B   69k|3377M 11.6G  999M 45.4G
2.23 3.32 3.58|2901B   64k|7534B   61k|3445M 11.6G  999M 45.4G
3.04 3.43 3.61|2113k   66k| 591k  441k|3167M 13.2G  517M 44.6G
3.00 3.37 3.58|   0    64k| 200k 4510B|3497M 12.9G  517M 44.6G
2.87 3.30 3.55|   0    84k|1292B 2248B|3539M 12.8G  517M 44.6G
2.86 3.26 3.53|   0    53k|5207B 2389B|3595M 12.8G  517M 44.6G
2.60 3.17 3.49|   0    65k|1721B 5318B|3674M 12.7G  517M 44.6G
2.16 3.01 3.42|  55k   66k|  24k  421k|2812M 13.5G  518M 44.6G
2.44 2.98 3.40|1032k   61k| 574k   75k|3416M 12.9G  517M 44.6G
2.52 2.93 3.37|   0    68k|4057B 3481B|3509M 12.8G  517M 44.6G
2.33 2.84 3.33|   0    64k|1074B 1905B|3575M 12.8G  517M 44.6G
2.65 2.87 3.32|   0    64k|4101B 5318B|3611M 12.7G  517M 44.6G
2.21 2.74 3.26|3277B   66k|1455B  363k|2797M 13.5G  517M 44.6G
2.31 2.72 3.24| 319k   67k| 416k   86k|3539M 12.8G  517M 44.7G
2.23 2.66 3.20|   0    82k|1214B 2746B|3581M 12.8G  517M 44.7G
2.51 2.69 3.20|   0    58k|3174B 1409B|3618M 12.7G  517M 44.7G
3.05 2.80 3.22|   0    64k|1350B 4222B|3606M 12.7G  517M 44.7G
2.83 2.77 3.19|3277B   64k| 184k  362k|2835M 13.5G  517M 44.7G
2.31 2.65 3.14| 319k   45k| 227k  125k|3180M 13.1G  517M 44.7G
2.14 2.57 3.10|   0    70k| 176k 4036B|3466M 12.8G  517M 44.7G
2.22 2.55 3.07|   0    65k|2377B   11k|3527M 12.8G  517M 44.7G
2.57 2.60 3.07|   0    64k|4900B   11k|3556M 12.8G  517M 44.7G
2.24 2.52 3.03| 322k   63k| 359k  406k|3139M 13.1G  517M 44.7G
2.42 2.53 3.02|   0    66k| 169k 4100B|3439M 12.8G  517M 44.7G
2.27 2.48 2.98|   0    79k|1067B 1787B|3476M 12.8G  517M 44.7G
2.54 2.52 2.98|   0    57k|6119B   18k|3487M 12.8G  517M 44.7G
2.63 2.55 2.98|   0    61k|1237B 2614B|3542M 12.7G  517M 44.7G
2.34 2.49 2.94| 314k   68k|  23k  387k|3190M 13.1G  516M 44.7G
2.46 2.50 2.93|7817B   62k| 249k 4632B|3557M 12.7G  517M 44.7G
2.45 2.49 2.91|   0    45k|5475B 9822B|3598M 12.7G  517M 44.7G
2.84 2.59 2.93|   0    62k|1273B 2040B|3534M 12.7G  517M 44.7G
2.86 2.61 2.93|   0    65k|3942B 3086B|3636M 12.6G  517M 44.7G
2.67 2.60 2.91|   0    64k|1786B 4287B|3757M 12.5G  517M 44.7G
2.21 2.49 2.87|3277B   67k|4424B  397k|2745M 13.5G  517M 44.7G
1.93 2.40 2.82| 319k   64k| 229k   96k|3300M 12.9G  517M 44.7G
2.93 2.60 2.88|   0    72k|4741B 4151B|3393M 12.9G  517M 44.7G
3.07 2.67 2.89|   0    65k|6220B 4065B|3486M 12.8G  517M 44.7G
3.03 2.69 2.89|   0    59k|4333B 2949B|3545M 12.7G  517M 44.7G
2.84 2.68 2.88|3277B   43k|2201B  297k|2806M 13.4G  517M 44.7G
2.83 2.68 2.88| 319k   65k| 232k   69k|3469M 12.8G  517M 44.8G
2.63 2.65 2.86|   0    86k|1637B 3719B|3560M 12.7G  517M 44.8G
2.73 2.68 2.86|   0    64k|5059B 5736B|3599M 12.6G  517M 44.8G
2.65 2.66 2.85|   0    63k|1703B 4933B|3673M 12.6G  517M 44.8G
2.92 2.73 2.87|3277B   41k|5231B  388k|2830M 13.4G  517M 44.8G
2.43 2.62 2.83| 319k   66k| 379k   86k|3390M 12.8G  517M 44.8G
2.77 2.69 2.84|   0    89k|4178B 1876B|3461M 12.7G  517M 44.8G
2.71 2.68 2.83|   0    71k|1327B 1897B|3494M 12.7G  517M 44.8G
2.67 2.66 2.82|   0    60k|4790B 4992B|3527M 12.7G  517M 44.8G
2.73 2.68 2.82|3277B   64k|2385B  332k|2757M 13.4G  517M 44.8G
2.25 2.56 2.78| 319k   66k| 442k   75k|3459M 12.7G  517M 44.8G
2.78 2.67 2.81|   0    69k|1346B 1731B|3511M 12.7G  517M 44.8G
3.23 2.78 2.84|   0    60k|4192B 2171B|3609M 12.6G  517M 44.8G
3.65 2.93 2.89|   0    67k|2562B 6871B|3652M 12.5G  517M 44.8G
3.57 2.97 2.91|   0    62k|4341B 2566B|3716M 12.5G  517M 44.8G
2.75 2.83 2.86|3277B   64k|1810B  387k|2829M 13.3G  517M 44.8G
2.88 2.85 2.86| 319k   71k| 245k   85k|3326M 12.8G  517M 44.8G
3.02 2.88 2.87|   0    61k|1207B 1876B|3367M 12.8G  517M 44.8G
2.79 2.83 2.86|   0    61k|5290B 6231B|3452M 12.7G  517M 44.8G
2.83 2.84 2.86|   0    56k|1442B 3088B|3578M 12.6G  517M 44.8G
2.47 2.76 2.83|3277B   60k|5166B  305k|2797M 13.4G  517M 44.8G
2.64 2.77 2.83| 319k   62k| 223k   68k|3428M 12.7G  517M 44.8G
2.68 2.76 2.83|   0    70k|4262B 2243B|3536M 12.6G  517M 44.8G
2.66 2.74 2.82|6417B   66k|1975B 5644B|3581M 12.6G  517M 44.8G
2.76 2.76 2.82|   0    65k|4430B 2941B|3690M 12.5G  517M 44.8G
2.20 2.62 2.77|3277B   62k|1815B  372k|2824M 13.3G  517M 44.8G
2.42 2.63 2.77| 319k   77k| 452k   83k|3501M 12.6G  517M 44.9G
2.78 2.70 2.79|   0    67k|1928B 5733B|3422M 12.7G  517M 44.9G
2.52 2.64 2.77|   0    61k|4314B 2116B|3536M 12.6G  517M 44.9G
2.69 2.68 2.77|   0    63k|1528B 3136B|3623M 12.5G  517M 44.9G
2.55 2.64 2.76|3277B   63k|5113B  377k|2824M 13.3G  517M 44.9G
2.37 2.58 2.73| 319k   67k| 416k   83k|3269M 12.8G  517M 44.9G
2.69 2.65 2.75|   0    67k|4823B 4448B|3490M 12.6G  517M 44.9G
3.23 2.78 2.79|   0    41k| 453B 1122B|3417M 12.7G  517M 44.9G
2.82 2.74 2.78|   0    59k|5567B 5787B|3566M 12.5G  517M 44.9G
2.36 2.63 2.74|3277B   62k|1213B  357k|2722M 13.4G  517M 44.9G
2.03 2.52 2.70| 319k   71k| 348k   80k|3140M 12.9G  517M 44.9G
2.50 2.59 2.72|   0    67k|1248B 4338B|3406M 12.7G  517M 44.9G
2.60 2.61 2.72|   0    68k|4811B 2151B|3444M 12.6G  517M 44.9G
2.57 2.60 2.71|   0    61k| 483B 1016B|3444M 12.6G  517M 44.9G
2.47 2.58 2.71|3277B   62k|5995B  301k|2731M 13.3G  517M 44.9G
3.08 2.72 2.75| 319k   65k|4790B   70k|3411M 12.7G  517M 44.9G
2.79 2.67 2.73|   0    65k|4901B 2361B|3451M 12.6G  517M 44.9G
2.83 2.69 2.73|   0    64k| 594B  833B|3506M 12.6G  517M 44.9G
2.80 2.69 2.73|3277B   65k|5369B  312k|2821M 13.2G  517M 44.9G
2.21 2.56 2.69|2174k   50k|1589k  412k|2728M 13.2G  543M 45.0G
2.85 2.70 2.73| 716k   75k|  14k  948k|2959M 13.1G  517M 45.0G
2.62 2.65 2.71|1820k   67k|9872B 1135k|3504M 12.5G  517M 45.0G
2.17 2.54 2.67|   0    65k|5050B 1857B|3504M 12.5G  517M 45.0G
1.97 2.46 2.64|   0    62k| 959B 1091B|3534M 12.5G  517M 45.0G
1.79 2.36 2.60|   0    66k|6880B   11k|3538M 12.5G  517M 45.0G
1.75 2.30 2.57|   0    67k|1554B 4910B|3539M 12.5G  517M 45.0G
1.66 2.22 2.53|   0    65k|5649B 5205B|3456M 12.6G  517M 45.0G
1.61 2.15 2.50|   0    64k| 746B  701B|3490M 12.5G  517M 45.0G
1.57 2.09 2.47|   0    43k|5081B 1904B|3488M 12.5G  517M 45.0G
1.55 2.03 2.43| 260k   66k| 255k   33k|2969M 13.0G  517M 45.0G
1.54 1.98 2.40| 260k   78k| 336k   30k|2957M 13.0G  517M 45.0G
1.53 1.93 2.37|1865k   67k| 233k 1104k|2639M 13.3G  518M 45.0G
2.43 2.10 2.41|1877k   66k|  30k 1184k|3500M 12.5G  517M 45.0G
3.32 2.35 2.49|   0    64k|1515B 1781B|3485M 12.5G  517M 45.0G
2.82 2.33 2.48| 617k   70k| 162k   76k|3454M 12.5G  517M 45.0G
2.31 2.25 2.44|   0    69k|1777B 3580B|3452M 12.5G  517M 45.0G
2.00 2.18 2.41|   0    65k|4455B 3457B|3487M 12.5G  517M 45.0G
1.81 2.11 2.38|   0    40k|1817B 3578B|3410M 12.6G  517M 45.0G
1.70 2.05 2.35|   0    65k|5296B 7524B|3446M 12.5G  517M 45.0G
1.63 2.00 2.32|   0    63k|1478B 1522B|3204M 12.8G  517M 45.0G
1.57 1.95 2.30|4052k   78k|1312k 2239k|3283M 12.7G  517M 45.0G
1.55 1.91 2.27|   0    66k|2858B 7957B|3477M 12.5G  517M 45.0G
1.60 1.89 2.25|   0    66k|3947B  836B|3403M 12.5G  517M 45.0G
1.57 1.85 2.22|   0    78k|3433B 9914B|3322M 12.6G  517M 45.0G
1.55 1.82 2.20|   0    41k|5384B 7061B|3437M 12.5G  517M 45.0G
2.20 1.93 2.22| 600k   70k| 743k   91k|3394M 12.5G  517M 45.1G
2.63 2.07 2.26|   0    65k|4289B 1407B|3358M 12.6G  517M 45.1G
2.88 2.19 2.29|   0    66k|1912B 2951B|3494M 12.4G  517M 45.1G
2.82 2.25 2.31|3277B   59k|5193B  310k|2762M 13.1G  517M 45.1G
2.30 2.18 2.28|1967k   71k| 748k 1037k|2665M 13.2G  533M 45.1G
2.05 2.13 2.26| 584k   76k|8644B   56k|3383M 12.5G  517M 45.1G
1.84 2.06 2.24|   0    69k|2042B 4872B|3423M 12.5G  517M 45.1G
1.71 2.01 2.21|   0    41k|4036B  909B|3302M 12.6G  517M 45.1G
1.56 1.94 2.18|   0    63k|2366B 5274B|3366M 12.5G  517M 45.1G
1.53 1.90 2.16|   0    63k|5286B 6953B|3339M 12.6G  517M 45.1G
1.51 1.86 2.14| 251k   90k| 565k   27k|3407M 12.5G  517M 45.1G
1.50 1.83 2.12|   0    61k|4602B 3096B|3446M 12.4G  517M 45.1G
1.49 1.80 2.09|   0    64k| 632B 2149B|3446M 12.4G  517M 45.1G
1.49 1.77 2.07|   0    42k|9187B 9838B|3374M 12.5G  517M 45.1G
1.48 1.74 2.06|   0    65k| 812B 2408B|3410M 12.5G  517M 45.1G
1.48 1.72 2.04|   0    77k|6450B 7370B|3409M 12.5G  517M 45.1G
1.61 1.73 2.03| 260k   63k| 566k   34k|2834M 13.0G  517M 45.1G
1.70 1.74 2.02|2150k   67k| 904k 1257k|3547M 12.3G  517M 45.2G
1.63 1.72 2.00|   0    64k|1216B 3720B|3475M 12.4G  517M 45.2G
1.59 1.70 1.99|   0    69k|6267B 5065B|3344M 12.5G  517M 45.2G
1.56 1.68 1.97|   0    62k|5401B 2429B|3396M 12.4G  517M 45.2G
1.54 1.66 1.96|   0    60k|6288B 9529B|3527M 12.3G  517M 45.2G
1.54 1.65 1.94|   0    63k|1569B 5470B|3528M 12.3G  517M 45.2G
1.59 1.65 1.93| 251k   66k| 355k   25k|3533M 12.3G  517M 45.2G
1.56 1.64 1.92|   0    70k| 636B 2316B|3565M 12.3G  517M 45.2G
1.55 1.62 1.90|   0    76k|6397B 7030B|3451M 12.4G  517M 45.2G
1.54 1.61 1.89|   0    39k|6183B 5495B|3387M 12.4G  517M 45.2G
1.53 1.60 1.88|   0    65k|7268B   13k|3489M 12.3G  517M 45.2G
1.53 1.59 1.87| 593k   68k| 533k   82k|2961M 12.8G  517M 45.2G
1.44 1.57 1.85|1502k   67k|  14k  959k|3479M 12.2G  554M 45.3G
1.56 1.59 1.85| 318k   68k|4658B  156k|3498M 12.3G  517M 45.2G
1.53 1.58 1.84|   0    65k|4444B 2642B|3440M 12.4G  517M 45.2G
1.58 1.59 1.83|   0    61k|2196B 3594B|3407M 12.4G  517M 45.2G
1.56 1.58 1.82|   0    61k|4611B 2786B|3492M 12.3G  517M 45.2G
1.56 1.57 1.81|3408k   68k| 899k 2207k|3054M 12.6G  553M 45.3G
2.67 1.84 1.89| 692k   77k| 668k  233k|3513M 12.2G  517M 45.2G
3.46 2.11 1.98|   0    64k|1809B 3250B|3433M 12.3G  517M 45.2G
2.95 2.13 1.99| 260k   70k|7881B   26k|2992M 12.8G  517M 45.2G
2.54 2.10 1.99| 597k   65k| 968k   93k|3183M 12.5G  517M 45.3G
2.62 2.16 2.01|   0    63k|4347B 3434B|3478M 12.2G  517M 45.3G
2.72 2.22 2.04|   0    63k|1931B 3319B|3591M 12.1G  517M 45.3G
2.54 2.23 2.05|   0    42k|4868B 5726B|3633M 12.1G  517M 45.3G
2.82 2.34 2.09|   0    60k|1689B 3878B|3595M 12.1G  517M 45.3G
2.62 2.34 2.09|3277B   63k|4623B  383k|2799M 12.9G  517M 45.3G
2.35 2.29 2.09| 306k   64k| 336k   90k|3392M 12.3G  517M 45.3G
3.19 2.50 2.16|   0    77k|4093B 1919B|3405M 12.3G  517M 45.3G
2.64 2.43 2.15| 260k   60k|  22k   32k|2923M 12.8G  517M 45.3G
2.36 2.39 2.15| 694k   87k| 406k   30k|2688M 13.0G  522M 45.3G
3.00 2.53 2.20|1388k   59k| 379k 1005k|3484M 12.2G  517M 45.3G
3.44 2.69 2.27|   0    66k|4409B 3895B|3467M 12.2G  517M 45.3G
2.67 2.57 2.24|1845k   63k|8346B 1080k|2954M 12.7G  517M 45.3G
2.28 2.49 2.22|1494k   46k|  17k  957k|3274M 12.3G  554M 45.4G
2.55 2.52 2.24| 676k   67k| 438k  232k|3478M 12.2G  517M 45.3G
2.55 2.52 2.25|   0    65k|4436B 3774B|3535M 12.1G  517M 45.3G
2.38 2.47 2.24|   0    63k|1007B 1938B|3576M 12.1G  517M 45.3G
2.66 2.55 2.28|   0    75k|4564B 4576B|3609M 12.1G  517M 45.3G
2.37 2.49 2.27|3277B   57k|2285B  363k|2760M 12.9G  517M 45.3G
1.97 2.38 2.23| 303k   65k| 158k   88k|3429M 12.2G  517M 45.3G
1.79 2.30 2.21|   0    71k|1082B 1147B|3256M 12.4G  517M 45.3G
1.67 2.22 2.18|   0    65k|3922B 2116B|3361M 12.3G  517M 45.3G
2.28 2.30 2.21| 254k   69k| 585k   20k|3395M 12.2G  517M 45.4G
3.17 2.51 2.29|   0    67k|5169B   10k|3389M 12.2G  517M 45.4G
2.78 2.49 2.29|1827k   65k|7866B 1000k|2938M 12.7G  517M 45.4G
2.27 2.39 2.26| 249k   65k| 569k   25k|2822M 12.8G  517M 45.4G
2.03 2.32 2.24|4369B   64k|1023B 2604B|3522M 12.1G  517M 45.4G
1.83 2.24 2.21|   0    65k|4755B 4162B|3554M 12.1G  517M 45.4G
1.72 2.17 2.19|   0    59k| 890B 1186B|3485M 12.1G  517M 45.4G
1.64 2.11 2.17|   0    64k|4347B 2412B|3503M 12.1G  517M 45.4G
1.59 2.05 2.14|   0    64k| 454B  468B|3503M 12.1G  517M 45.4G
1.55 1.99 2.12|3717k   67k|1636k  306k|2929M 12.3G  620M 45.6G
1.67 1.98 2.11|  69k   65k|6324B  326k|3072M 12.1G  622M 45.6G
2.92 2.25 2.20| 174k   57k|  78k  938k|3016M 12.2G  628M 45.7G
2.91 2.30 2.21| 650k   60k| 162k   88k|3263M 11.8G  647M 45.7G
2.66 2.31 2.22| 132k   60k|  15k 2991k|3687M 11.3G  651M 45.8G
2.13 2.21 2.19| 202k   57k|  49k 1597k|3073M 11.9G  657M 45.9G
1.95 2.16 2.17|1322k   61k| 673k 6758k|2761M 12.4G  538M 45.7G
1.77 2.10 2.15|2842k   55k|1394k  584k|3007M 11.9G  622M 46.0G
1.66 2.04 2.13| 174k   63k|  17k  922k|3018M 11.8G  628M 46.0G
2.80 2.29 2.21| 650k   60k|  41k   81k|3249M 11.5G  647M 46.0G
2.92 2.36 2.23|  22k   59k|  10k 2968k|3110M 11.6G  647M 46.1G
3.48 2.53 2.29| 303k   60k| 216k   94k|3096M 11.6G  656M 46.2G
3.68 2.72 2.37| 354k   62k|4898k 8295k|3316M 11.6G  517M 46.0G
3.93 2.88 2.43|   0    66k|3795B   12k|3395M 11.5G  517M 46.0G
4.12 3.00 2.49|3899k   65k| 633k  181k|2950M 11.6G  617M 46.3G
3.09 2.86 2.45| 174k   61k| 810k  462k|2950M 11.6G  622M 46.3G
2.39 2.71 2.42| 174k   63k|  17k  912k|3017M 11.5G  628M 46.4G
2.15 2.61 2.39| 650k   57k|  41k   82k|3313M 11.1G  647M 46.4G
3.46 2.90 2.50| 132k   61k| 203k 2987k|3626M 10.7G  651M 46.5G
2.62 2.75 2.46| 193k   38k|  33k   70k|3116M 11.2G  656M 46.5G
2.19 2.63 2.42| 381k   64k| 311k 8371k|2822M 11.7G  518M 46.4G
1.93 2.53 2.40|4291k   69k|1678k  325k|2912M 11.2G  620M 46.7G
1.84 2.45 2.37|  72k   67k|9242B  324k|3071M 11.1G  622M 46.7G
3.19 2.69 2.45| 174k   57k|  14k  933k|2981M 11.1G  628M 46.7G
2.86 2.67 2.45| 650k   61k|  45k   84k|3313M 10.7G  647M 46.8G
3.21 2.79 2.50| 132k   38k| 587k 2985k|3757M 10.2G  651M 46.9G
3.28 2.84 2.53| 193k   76k|  31k   70k|3040M 10.9G  656M 46.9G
3.65 3.02 2.60|1036k   53k|1665k 8553k|2634M 11.5G  538M 46.8G
2.93 2.90 2.57|2851k   67k|1567k  604k|3075M 10.7G  622M 47.0G
3.00 2.90 2.58| 174k   68k|  14k  933k|3014M 10.8G  628M 47.1G
3.91 3.16 2.68| 650k   56k|  44k   83k|3250M 10.5G  647M 47.1G
5.32 3.51 2.81|4574B   61k|5515B 9188B|3261M 10.4G  647M 47.1G
3.77 3.30 2.76| 128k   64k| 157k 2984k|3721M 9.89G  651M 47.2G
4.12 3.43 2.82| 231k   57k| 203k 3074k|3561M 9.91G  658M 47.3G
3.63 3.37 2.82|1950k   64k| 326k 5379k|2698M 11.0G  549M 47.2G
2.83 3.21 2.78|2470k   70k|1371k  573k|3072M 10.4G  622M 47.4G
2.91 3.18 2.78| 174k   71k|  16k  890k|3048M 10.4G  628M 47.4G
3.42 3.30 2.84| 650k   55k|  41k   82k|3261M 10.1G  647M 47.4G
3.16 3.24 2.83|4574B   58k|7159B 7445B|3250M 10.1G  647M 47.5G
2.50 3.07 2.79| 320k   41k| 433k 3038k|3092M 10.1G  656M 47.6G
3.14 3.20 2.84|  38k   62k| 313k 6910k|2983M 10.1G  658M 47.8G
2.50 3.04 2.80|5363k   64k|1672k 2808k|2986M 10.2G  620M 47.7G
2.11 2.89 2.75|  72k   66k|9233B  322k|3090M 10.0G  622M 47.7G
1.89 2.75 2.71| 182k   59k|  25k  933k|3049M 10.1G  628M 47.7G
1.78 2.66 2.68| 650k   58k|  30k   81k|3319M 9949M  647M 47.8G
3.82 3.06 2.81| 132k   62k| 173k 2987k|3543M 9623M  651M 47.9G
4.33 3.21 2.87| 229k   68k|  46k 2945k|3327M 9734M  658M 48.0G
3.73 3.16 2.86|1581k   78k|1659k 5303k|2706M 10.4G  538M 47.8G
2.85 3.00 2.82|2842k   62k|1389k  590k|3075M 9970M  623M 48.0G
2.33 2.85 2.77| 174k   61k|  14k  884k|2928M 9.86G  628M 48.0G
3.42 3.09 2.86| 650k   54k|  43k   83k|3163M 9774M  647M 48.1G
3.81 3.18 2.89|4574B   60k|5826B   12k|3150M 9762M  647M 48.1G
3.24 3.09 2.87| 320k   64k|  50k 3032k|3081M 9737M  657M 48.2G
2.72 2.98 2.84|  38k   37k|2151k 8051k|3015M 9587M  658M 48.4G
3.24 3.09 2.88|2233k   68k|1410k 1189k|3447M 9648M  517M 48.1G
2.54 2.94 2.84|   0    67k|1525B 1651B|3400M 9696M  517M 48.1G
2.12 2.80 2.79|   0    76k|9914B 6788B|3511M 9584M  517M 48.1G
1.95 2.69 2.75|   0    59k| 817B 1098B|3534M 9561M  517M 48.1G
1.78 2.58 2.71|   0    65k|6014B 5894B|3534M 9561M  517M 48.1G
1.76 2.49 2.68|   0    62k| 604B  520B|3456M 9639M  517M 48.1G
1.66 2.39 2.64|   0    66k|4954B 1969B|3489M 9605M  517M 48.1G
1.61 2.31 2.60|   0    59k| 424B  430B|3488M 9606M  517M 48.1G
5.01 2.94 2.80|4564k   42k|2870k 5967k|3828M 8856M  564M 48.4G
7.45 3.90 3.13|  32k   67k|  61k 5641k|3705M 8448M  565M 49.0G
5.16 3.69 3.08|5701k   97k|4695k   14M|3082M 8694M  623M 49.3G
4.89 3.74 3.12|3872k   59k| 143k  283k|2966M 8805M  622M 49.3G
3.63 3.54 3.07|5329k   82k|3000k  325k|3047M 8691M  609M 49.3G
3.03 3.39 3.04| 809k   62k| 146k  257k|3495M 8572M  517M 49.1G
3.22 3.42 3.06|4122k   66k|1456k   37k|2670M 9239M  551M 49.2G
2.54 3.23 3.00|4315k   67k| 161k  226k|3093M 8528M  623M 49.4G
8.78 4.60 3.46|1925k   65k|1289k   10M|3709M 7822M  565M 49.6G
6.38 4.40 3.43| 282k   61k| 445k   15M|3589M 7693M  517M 49.9G
5.46 4.38 3.46|1881k   65k|7739B   22k|2666M 8427M  566M 50.0G
4.03 4.13 3.40|4660k   61k|4665k  159k|3031M 7721M  623M 50.3G
3.05 3.88 3.34|9177k   52k|1431k  312k|2752M 8095M  587M 50.2G
3.26 3.85 3.35| 891k   68k|  49k   31k|2692M 8392M  524M 50.0G
11.4 5.86 4.04|1379k   77k| 127k   10M|3678M 6833M  565M 50.6G
10.7 6.11 4.17|1846k   59k|1190k   21M|3937M 6070M  564M 51.0G
10.1 6.53 4.38|  32k   61k|  18k 4844k|3704M 5823M  565M 51.5G
7.68 6.27 4.36| 282k   65k| 708k   16M|3418M 6138M  517M 51.5G
9.17 6.69 4.56|6439k   64k|1912k 5428k|3763M 5425M  564M 51.8G
8.78 6.95 4.72|  32k   63k|  19k 4317k|3706M 4967M  565M 52.3G
6.04 6.45 4.62|3844k   64k|3087k   15M|3063M 5249M  623M 52.6G
10.5 7.39 4.99|1925k   65k|1333k 9982k|3369M 4863M  565M 52.8G
6.98 6.83 4.88| 282k   46k|  89k   15M|3461M 4499M  517M 53.1G
5.69 6.54 4.84|2077k   68k|  52k   49k|2839M 4925M  572M 53.2G
4.26 6.11 4.75|4431k   81k|3096k  292k|2958M 4644M  588M 53.4G
3.19 5.67 4.65|3917k   52k|2887k  596k|3012M 4416M  623M 53.5G
2.59 5.28 4.55|   0    64k|  12k   14k|3079M 4347M  623M 53.5G
4.41 5.45 4.63| 518k   56k|  19k  922k|2978M 4379M  638M 53.5G
3.72 5.17 4.56| 307k   57k|  36k   59k|3274M 4046M  647M 53.6G
3.28 4.94 4.51| 132k   73k| 368k 2983k|3674M 3539M  651M 53.7G
4.20 4.99 4.53| 229k   37k|1709k 3241k|3558M 3537M  658M 53.8G
3.14 4.65 4.43|6184k   68k|2688k 5420k|2739M 4564M  554M 53.7G
10.9 6.38 5.01|3097k   65k|1230k   10M|3587M 3392M  565M 54.0G
7.29 5.93 4.91|2674k   66k|  23k   16M|2935M 3493M  589M 54.5G
5.08 5.52 4.80|3916k   78k| 100k  133k|3063M 3225M  623M 54.6G
3.53 5.10 4.69|6515k   64k|2176k 1876k|4038M 2376M  564M 54.5G
6.46 5.78 4.93|  32k   62k| 523k 8324k|3707M 2167M  565M 55.1G
5.55 5.61 4.90| 282k   59k|  22k   15M|3457M 2431M  517M 55.1G
4.06 5.25 4.80|5062k   66k| 214k  346k|3565M 2315M  517M 55.1G
3.85 5.09 4.77|1544k   61k|  52k   47k|2822M 2920M  556M 55.2G
3.15 4.80 4.68|3991k   63k|3098k  248k|2757M 2881M  559M 55.3G
14.0 7.05 5.42|4645k   62k|2861k   10M|3215M 2058M  565M 55.6G
9.07 6.52 5.29|1126k   70k| 244k   16M|2627M 2712M  543M 55.6G
7.23 6.33 5.27|8045k   66k|1955k  994k|2658M 2641M  538M 55.7G
4.99 5.86 5.15|9539k   72k| 112k  873k|2950M 2215M  574M 55.7G
4.37 5.64 5.09|3464k   75k|  49k   60k|2937M 2232M  573M 55.7G
12.7 7.35 5.67|2976k   55k|1775k   10M|3312M 1564M  565M 56.0G
9.57 7.05 5.62|1476k   69k| 144k   16M|2972M 1930M  553M 56.0G
8.41 7.00 5.65|8061k   67k|  49k  311k|2894M 2005M  553M 56.0G
7.81 6.98 5.68|6554k   65k|1613k 1114k|3602M 1239M  559M 56.1G
5.32 6.46 5.55|9142k   63k| 211k  386k|2781M 1945M  587M 56.2G
3.88 6.00 5.42|3468k   46k| 168k  314k|2977M 1786M  574M 56.1G
3.61 5.73 5.35|8849k   69k| 272k 1668k|2737M 2148M  539M 56.1G
12.3 7.39 5.90|4128k   59k|2756k   10M|2930M 1927M  561M 56.1G
8.06 6.83 5.76| 432k   63k|  59k   16M|2665M 1891M  518M 56.4G
5.80 6.40 5.65|7838k   93k|3207k  880k|3327M  826M  618M 56.7G
5.21 6.18 5.60|4920k   41k|1422k  447k|2678M 1829M  518M 56.5G
4.51 5.93 5.54|  13M   77k|  50k  322k|2632M 1838M  528M 56.5G
3.58 5.56 5.43|  13M   80k|1407k   95k|2668M 1836M  505M 56.5G
2.37 5.08 5.27|3279k   71k|  23k   24k|2622M 1881M  505M 56.5G
