---load-avg--- -dsk/total- -net/total- ------memory-usage-----
 1m   5m  15m | read  writ| recv  send| used  free  buff  cach
   0    0    0|6761M 5805M|   0     0 | 632M 12.9G  620M 47.4G
0.20 0.05 0.02|   0   119k| 752B  705B| 752M 12.8G  620M 47.4G
0.71 0.19 0.06|3199k   53k|1760k 2109k| 816M 12.6G  631M 47.5G
0.88 0.28 0.10|9043k   74k| 686k 1312k| 854M 12.3G  673M 47.6G
2.26 0.67 0.24|8304k   68k|1289k 1230k| 779M 12.5G  628M 47.6G
1.92 0.75 0.28|9749k   65k| 798k  828k| 786M 12.3G  671M 47.7G
1.69 0.81 0.31|7868k   75k|  37k 1657k| 761M 12.3G  671M 47.8G
1.65 0.89 0.36|5687k   59k| 425k 2112k| 829M 12.2G  671M 47.8G
1.69 0.98 0.40|8305k   57k| 146k  902k| 687M 12.3G  671M 47.8G
5.79 2.01 0.76|7806k   38k| 150k  446k|6484M 6429M  765M 48.1G
10.0 3.39 1.26|   0    72k| 206B  248B|6412M 6501M  765M 48.1G
11.7 4.45 1.69| 643k   39k| 827B 1062B|6323M 6549M  784M 48.1G
13.9 5.68 2.18|   0    45k|  30B   18B|6376M 6496M  784M 48.1G
15.0 6.75 2.65| 660k   47k|  27B   26B|6503M 6327M  803M 48.1G
15.1 7.52 3.04|   0    44k|  66B   29B|6366M 6463M  803M 48.1G
16.1 8.47 3.50|   0    49k|  10B    2B|6399M 6430M  803M 48.1G
12.5 8.33 3.61|5849k   56k| 193k  419k|6576M 6319M  765M 48.1G
14.1 9.11 4.02|   0    50k|  45B   12B|6319M 6576M  765M 48.1G
15.0 9.82 4.42|   0    43k|  25B   13B|6528M 6367M  765M 48.1G
15.7 10.5 4.81| 643k   48k|  75B  105B|6361M 6493M  784M 48.1G
15.7 11.0 5.16|   0    49k|  87B   73B|6312M 6543M  784M 48.1G
15.9 11.5 5.51| 660k   54k|  55B   27B|6352M 6460M  803M 48.1G
16.3 12.0 5.87|   0    31k|  31B   13B|6328M 6483M  803M 48.1G
14.3 12.0 6.07|  51k   48k|  39B   29B|1819M 10.7G  804M 48.1G
13.9 12.0 6.27|5620k   55k| 114k  255k|6476M 6410M  765M 48.1G
15.3 12.6 6.63|   0    52k|  46B   31B|6544M 6343M  765M 48.1G
15.8 12.9 6.94| 643k   47k|   4B    4B|6637M 6207M  784M 48.1G
16.0 13.3 7.24|   0    48k|  78B   88B|6493M 6351M  784M 48.1G
16.4 13.6 7.55| 654k   44k|  19B    4B|6647M 6156M  803M 48.1G
16.4 13.9 7.84|5837B   49k|  44B   20B|6348M 6453M  803M 48.2G
16.0 14.0 8.06|   0    49k|  99B   75B|6471M 6330M  803M 48.2G
11.9 13.2 8.00|4121k   46k|6049B   26k| 926M 11.8G  714M 48.0G
13.6 13.5 8.27|1728k   50k| 201k  415k|6445M 6423M  765M 48.1G
15.0 13.9 8.56|   0    47k|  21B    9B|6449M 6417M  765M 48.1G
15.8 14.2 8.83| 643k   47k|  41B    4B|6427M 6399M  784M 48.1G
16.0 14.4 9.07|   0    43k|  87B  103B|6514M 6312M  784M 48.1G
15.0 14.3 9.22| 660k   50k|  40B   28B|6391M 6393M  803M 48.2G
13.6 14.1 9.30|   0    48k|  25B   25B|6387M 6396M  803M 48.2G
14.7 14.3 9.52|   0    48k|  29B   13B|6653M 6130M  803M 48.2G
11.2 13.6 9.43|4267k   37k|4232B   26k| 990M 11.7G  723M 48.0G
12.5 13.6 9.58|1403k   51k| 191k  394k|6405M 6461M  765M 48.1G
14.3 13.9 9.82|   0    54k|  36B   20B|6404M 6463M  765M 48.1G
15.1 14.2 10.0| 643k   47k|  47B   72B|6322M 6503M  784M 48.1G
15.9 14.5 10.3|   0    51k|  84B   40B|6481M 6344M  784M 48.1G
16.4 14.7 10.5| 660k   47k|  45B   19B|6400M 6381M  803M 48.2G
16.1 14.8 10.7|   0    49k|  58B   24B|6493M 6288M  803M 48.2G
16.5 15.0 10.8|   0    31k|  85B   69B|6432M 6350M  803M 48.2G
12.8 14.3 10.8|5681k   54k| 218k  461k| 959M 11.7G  739M 48.1G
14.7 14.7 11.0| 881k   55k|  73B   78B|6392M 6455M  765M 48.1G
15.6 14.9 11.2|   0    48k|  23B   11B|6536M 6311M  765M 48.1G
16.2 15.1 11.3| 643k   50k| 217B  215B|6623M 6183M  784M 48.2G
16.4 15.2 11.5|   0    56k|  40B   27B|6445M 6360M  784M 48.2G
16.6 15.4 11.7| 660k   49k|   9B   13B|6346M 6417M  803M 48.2G
16.2 15.4 11.8|   0    28k|  51B   40B|6305M 6458M  803M 48.2G
15.9 15.4 11.9|   0    50k|  44B   11B|6278M 6484M  803M 48.2G
11.9 14.5 11.8|6562k   56k| 211k  442k|6440M 6400M  765M 48.2G
13.1 14.6 11.9|   0    50k|  43B   67B|6434M 6405M  765M 48.2G
14.3 14.7 12.0|   0    51k|  32B   13B|6416M 6424M  765M 48.2G
14.2 14.6 12.1| 643k   45k| 161B  188B|6656M 6143M  784M 48.2G
15.2 14.8 12.2|   0    45k|   2B    2B|6381M 6419M  784M 48.2G
16.0 15.1 12.4| 660k   47k| 101B   78B|6355M 6401M  803M 48.2G
16.1 15.2 12.5|   0    53k|  64B   29B|6606M 6150M  803M 48.2G
16.7 15.4 12.7|   0    49k|  30B   21B|6440M 6316M  803M 48.2G
12.9 14.6 12.5|6419k   39k| 210k  444k|6458M 6363M  765M 48.2G
14.4 14.8 12.6|   0    52k|  86B   73B|6378M 6442M  765M 48.2G
15.3 15.0 12.8|   0    50k|  23B    4B|6610M 6212M  765M 48.2G
15.1 15.0 12.8| 643k   50k| 135B  170B|6605M 6174M  784M 48.2G
15.6 15.1 12.9|   0    46k|   6B    6B|6428M 6351M  784M 48.2G
15.7 15.2 13.0| 660k   52k|  74B   29B|6492M 6244M  803M 48.2G
16.0 15.3 13.1|   0    45k|   4B    2B|6463M 6273M  803M 48.2G
16.1 15.4 13.2|   0    48k|  92B   83B|6465M 6271M  803M 48.2G
13.7 14.9 13.1|6030k   50k| 219k  472k|6446M 6367M  765M 48.2G
15.0 15.1 13.2|   0    49k| 101B   76B|6375M 6438M  765M 48.2G
15.0 15.1 13.3|   0    52k|   6B    6B|6582M 6229M  765M 48.2G
14.9 15.0 13.3| 643k   52k|  94B  115B|6482M 6289M  784M 48.2G
15.7 15.2 13.5|   0    45k|  27B   15B|6512M 6259M  784M 48.2G
14.1 14.9 13.4| 660k   48k|  56B   42B|6361M 6367M  803M 48.2G
15.4 15.1 13.5|   0    55k|  24B    2B|6616M 6112M  803M 48.2G
15.2 15.1 13.6|   0    49k|  41B   34B|6360M 6367M  803M 48.2G
10.0 13.8 13.2|3425k   62k|  10k   47k| 946M 11.9G  668M 48.0G
7.69 12.9 12.9|5029k   59k| 423k  364k| 872M 12.0G  668M 48.0G
5.65 11.9 12.6|3386k   63k| 203k  308k|1058M 11.8G  669M 48.0G
5.23 11.2 12.3|4513k   56k| 500k 5505k| 774M 12.0G  653M 48.1G
4.47 10.5 12.0|3899k   47k|2677k 5552k| 770M 12.1G  629M 48.0G
3.13 9.56 11.7|2299k   61k| 581k 5260k| 664M 12.0G  656M 48.2G
2.34 8.75 11.4|2768k   68k| 935k   10M| 950M 11.7G  655M 48.2G
1.81 8.01 11.0|2678k   64k|2596k   10M| 769M 11.9G  653M 48.1G
1.60 7.37 10.7|2173k   66k|5248k 8365k| 821M 12.0G  629M 48.0G
1.65 6.83 10.4|1616k   58k| 164k 2508k|1028M 11.9G  628M 48.0G
1.64 6.33 10.2|   0    66k|  72B  146B|1174M 11.7G  628M 48.0G
1.58 5.87 9.87|   0    61k| 286B  354B|1092M 11.8G  628M 48.0G
1.60 5.46 9.61| 512k   71k| 128k  220k|1139M 11.8G  628M 48.0G
1.55 5.08 9.35|   0    65k|  44B   54B|1329M 11.6G  628M 48.0G
1.45 4.72 9.09|   0    59k|  75B   30B|1330M 11.6G  628M 48.0G
1.53 4.43 8.85| 258k   46k| 141k  116k|1138M 11.8G  628M 48.0G
1.53 4.15 8.62|   0    64k|  25B   27B|1138M 11.8G  628M 48.0G
1.58 3.91 8.40| 258k   61k|2417B  135k|1058M 11.8G  628M 48.0G
1.57 3.68 8.17|   0    65k|  91B  152B|1203M 11.7G  628M 48.0G
1.55 3.47 7.96|   0    61k|  68B   20B|1189M 11.7G  628M 48.0G
1.53 3.28 7.75| 767k   61k| 281k  319k|1057M 11.8G  628M 48.0G
1.51 3.11 7.55|   0    64k| 102B   72B|1155M 11.7G  628M 48.0G
1.51 2.95 7.36|   0    73k| 175B  191B|1186M 11.7G  628M 48.0G
1.57 2.83 7.18| 767k   64k| 305k  351k|1185M 11.7G  628M 48.0G
1.61 2.72 7.00|   0    44k|  73B   60B|1283M 11.6G  628M 48.0G
1.57 2.60 6.83|   0    63k|  49B    9B|1074M 11.8G  628M 48.0G
1.48 2.48 6.65| 767k   65k| 122k  331k|1123M 11.7G  628M 48.0G
1.48 2.38 6.48|   0    61k|  40B   30B|1134M 11.7G  628M 48.0G
1.50 2.30 6.32| 436k   65k| 170k  124k|1057M 11.8G  628M 48.0G
1.44 2.20 6.16|   0    65k|  28B   29B|1202M 11.6G  628M 48.0G
1.47 2.13 6.01|   0    59k|  36B   24B|1189M 11.6G  628M 48.0G
1.64 2.11 5.88| 258k   63k|2432B  162k| 972M 11.9G  628M 48.0G
1.58 2.05 5.74|   0    73k|  35B   34B|1201M 11.6G  628M 48.0G
1.54 1.99 5.60|   0    60k|  79B   87B|1219M 11.6G  628M 48.0G
1.59 1.96 5.48| 689k   63k| 180k  200k| 828M 12.0G  628M 48.1G
1.62 1.93 5.35|1534k   61k| 162k   36k|1169M 11.6G  628M 48.1G
1.54 1.89 5.25|   0    44k|  48B   32B|1101M 11.7G  628M 48.1G
1.59 1.87 5.13| 270k   62k|2590B  130k| 769M 12.0G  629M 48.1G
1.56 1.83 5.02| 444k   62k| 230k   18k|1124M 11.7G  628M 48.1G
1.59 1.82 4.91|   0    63k|  64B   25B|1094M 11.7G  628M 48.1G
1.56 1.79 4.80| 511k   64k|  57k  192k| 820M 12.0G  628M 48.1G
1.54 1.76 4.69|3999k   60k| 169k  200k|2012M 10.5G  707M 48.3G
1.52 1.74 4.59|   0    69k|  88B  256B|2548M 9.97G  707M 48.3G
1.51 1.71 4.49|   0    55k|  99B   93B|2538M 9.98G  707M 48.3G
1.51 1.69 4.39|3032k   59k| 218k  388k|2043M 10.4G  707M 48.3G
1.57 1.69 4.31|   0    73k|  12B   12B|2603M 9.90G  707M 48.3G
1.55 1.67 4.21|   0    67k| 115B  118B|2473M 10.0G  707M 48.3G
1.48 1.64 4.12|3032k   65k| 217k  420k|2091M 10.4G  707M 48.3G
1.50 1.63 4.04|   0    41k|  48B   12B|2090M 10.4G  707M 48.3G
1.36 1.58 3.94|   0    62k|   4B    4B|2475M 10.0G  707M 48.3G
1.41 1.57 3.86|1386k   64k|  79k  314k| 837M 11.9G  628M 48.1G
1.43 1.57 3.79|1811k   65k|  70k   63k| 756M 12.0G  628M 48.1G
1.45 1.56 3.71|2839k   73k| 229k   93k| 697M 12.0G  629M 48.1G
1.46 1.55 3.64|2614k   64k|  45k  191k|2090M 10.4G  707M 48.4G
1.47 1.55 3.57|   0    62k| 240B  270B|2100M 10.3G  707M 48.4G
1.43 1.53 3.50| 566k   41k|  85k  254k| 791M 11.9G  628M 48.2G
1.47 1.53 3.43|1315k   64k|  62k   41k| 691M 12.0G  632M 48.2G
1.55 1.54 3.38|1039k   67k| 150k   24k|1135M 11.6G  628M 48.2G
1.46 1.52 3.31|   0    63k| 101B   92B|1137M 11.6G  628M 48.2G
1.47 1.52 3.25| 812k   61k| 116k  144k| 778M 11.9G  631M 48.2G
1.47 1.52 3.19|3001k   63k|  48k  195k|2087M 10.3G  707M 48.4G
1.48 1.52 3.14|   0    59k|  93B   70B|2088M 10.3G  707M 48.4G
1.58 1.53 3.09| 388k   72k|  80k  256k| 820M 11.9G  628M 48.2G
1.60 1.54 3.04|5353k   59k| 244k  211k|2088M 10.3G  707M 48.4G
1.70 1.57 3.00|   0    42k|  67B  219B|2043M 10.3G  707M 48.4G
1.63 1.56 2.95|   0    63k|  73B   59B|2473M 9.93G  707M 48.4G
1.70 1.59 2.92| 845k   63k| 158k  254k| 820M 11.8G  628M 48.2G
1.62 1.58 2.87|2468k   78k|  16k   68k|1054M 11.4G  672M 48.3G
2.04 1.69 2.86|   0    59k| 248B  633B|1121M 11.4G  672M 48.3G
1.96 1.70 2.83|6827B   70k|   6B    6B|1126M 11.4G  672M 48.3G
1.86 1.70 2.79|  50k   57k|1144B   85k|1003M 11.5G  674M 48.3G
1.73 1.68 2.75|  13k   58k| 474B   44k| 828M 11.7G  674M 48.3G
1.65 1.66 2.71|   0    68k| 130B  587B| 883M 11.6G  674M 48.3G
1.60 1.65 2.67|  57k   60k|1235B   45k|1046M 11.4G  676M 48.3G
1.56 1.63 2.63|   0    58k|  96B  696B| 888M 11.6G  676M 48.3G
1.59 1.64 2.60|5928k   44k| 101k   28k|6180M 6056M  797M 48.7G
1.70 1.66 2.57|  99M   60k| 664B 2514B|8864M  441M 3749M 48.4G
6.59 2.82 2.93|6185k   48k| 198B  276B|8414M 1376M 3927M 47.8G
7.11 3.37 3.11|1988k   54k|  65k  394k|1452M 15.4G  659M 44.1G
4.89 3.19 3.06|   0    62k| 171B  521B|1052M 15.8G  659M 44.1G
4.02 3.14 3.05|   0    61k|  57B  247B|1240M 15.6G  659M 44.1G
3.15 3.02 3.01|   0    54k| 133B  143B|1244M 15.6G  659M 44.1G
2.91 2.98 2.99|  50k   66k|1112B   77k|1057M 15.7G  660M 44.1G
2.36 2.84 2.95|  13k   41k| 435B   40k| 855M 15.9G  661M 44.1G
2.03 2.71 2.90|  13k   62k| 498B   15k| 913M 15.9G  661M 44.1G
1.95 2.62 2.86|  45k   58k| 881B   28k|1336M 15.5G  663M 44.1G
1.70 2.50 2.81|   0    59k|  98B  570B| 887M 15.9G  663M 44.1G
2.71 2.66 2.86|6809k   78k| 660k  221k| 965M 15.7G  708M 44.2G
3.80 2.88 2.92|9422k   61k| 838k  225k|5983M 10.4G  784M 44.5G
3.16 2.81 2.89|  91M   39k| 190B  301B|8403M 2284M 3513M 47.4G
6.72 3.68 3.18|  14M   55k| 239B  336B|8234M 1540M 3927M 47.8G
8.05 4.36 3.43| 695k   53k|  23k  362k| 817M 16.1G  615M 44.0G
5.40 4.07 3.36|4098k   71k|  24k  207k|1740M 14.9G  694M 44.2G
3.87 3.82 3.30|   0    64k| 102B  222B|2085M 14.6G  694M 44.2G
2.92 3.60 3.24|   0    61k|  30B   20B|2469M 14.2G  694M 44.2G
2.36 3.40 3.18|1858k   61k|  29k  254k|1491M 15.3G  659M 44.1G
2.03 3.22 3.13|   0    60k| 193B  548B|1124M 15.7G  659M 44.1G
1.83 3.05 3.08|   0    59k| 103B  274B|1239M 15.5G  659M 44.1G
1.86 2.95 3.04|   0    59k|  54B   40B|1239M 15.5G  659M 44.1G
1.71 2.81 2.99|  50k   58k|1126B   74k|1102M 15.7G  661M 44.1G
1.62 2.68 2.94|  13k   39k| 437B   39k| 869M 15.9G  661M 44.1G
1.56 2.57 2.89|  13k   63k| 579B   15k| 912M 15.9G  661M 44.1G
1.53 2.46 2.85|  45k   72k| 865B   28k|1199M 15.6G  663M 44.1G
1.51 2.37 2.80|   0    55k| 132B 4623B| 734M 16.0G  663M 44.1G
1.43 2.27 2.76|  45M   63k|  67k   43k|6622M 7422M 1964M 45.7G
3.46 2.62 2.85|  65M   57k| 187B  282B|7176M 2569M 3928M 47.8G
6.23 3.37 3.10|   0    45k| 198B  248B|6891M 2854M 3928M 47.8G
4.44 3.21 3.05|7860k   65k| 952k  619k| 869M 16.0G  630M 44.1G
3.91 3.20 3.05|  55M   54k|  21k   12k|7245M 6091M 2284M 46.1G
4.10 3.28 3.08|  55M   55k| 262B  384B|8016M 2264M 3927M 47.3G
8.01 4.30 3.43|   0    51k|  58B   24B|7841M 2440M 3927M 47.3G
7.11 4.50 3.52|6184k   59k|  71k  399k|5774M 11.1G  783M 44.0G
5.05 4.24 3.47|  91M   54k| 641B 2489B|8609M 2543M 3526M 46.9G
7.23 4.78 3.67|  13M   47k| 208B  254B|6881M 3388M 3927M 47.3G
8.17 5.31 3.88|4315k   51k|  56k  377k|1040M 15.9G  728M 43.9G
5.79 5.01 3.83|  57M   56k|  15k   12k|7321M 6229M 2425M 45.7G
5.48 4.97 3.85|  50M   54k| 209B  250B|7804M 2455M 3927M 47.3G
9.68 6.04 4.24|6963B   49k| 256B  330B|6797M 3462M 3927M 47.3G
6.40 5.59 4.15|1980k   60k|  15k  386k|1067M 16.2G  658M 43.7G
4.47 5.20 4.06|   0    62k| 162B  543B|1177M 16.1G  658M 43.7G
3.24 4.83 3.97|   0    57k|  61B   24B|1256M 16.0G  658M 43.7G
2.60 4.52 3.90|  50k   59k|1111B   88k|1101M 16.2G  660M 43.7G
2.18 4.23 3.82|  13k   66k| 437B   45k| 830M 16.4G  660M 43.7G
1.84 3.95 3.74|   0    57k|  83B  210B| 832M 16.4G  660M 43.7G
1.70 3.72 3.67|  57k   58k|1258B   47k|1109M 16.1G  662M 43.7G
1.62 3.50 3.60|   0    40k|  41B   12B| 884M 16.4G  662M 43.7G
1.58 3.31 3.53|5928k   61k|  53k   45k|6082M 10.8G  783M 44.0G
1.76 3.20 3.49|  88M   61k| 659B 2510B|8362M 2967M 3433M 46.8G
5.67 3.95 3.72|  16M   51k| 172B  265B|6745M 3497M 3927M 47.3G
7.75 4.68 3.98|1804k   50k|  50k  398k| 944M 16.3G  653M 43.6G
5.28 4.38 3.90|  46M   57k|3353B   12k|7078M 7329M 2021M 45.3G
5.61 4.50 3.95|  64M   57k| 231B  290B|7778M 2453M 3927M 47.4G
9.12 5.49 4.30|2628B   53k| 167B  238B|6395M 3837M 3927M 47.4G
6.25 5.14 4.22|1984k   58k|8459B  398k|1114M 16.1G  658M 43.7G
4.32 4.78 4.13|   0    59k| 191B  552B|1114M 16.1G  658M 43.7G
3.36 4.51 4.06|   0    62k|  68B   91B|1242M 16.0G  658M 43.7G
3.15 4.36 4.02|   0    53k|  18B   12B|1230M 16.0G  658M 43.7G
2.56 4.10 3.95|  50k   38k|1123B   81k|1024M 16.2G  660M 43.7G
2.15 3.85 3.87|  13k   61k| 354B   41k| 831M 16.4G  660M 43.7G
1.90 3.63 3.79|   0    59k| 127B  578B| 870M 16.4G  660M 43.7G
1.75 3.42 3.72|  57k   60k|1240B   46k|1085M 16.1G  662M 43.7G
1.77 3.27 3.66|   0    59k|  71B   56B| 715M 16.5G  662M 43.7G
1.59 3.08 3.58|5022k   77k| 502k  166k| 757M 16.5G  654M 43.7G
1.68 2.96 3.52| 144k   59k|  46k   23k| 983M 16.2G  658M 43.7G
2.24 2.95 3.50|   0    61k| 132B  285B|1183M 16.1G  658M 43.7G
1.95 2.81 3.44|   0    60k| 613B  874B|1177M 16.1G  658M 43.7G
1.78 2.69 3.37|  50k   63k|1080B   88k|1101M 16.1G  660M 43.7G
1.68 2.57 3.31|  13k   58k| 364B   44k| 814M 16.4G  660M 43.7G
1.67 2.49 3.26|   0    57k| 185B  923B| 832M 16.4G  660M 43.7G
1.61 2.39 3.20|  13k   62k| 431B   17k| 914M 16.3G  661M 43.7G
1.98 2.41 3.18|  45k   62k| 872B   32k|1342M 15.9G  662M 43.7G
1.80 2.32 3.13| 776k   42k|  50k   35k| 734M 16.6G  629M 43.6G
1.68 2.24 3.07|  66M   76k|3732B   12k|7911M 5159M 2621M 46.0G
5.93 3.16 3.35|  44M   49k| 203B  308B|6842M 3365M 3927M 47.4G
8.12 4.02 3.63| 992k   51k|  49k  394k| 843M 16.5G  629M 43.6G
6.63 4.08 3.67|  53M   62k|3428B   12k|7359M 6586M 2216M 45.6G
8.12 4.61 3.85|  57M   54k| 140B  244B|7863M 2333M 3927M 47.4G
10.2 5.51 4.18|   0    47k|  49B   65B|6116M 4080M 3927M 47.4G
6.78 5.13 4.09|3161k   56k|  95k  534k|2314M 14.8G  694M 43.8G
4.64 4.76 4.00|   0    61k|  71B   23B|2088M 15.0G  694M 43.8G
3.47 4.47 3.93|   0    55k|  70B  105B|2409M 14.7G  694M 43.8G
2.69 4.18 3.85|5961k   65k| 525k  399k| 935M 16.2G  679M 43.8G
2.20 3.92 3.77|2765k   67k| 450k  151k|1049M 16.1G  658M 43.7G
2.43 3.82 3.74|   0    40k| 118B  512B|1224M 16.0G  659M 43.7G
2.23 3.63 3.68|   0    62k| 652B  878B|1212M 16.0G  659M 43.7G
1.95 3.42 3.61|  55k   62k|1094B   74k|1118M 16.1G  660M 43.7G
1.70 3.22 3.54|  13k   58k| 409B   38k| 835M 16.3G  661M 43.7G
1.63 3.06 3.47|  13k   60k| 488B   14k| 851M 16.3G  661M 43.7G
1.51 2.89 3.40|  45k   63k| 936B   27k|1374M 15.8G  662M 43.7G
1.45 2.74 3.33|   0    63k|  88B  467B| 888M 16.3G  662M 43.7G
2.67 2.87 3.35|  11M   63k| 229k  365k|1769M 14.6G  893M 44.3G
7.23 3.95 3.70|2150B   48k| 104B  116B|2087M 14.3G  893M 44.3G
10.6 5.09 4.09|   0    45k| 192B  263B|2070M 14.3G  893M 44.3G
12.0 5.97 4.41|   0    46k|  32B   21B|2445M 14.0G  893M 44.3G
12.4 6.67 4.70|   0    43k|  48B   39B|2040M 14.4G  893M 44.3G
11.0 6.93 4.85|   0    31k|  50B   14B|2909M 13.5G  893M 44.3G
11.1 7.32 5.05|   0    49k|  29B   11B|2933M 13.5G  893M 44.3G
9.17 7.21 5.08|   0    48k|   9B   13B|2196M 14.2G  893M 44.3G
8.26 7.18 5.14|   0    45k|  34B   21B|3387M 13.1G  893M 44.3G
11.6 8.08 5.51|   0    46k|  46B   13B|2026M 14.4G  893M 44.3G
10.3 8.16 5.62|   0    46k|  34B   21B|1974M 14.4G  893M 44.3G
12.8 8.97 5.97|   0    44k|  94B   59B|2003M 14.4G  893M 44.3G
13.4 9.48 6.24|   0    55k|  52B   43B|3236M 13.2G  893M 44.3G
13.8 9.92 6.48|   0    45k|   2B    2B|1931M 14.5G  894M 44.3G
13.4 10.2 6.68|   0    44k|  44B   31B|3172M 13.3G  894M 44.3G
13.9 10.6 6.94|   0    42k|  27B    4B|2902M 13.5G  894M 44.3G
14.2 11.0 7.17|   0    46k|  55B   33B|2528M 13.9G  894M 44.3G
13.8 11.2 7.37|   0    44k|  46B   36B|1824M 14.6G  894M 44.3G
13.1 11.3 7.51|   0    46k|  53B   33B|3209M 13.2G  894M 44.3G
12.7 11.3 7.66|   0    31k|  30B   15B|1884M 14.5G  894M 44.3G
12.2 11.3 7.77|   0    46k|  61B   19B|2153M 14.3G  894M 44.3G
11.0 11.1 7.80|  10M   54k| 208k 1311k|2308M 14.1G  893M 44.3G
13.3 11.6 8.09|2150B   59k|  80B   86B|1986M 14.4G  894M 44.3G
12.9 11.7 8.24|   0    43k| 111B  115B|3110M 13.3G  894M 44.3G
14.1 12.1 8.48|   0    46k|  42B   25B|1897M 14.5G  894M 44.3G
13.3 12.2 8.61|   0    43k|   9B   13B|2594M 13.8G  894M 44.3G
13.7 12.4 8.79|   0    47k|  41B   30B|3302M 13.1G  894M 44.3G
14.9 12.8 9.05|   0    27k|  34B   32B|2050M 14.3G  894M 44.3G
12.7 12.5 9.06|   0    45k|  73B   25B|2229M 14.2G  894M 44.3G
11.0 12.1 9.05|   0    43k|  11B   15B|2091M 14.3G  894M 44.3G
11.1 12.0 9.12|   0    42k|  13B   14B|2050M 14.3G  894M 44.3G
11.3 12.0 9.20|   0    47k|  64B   52B|2206M 14.2G  894M 44.3G
9.92 11.6 9.17|   0    57k|  64B   25B|2872M 13.5G  894M 44.3G
11.2 11.8 9.30|   0    43k|  34B   21B|2078M 14.3G  894M 44.3G
11.1 11.8 9.37|   0    43k|  25B   26B|2366M 14.0G  894M 44.3G
13.1 12.2 9.58|   0    27k|  76B   31B|1964M 14.4G  894M 44.3G
14.5 12.6 9.81|   0    48k|   6B    6B|2632M 13.8G  894M 44.3G
14.5 12.8 9.96|   0    45k|  17B   22B|2388M 14.0G  894M 44.3G
11.8 12.3 9.89|   0    42k|  27B   15B|2090M 14.3G  894M 44.3G
11.3 12.1 9.91|   0    45k|  42B   22B|2249M 14.1G  894M 44.3G
12.0 12.2 10.0|   0    48k|  29B   17B|2395M 14.0G  894M 44.3G
12.8 12.4 10.1|   0    46k|  92B   78B|2322M 14.1G  894M 44.3G
11.2 12.1 10.1|5458k   63k|3058B 1166k|1034M 15.7G  752M 44.1G
10.6 11.8 10.1|4819k   32k|5868B  269k|2142M 14.2G  894M 44.3G
11.8 12.0 10.2|   0    47k|  51B   11B|2785M 13.6G  894M 44.3G
12.7 12.2 10.3|   0    45k|  74B   76B|3170M 13.2G  894M 44.3G
10.9 11.9 10.3|   0    46k|  25B   14B|3260M 13.1G  894M 44.3G
12.0 12.1 10.4|   0    48k|  47B   30B|3166M 13.2G  894M 44.3G
11.0 11.8 10.4|   0    44k|  40B   21B|2895M 13.5G  894M 44.3G
12.5 12.1 10.5|   0    43k|  43B   13B|2390M 14.0G  894M 44.3G
12.0 12.0 10.5|   0    43k|  48B   23B|1960M 14.4G  894M 44.3G
11.5 11.9 10.5|   0    31k|  71B   61B|1933M 14.4G  894M 44.3G
12.2 12.0 10.6|   0    60k|  25B   21B|3269M 13.1G  894M 44.3G
13.2 12.2 10.7|   0    37k|  38B   11B|2738M 13.6G  894M 44.3G
12.5 12.2 10.8|   0    46k|  53B   43B|3259M 13.1G  894M 44.3G
14.1 12.6 10.9|   0    48k|  16B    4B|1996M 14.4G  894M 44.3G
14.1 12.7 11.0|   0    39k|  64B   31B|1934M 14.4G  894M 44.3G
13.5 12.7 11.1|   0    45k|  27B   15B|2332M 14.0G  894M 44.3G
12.5 12.6 11.1|   0    46k|  49B   31B|2071M 14.3G  894M 44.3G
12.6 12.5 11.1|   0    42k|  12B    6B|2102M 14.3G  894M 44.3G
13.0 12.6 11.2|   0    47k|  40B   24B|2352M 14.0G  894M 44.3G
14.7 13.1 11.4|   0    47k|  93B   69B|1881M 14.5G  894M 44.3G
14.7 13.2 11.5|   0    42k|  56B   23B|2351M 14.0G  894M 44.3G
14.4 13.3 11.6|   0    36k|  19B   18B|2103M 14.3G  894M 44.3G
10.6 12.5 11.4|3607k   53k|  15k 1276k|1262M 15.8G  659M 43.8G
6.99 11.4 11.1|   0    60k| 181B  510B|1047M 16.0G  659M 43.8G
5.28 10.6 10.8|   0    56k| 120B  345B|1114M 16.0G  659M 43.8G
4.50 9.89 10.5|   0    57k|  15B   14B|1338M 15.8G  659M 43.8G
3.32 9.08 10.2|   0    53k|  80B   88B|1179M 15.9G  659M 43.8G
2.73 8.39 9.98|  50k   58k|1056B   71k|1114M 16.0G  660M 43.8G
2.26 7.73 9.71|  13k   61k| 292B   35k| 888M 16.2G  661M 43.8G
1.96 7.13 9.45|  13k   57k| 511B   14k| 919M 16.2G  661M 43.8G
2.01 6.64 9.21|  45k   58k| 878B   25k|1440M 15.6G  663M 43.8G
1.87 6.17 8.97|   0    48k|  56B  616B| 808M 16.3G  663M 43.8G
1.80 5.80 8.77|5927k   57k|  52k   42k|3059M 13.6G  784M 44.2G
1.62 5.37 8.53|  73M   62k|1281B 3978B|8135M 4001M 2981M 46.5G
3.96 5.51 8.48|  32M   50k| 190B  302B|7616M 2444M 3927M 47.5G
7.52 6.28 8.64| 664k   44k|2821B  371k| 725M 16.5G  620M 43.7G
5.21 5.84 8.42|  13M   59k| 509k  333k|2523M 13.8G  894M 44.4G
6.63 6.19 8.46|2150B   50k|  59B   76B|2059M 14.2G  894M 44.4G
9.54 6.96 8.64|   0    47k| 619B  825B|2912M 13.4G  894M 44.4G
12.2 7.86 8.89|   0    41k| 135B  102B|1560M 14.7G  894M 44.4G
13.3 8.55 9.09|   0    44k|  19B   16B|2125M 14.2G  894M 44.4G
13.0 8.87 9.17|   0    39k|  43B   32B|3353M 13.0G  894M 44.4G
11.2 8.79 9.14|   0    41k|  48B   33B|3334M 13.0G  894M 44.4G
11.1 9.06 9.22|   0    42k|  35B   34B|3200M 13.1G  894M 44.4G
10.5 9.09 9.22|   0    45k|  56B   13B|3067M 13.3G  894M 44.4G
12.1 9.57 9.38|   0    44k|  15B   20B|2027M 14.3G  894M 44.4G
14.1 10.3 9.63|   0    41k|  42B    2B|1907M 14.4G  894M 44.4G
12.2 10.2 9.61|   0    43k|  28B   19B|2010M 14.3G  894M 44.4G
13.2 10.6 9.77|   0    43k|  69B   21B|2081M 14.2G  894M 44.4G
10.9 10.3 9.69|  11M   53k| 219k 1177k|1929M 14.3G  894M 44.4G
10.2 10.2 9.67|2150B   49k|  53B   77B|1968M 14.3G  894M 44.4G
12.8 10.8 9.90|   0    42k| 166B  208B|1949M 14.3G  894M 44.4G
13.1 11.1 10.0|   0    45k|  49B   14B|3321M 13.0G  894M 44.4G
13.9 11.5 10.2|   0    45k|   7B   11B|2578M 13.7G  894M 44.4G
14.8 11.9 10.4|   0    43k|  35B   25B|2907M 13.4G  894M 44.4G
14.3 12.1 10.5|   0    43k|  64B   30B|3025M 13.3G  894M 44.4G
15.2 12.6 10.7|   0    46k|  14B   16B|3290M 13.0G  894M 44.4G
11.7 12.0 10.6|   0    45k|  28B   19B|2251M 14.0G  894M 44.4G
11.1 11.8 10.6|   0    45k|  72B   23B|1819M 14.4G  894M 44.4G
9.47 11.3 10.4|   0    44k|  45B   44B|2249M 14.0G  894M 44.4G
10.7 11.5 10.5|   0    46k|  22B   26B|1973M 14.3G  894M 44.4G
11.3 11.6 10.6|   0    40k|  10B   12B|2355M 13.9G  894M 44.4G
9.71 11.2 10.5|   0    40k|  52B   43B|1976M 14.3G  894M 44.4G
10.6 11.2 10.5|   0    46k|  32B   21B|2135M 14.1G  894M 44.4G
12.7 11.7 10.7|   0    44k|  41B    4B|1975M 14.3G  894M 44.4G
13.2 11.9 10.8|   0    45k|  38B   31B|2153M 14.1G  894M 44.4G
11.5 11.7 10.8|   0    45k|  29B    2B|1953M 14.3G  894M 44.4G
12.3 11.9 10.8|   0    46k|  38B   31B|2060M 14.2G  894M 44.4G
13.0 12.0 10.9|   0    45k|  42B    2B|1943M 14.3G  894M 44.4G
12.0 11.9 10.9|   0    44k|  63B   67B|3321M 13.0G  894M 44.4G
12.4 12.0 11.0|   0    31k|  44B   33B|3352M 13.0G  894M 44.4G
11.4 11.8 10.9|  10M   62k| 192k 1445k|3131M 13.1G  894M 44.4G
13.0 12.1 11.1|2150B   46k|  64B   78B|2399M 13.8G  894M 44.4G
13.8 12.3 11.2|   0    46k|  39B   13B|2601M 13.7G  894M 44.4G
13.2 12.4 11.2|   0    46k|  80B   90B|2254M 14.0G  894M 44.4G
12.4 12.2 11.2|   0    45k|  57B   24B|3442M 12.8G  894M 44.4G
11.1 11.9 11.2|   0    45k|  27B   20B|3439M 12.8G  894M 44.4G
13.3 12.4 11.3|   0    44k|  25B   13B|2135M 14.1G  894M 44.4G
12.3 12.3 11.3|   0    47k|  28B   22B|2203M 14.0G  894M 44.4G
12.0 12.2 11.3|   0    45k|  91B   52B|3435M 12.8G  894M 44.4G
11.9 12.2 11.4|   0    42k|  26B   31B|3456M 12.8G  894M 44.4G
13.5 12.5 11.5|   0    39k|   5B    2B|3406M 12.9G  894M 44.4G
14.8 12.9 11.7|   0    40k|  48B   39B|2958M 13.3G  894M 44.4G
15.6 13.3 11.8|   0    46k|  29B   12B|3453M 12.8G  894M 44.4G
13.7 13.1 11.8|   0    44k|  41B   21B|2318M 13.9G  894M 44.4G
12.6 12.9 11.8|   0    42k|  19B   12B|3211M 13.1G  894M 44.4G
14.2 13.3 11.9|   0    41k|   9B   13B|2408M 13.8G  894M 44.4G
11.9 12.9 11.9|   0    44k|  53B   33B|2240M 14.0G  894M 44.4G
13.1 13.0 11.9|   0    43k|  95B   13B|3213M 13.1G  894M 44.4G
14.5 13.4 12.1|   0    45k| 134B  107B|1672M 14.6G  894M 44.4G
14.7 13.5 12.2|   0    28k|  42B   23B|2424M 13.8G  894M 44.4G
12.2 13.1 12.1|  11M   67k| 255k 1534k|2072M 14.1G  894M 44.5G
14.3 13.5 12.3|2150B   43k|  43B   67B|2007M 14.2G  894M 44.5G
15.2 13.8 12.4|   0    45k|  39B    2B|2770M 13.4G  894M 44.5G
13.3 13.5 12.3|   0    46k| 158B  205B|2004M 14.2G  894M 44.5G
13.5 13.6 12.4|   0    44k|  71B   31B|1966M 14.2G  894M 44.5G
14.2 13.7 12.5|   0    45k|  23B   20B|2165M 14.0G  894M 44.5G
14.6 13.9 12.6|   0    42k|  13B    2B|2118M 14.1G  894M 44.5G
13.4 13.7 12.6|   0    47k|  34B   25B|2013M 14.2G  894M 44.5G
12.9 13.5 12.5|   0    30k|  48B   44B|2122M 14.1G  894M 44.5G
12.4 13.3 12.5|   0    46k|  52B   15B|2478M 13.7G  894M 44.5G
13.4 13.5 12.6|   0    53k|  41B   25B|3338M 12.9G  894M 44.5G
13.5 13.5 12.6|   0    44k|  54B   32B|3291M 12.9G  894M 44.5G
12.8 13.3 12.6|   0    46k|  25B   12B|2033M 14.2G  894M 44.5G
14.3 13.7 12.7|   0    45k|  28B   19B|2641M 13.6G  894M 44.5G
14.4 13.8 12.8|   0    47k|  51B   16B|2126M 14.1G  894M 44.5G
13.2 13.6 12.8|   0    40k|  25B   13B|2253M 13.9G  894M 44.5G
13.6 13.6 12.8|   0    30k|  23B   24B|2039M 14.2G  894M 44.5G
12.9 13.4 12.8|   0    47k|  61B   13B|2124M 14.1G  894M 44.5G
12.8 13.4 12.8|   0    44k|  97B   90B|2189M 14.0G  894M 44.5G
13.3 13.5 12.8|   0    48k|  54B   14B|2424M 13.8G  894M 44.5G
14.6 13.8 12.9|   0    57k|  35B   23B|2329M 13.9G  894M 44.5G
13.6 13.6 12.9|   0    45k|  25B   26B|2713M 13.5G  894M 44.5G
12.1 13.2 12.8|  10M   56k|  10k 1541k|2872M 13.3G  894M 44.5G
12.4 13.2 12.8|2150B   46k|  53B   75B|2093M 14.1G  894M 44.5G
11.7 13.0 12.8|   0    45k|  25B    9B|3121M 13.1G  894M 44.5G
9.93 12.4 12.6|   0    42k|  69B  105B|2078M 14.1G  894M 44.5G
11.9 12.6 12.6|   0    47k|  25B   13B|3166M 13.0G  894M 44.5G
13.0 12.8 12.7|   0    28k|  55B   20B|2023M 14.1G  894M 44.5G
11.6 12.5 12.6|   0    47k|  64B   64B|2823M 13.4G  894M 44.5G
11.7 12.5 12.6|   0    46k|  45B   38B|2340M 13.8G  894M 44.5G
12.3 12.5 12.6|   0    47k|  41B    4B|3328M 12.9G  894M 44.5G
12.3 12.5 12.6|   0    45k|  37B   29B|3170M 13.0G  894M 44.5G
13.0 12.7 12.6|   0    44k|  26B    4B|2046M 14.1G  894M 44.5G
12.6 12.5 12.6|   0    46k|  28B   19B|2094M 14.1G  894M 44.5G
10.4 12.0 12.4|   0    47k| 106B   40B|2435M 13.7G  894M 44.5G
10.9 12.0 12.4|   0    44k|   9B   11B|1951M 14.2G  894M 44.5G
11.5 12.0 12.4|   0    31k|  19B   12B|2382M 13.8G  894M 44.5G
10.2 11.6 12.2|   0    45k|  36B   21B|3427M 12.8G  894M 44.5G
10.8 11.6 12.2|   0    41k|  96B   54B|2002M 14.2G  894M 44.5G
11.5 11.7 12.2|   0    46k|  37B   28B|2408M 13.8G  894M 44.5G
11.5 11.7 12.2|   0    58k|  24B   12B|2168M 14.0G  894M 44.5G
13.1 12.1 12.3|   0    43k|  50B   41B|2458M 13.7G  894M 44.5G
13.1 12.2 12.3|   0    47k|  41B    4B|3393M 12.8G  894M 44.5G
13.5 12.3 12.4|   0    46k|  10B   12B|2303M 13.9G  894M 44.5G
9.65 11.6 12.1|  13M   63k|  24k 1621k|2279M 13.9G  893M 44.6G
11.3 11.8 12.2|  25k   34k| 100B   71B|2563M 13.6G  894M 44.6G
11.2 11.7 12.2|   0    48k| 198B  273B|2105M 14.0G  894M 44.6G
12.6 11.9 12.2|   0    47k|  18B   14B|3352M 12.8G  894M 44.6G
13.0 12.1 12.2|   0    47k|  69B   72B|3130M 13.0G  894M 44.6G
10.7 11.6 12.1|   0    46k|  40B   29B|3433M 12.7G  894M 44.6G
11.5 11.7 12.1|   0    45k|  45B    7B|1931M 14.2G  894M 44.6G
11.8 11.7 12.1|   0    46k|  31B   36B|1999M 14.1G  894M 44.6G
11.6 11.6 12.1|   0    47k|  41B   23B|2339M 13.8G  894M 44.6G
11.9 11.7 12.1|   0    28k|  50B   13B|1829M 14.3G  894M 44.6G
11.6 11.7 12.1|   0    48k|  64B   47B|1871M 14.3G  894M 44.6G
10.7 11.5 12.0|   0    47k|  20B   23B|2040M 14.1G  894M 44.6G
11.2 11.5 12.0|   0    44k|  62B   27B|3072M 13.1G  894M 44.6G
9.99 11.2 11.8|   0    45k|  30B   17B|2921M 13.2G  894M 44.6G
11.3 11.4 11.9|   0    47k|  94B   80B|2253M 13.9G  894M 44.6G
12.6 11.7 12.0|   0    43k|  44B   13B|2033M 14.1G  894M 44.6G
12.6 11.8 12.0|   0    55k|  24B   27B|2440M 13.7G  894M 44.6G
13.9 12.2 12.1|   0    29k|  73B   43B|2041M 14.1G  894M 44.6G
14.2 12.4 12.2|   0    49k|  64B   35B|2450M 13.7G  894M 44.6G
14.0 12.5 12.2|   0    47k|  35B   22B|1968M 14.2G  894M 44.6G
13.0 12.4 12.2|   0    46k| 119B   77B|3366M 12.8G  894M 44.6G
13.3 12.6 12.3|   0    45k|  17B   19B|3346M 12.8G  894M 44.6G
9.62 11.8 12.0|  10M   52k|  11k 1536k|1738M 14.4G  892M 44.6G
11.5 12.0 12.1|  68k   53k|  54B   77B|2240M 13.9G  894M 44.6G
11.1 11.8 12.0|   0    47k|  69B   56B|1957M 14.1G  894M 44.6G
11.1 11.7 12.0|   0    32k| 117B  113B|3166M 13.0G  894M 44.6G
10.4 11.6 11.9|   0    61k|  35B   23B|2301M 13.8G  894M 44.6G
11.8 11.8 12.0|   0    42k|  40B   45B|3298M 12.8G  894M 44.6G
12.8 12.1 12.1|   0    45k|  50B   12B|3296M 12.8G  894M 44.6G
12.4 12.1 12.1|   0    46k|  33B   24B|1797M 14.3G  894M 44.6G
13.2 12.3 12.2|   0    46k|  15B   12B|2325M 13.8G  894M 44.6G
14.2 12.6 12.3|   0    28k|  60B   28B|2012M 14.1G  894M 44.6G
13.4 12.5 12.2|   0    46k|  47B   36B|1952M 14.1G  894M 44.6G
14.0 12.7 12.3|   0    44k|  51B   15B|2373M 13.7G  894M 44.6G
11.3 12.2 12.2|   0    44k|  80B   79B|2259M 13.8G  894M 44.6G
11.4 12.2 12.1|   0    46k|  41B   32B|3376M 12.7G  894M 44.6G
10.6 11.9 12.1|   0    56k|  60B   24B|3323M 12.8G  894M 44.6G
11.2 11.9 12.1|   0    43k|  14B   17B|1699M 14.4G  894M 44.6G
12.8 12.2 12.2|   0    45k|  47B   36B|3286M 12.8G  894M 44.6G
12.2 12.2 12.1|   0    46k|  43B    6B|2835M 13.3G  894M 44.6G
13.0 12.3 12.2|   0    44k|  58B   54B|2076M 14.0G  894M 44.6G
12.6 12.3 12.2|   0    43k|  19B   16B|2120M 14.0G  894M 44.6G
12.7 12.3 12.2|   0    43k|  68B   22B|2067M 14.0G  894M 44.6G
13.4 12.5 12.2|   0    30k|  27B   29B|3285M 12.8G  894M 44.6G
12.9 12.4 12.2|   0    44k|  79B   58B|3336M 12.8G  894M 44.6G
9.73 11.7 12.0|  11M   56k|  17k 1361k|3042M 13.0G  894M 44.6G
10.2 11.6 12.0|  25k   62k|  67B   76B|1897M 14.2G  894M 44.6G
10.1 11.5 11.9|   0    43k| 115B  136B|1960M 14.1G  894M 44.6G
12.1 11.8 12.0|   0    42k|  68B   65B|3255M 12.8G  894M 44.6G
11.7 11.8 12.0|   0    42k|  41B    4B|3244M 12.8G  894M 44.6G
11.4 11.7 11.9|   0    47k|  58B   51B|3047M 13.0G  894M 44.6G
13.0 12.0 12.0|   0    44k|  39B    2B|2657M 13.4G  894M 44.6G
12.9 12.0 12.1|   0    44k|  12B   12B|3058M 13.0G  894M 44.6G
13.6 12.3 12.1|   0    27k|  32B   21B|2971M 13.1G  894M 44.6G
12.6 12.2 12.1|   0    44k|  83B   51B|2021M 14.0G  894M 44.6G
13.7 12.5 12.2|   0    45k|  23B   22B|2581M 13.5G  894M 44.6G
13.9 12.7 12.3|   0    60k|  30B   21B|2398M 13.7G  894M 44.6G
15.1 13.1 12.4|   0    38k|  67B   32B|1982M 14.1G  894M 44.6G
15.7 13.4 12.6|   0    46k|   7B   11B|2356M 13.7G  894M 44.6G
15.3 13.5 12.6|   0    49k|  33B   23B|2329M 13.7G  894M 44.6G
13.1 13.2 12.5|   0    45k|  37B   21B|1892M 14.2G  894M 44.6G
12.3 13.0 12.5|   0    48k|  43B   12B|1792M 14.3G  894M 44.6G
12.5 13.0 12.5|   0    47k|  42B   21B|2360M 13.7G  894M 44.6G
13.3 13.1 12.6|   0    42k|  25B   12B|1972M 14.1G  894M 44.6G
13.3 13.1 12.6|   0    46k|  86B   77B|2863M 13.2G  894M 44.6G
13.5 13.2 12.6|   0    47k|  13B   13B|2955M 13.1G  894M 44.6G
14.1 13.3 12.7|   0    47k|  56B   18B|1980M 14.1G  894M 44.6G
10.0 12.4 12.4|8945k   62k| 283k 1507k|1241M 15.0G  776M 44.5G
11.0 12.4 12.4|4039k   32k| 301k 8715B|1932M 14.1G  894M 44.7G
12.0 12.5 12.4|   0    49k|  61B   11B|1783M 14.2G  894M 44.7G
10.3 12.1 12.3|   0    49k| 246B  337B|2099M 13.9G  894M 44.7G
10.8 12.0 12.3|   0    42k|   4B    4B|2241M 13.8G  894M 44.7G
12.6 12.3 12.3|   0    43k|  30B   21B|2283M 13.7G  894M 44.7G
14.2 12.7 12.5|   0    44k|  68B   18B|2769M 13.3G  894M 44.7G
14.3 12.8 12.6|   0    42k|  72B   77B|1962M 14.1G  894M 44.7G
15.2 13.2 12.7|   0    28k|  69B   61B|1989M 14.0G  894M 44.7G
14.4 13.2 12.7|   0    59k|  24B   18B|2265M 13.8G  894M 44.7G
14.2 13.3 12.8|   0    34k|  49B   17B|3206M 12.8G  894M 44.7G
13.3 13.2 12.7|   0    42k|  37B   19B|3323M 12.7G  894M 44.7G
14.0 13.4 12.8|   0    46k|  61B   23B|2071M 14.0G  894M 44.7G
15.1 13.7 12.9|   0    46k|  22B   22B|2215M 13.8G  894M 44.7G
12.3 13.2 12.8|   0    47k|  57B   33B|3023M 13.0G  894M 44.7G
14.2 13.5 12.9|   0    44k|  21B    2B|2285M 13.7G  894M 44.7G
14.1 13.6 13.0|   0    44k|  27B   24B|2320M 13.7G  894M 44.7G
14.2 13.7 13.0|   0    30k|  66B   53B|3124M 12.9G  894M 44.7G
14.7 13.8 13.1|   0    47k|  32B   31B|2349M 13.7G  894M 44.7G
14.3 13.8 13.1|   0    62k|  36B    5B|2450M 13.6G  894M 44.7G
10.0 12.8 12.8|9222k   46k|  17k 1404k|1158M 15.0G  837M 44.6G
11.9 13.0 12.9|1948k   53k|1060B 1313B|3252M 12.8G  894M 44.7G
13.2 13.2 12.9|   0    47k|  44B   26B|2319M 13.7G  894M 44.7G
12.4 13.1 12.9|   0    47k| 165B  216B|2003M 14.0G  894M 44.7G
12.5 13.0 12.9|   0    47k|  56B   24B|3164M 12.9G  894M 44.7G
13.2 13.2 12.9|   0    44k|  33B   24B|3295M 12.7G  894M 44.7G
13.4 13.2 13.0|   0    45k|  48B   24B|1987M 14.0G  894M 44.7G
14.7 13.6 13.1|   0    31k|  90B   81B|2089M 13.9G  894M 44.7G
14.5 13.6 13.1|   0    46k|  51B   42B|2261M 13.7G  894M 44.7G
14.0 13.6 13.1|   0    60k|  46B   13B|1889M 14.1G  894M 44.7G
13.5 13.6 13.1|   0    39k|  52B   38B|2358M 13.6G  894M 44.7G
13.8 13.6 13.2|   0    46k|  33B   24B|2381M 13.6G  894M 44.7G
14.9 13.9 13.3|   0    43k|  60B   26B|3244M 12.8G  894M 44.7G
12.4 13.4 13.1|   0    44k|  47B   33B|2275M 13.7G  894M 44.7G
12.0 13.2 13.1|   0    47k|  28B   33B|3226M 12.8G  894M 44.7G
12.8 13.2 13.1|   0    48k|  46B   15B|3341M 12.7G  894M 44.7G
13.4 13.4 13.1|   0    41k| 130B   44B|3264M 12.8G  894M 44.7G
13.6 13.4 13.2|   0    31k|  57B   49B|2207M 13.8G  894M 44.7G
13.9 13.4 13.2|   0    47k|  37B   32B|3152M 12.9G  894M 44.7G
13.8 13.5 13.2|   0    44k|  32B   13B|3035M 13.0G  894M 44.7G
12.8 13.3 13.1|   0    54k|  43B   43B|2215M 13.8G  894M 44.7G
13.4 13.4 13.2|7543B   44k| 169B  142B|1646M 14.3G  895M 44.7G
8.93 12.3 12.8|8536k   65k| 577k 1501k| 845M 15.9G  655M 44.2G
8.21 11.8 12.6|8124k   52k|5563B  159k|3133M 12.9G  894M 44.7G
9.71 11.8 12.6|2150B   30k| 142B  176B|1838M 14.1G  894M 44.7G
9.41 11.5 12.5|   0    46k|  24B    7B|2007M 14.0G  894M 44.7G
9.66 11.4 12.4|   0    43k| 687B  941B|1898M 14.1G  894M 44.7G
11.2 11.6 12.5|   0    46k|  88B   75B|2472M 13.5G  894M 44.7G
10.5 11.4 12.4|   0    43k|  57B   32B|2334M 13.6G  894M 44.7G
12.0 11.7 12.4|   0    49k|  37B   11B|3298M 12.7G  894M 44.7G
12.9 11.9 12.5|   0    55k|  39B   39B|3251M 12.7G  894M 44.7G
14.1 12.3 12.6|   0    48k|  47B   14B|1875M 14.1G  894M 44.7G
14.3 12.5 12.7|   0    43k|  44B   36B|1806M 14.1G  894M 44.7G
12.6 12.3 12.6|   0    28k|  26B   26B|2988M 13.0G  894M 44.7G
12.8 12.3 12.6|   0    46k|  68B   33B|2033M 13.9G  894M 44.7G
12.6 12.3 12.6|   0    47k|  35B   23B|3354M 12.6G  894M 44.7G
11.5 12.0 12.5|   0    45k|  58B   25B|2149M 13.8G  894M 44.7G
11.1 11.9 12.4|7129k   55k|  12k  727k|1162M 15.0G  776M 44.6G
11.6 12.0 12.4|4038k   52k|1240B  229k|3298M 12.7G  894M 44.7G
13.6 12.4 12.6|2150B   49k|  17B    2B|2133M 13.8G  894M 44.7G
11.2 12.0 12.4|   0    54k| 167B  210B|3142M 12.8G  895M 44.7G
11.8 12.1 12.4|   0    29k|   7B    4B|2006M 13.9G  895M 44.7G
13.8 12.6 12.6|   0    48k|  44B   11B|3056M 12.9G  895M 44.7G
12.4 12.3 12.5|   0    44k|  51B   40B|3258M 12.7G  895M 44.7G
12.5 12.3 12.5|   0    46k|  44B   11B|1937M 14.0G  895M 44.7G
13.7 12.7 12.6|   0    47k|  34B   23B|2236M 13.7G  895M 44.7G
14.8 13.0 12.7|   0    43k|   7B   11B|1747M 14.2G  895M 44.7G
14.7 13.2 12.8|   0    46k|  69B   58B|2969M 13.0G  895M 44.7G
14.5 13.3 12.8|   0    44k|  19B   16B|3116M 12.8G  895M 44.7G
12.7 12.9 12.7|   0    47k|  55B   23B|2287M 13.7G  895M 44.7G
14.2 13.3 12.8|   0    51k|  46B   31B|2238M 13.7G  895M 44.7G
13.3 13.1 12.8|   0    44k|  38B   22B|2856M 13.1G  895M 44.7G
12.4 13.0 12.8|  11M   56k| 214k 1257k|1974M 13.9G  894M 44.8G
13.2 13.1 12.8|  25k   33k|  51B   67B|2346M 13.6G  895M 44.8G
13.4 13.2 12.9|   0    45k|  38B   13B|3409M 12.5G  895M 44.8G
11.8 12.8 12.8|   0    43k| 112B  146B|2002M 13.9G  895M 44.8G
13.7 13.2 12.9|   0    46k|  19B    2B|2807M 13.1G  895M 44.8G
12.5 12.9 12.8|   0    48k| 100B   92B|2163M 13.7G  895M 44.8G
12.9 12.9 12.8|   0    44k|  52B   12B|2990M 12.9G  895M 44.8G
12.7 12.9 12.8|   0    47k|  15B   10B|3079M 12.9G  895M 44.8G
12.6 12.8 12.8|   0    50k|  33B   23B|1905M 14.0G  895M 44.8G
12.1 12.7 12.7|   0    49k|  46B   13B|2231M 13.7G  895M 44.8G
13.4 13.0 12.8|   0    46k|  12B   14B|3010M 12.9G  895M 44.8G
12.9 12.9 12.8|   0    46k|  50B   41B|2055M 13.8G  895M 44.8G
12.8 12.8 12.8|   0    29k|  33B   12B|2000M 13.9G  895M 44.8G
12.1 12.7 12.7|   0    45k|  47B   23B|2025M 13.9G  895M 44.8G
12.5 12.8 12.8|   0    48k|  10B   12B|3333M 12.6G  895M 44.8G
13.1 12.9 12.8|   0    42k|  95B   93B|3213M 12.7G  895M 44.8G
13.1 13.0 12.8|   0    46k|  47B   36B|2251M 13.7G  895M 44.8G
11.7 12.7 12.8|   0    48k|  44B   13B|2036M 13.9G  895M 44.8G
12.1 12.7 12.7|   0    52k|  37B   21B|3040M 12.9G  895M 44.8G
13.9 13.1 12.9|   0    47k|   7B   11B|2276M 13.6G  895M 44.8G
14.0 13.2 12.9|   0    44k|  26B   11B|2005M 13.9G  895M 44.8G
13.5 13.2 12.9|   0    27k|  69B   34B|2175M 13.7G  895M 44.8G
12.2 12.8 12.8|  10M   52k|9159B 1342k|2164M 13.7G  895M 44.8G
13.0 13.0 12.9|2150B   50k|  67B   76B|3091M 12.8G  895M 44.8G
11.3 12.6 12.7|   0    46k|  41B    4B|2084M 13.8G  895M 44.8G
10.8 12.2 12.6|   0    48k| 117B  125B|1989M 13.9G  895M 44.8G
10.6 12.1 12.5|   0    47k|  31B   14B|1858M 14.0G  895M 44.8G
11.0 12.1 12.5|   0    48k|  36B   20B|2028M 13.8G  895M 44.8G
11.9 12.1 12.5|   0    52k|  41B   26B|1942M 13.9G  895M 44.8G
12.4 12.3 12.6|   0    43k|  25B   27B|2568M 13.3G  895M 44.8G
14.1 12.7 12.7|  86k   90k| 229B   78B|1871M 14.0G  895M 44.8G
11.7 12.2 12.6|   0    46k|  22B   24B|2397M 13.5G  895M 44.8G
12.7 12.4 12.6|   0    43k|  26B   11B|1957M 13.9G  895M 44.8G
10.5 11.9 12.4|   0    46k|  38B   31B|1919M 14.0G  895M 44.8G
10.8 11.9 12.4|   0    47k|   4B    4B|2170M 13.7G  895M 44.8G
12.4 12.2 12.5|   0    29k| 130B   89B|2300M 13.6G  895M 44.8G
14.2 12.7 12.6|   0    49k|  19B   13B|3014M 12.9G  895M 44.8G
14.3 12.8 12.7|   0    44k|  48B   24B|2017M 13.9G  895M 44.8G
14.2 12.9 12.7|   0    52k|  23B   11B|2138M 13.7G  895M 44.8G
14.4 13.1 12.8|   0    48k|  17B   10B|2351M 13.5G  895M 44.8G
15.3 13.4 12.9|   0    46k|  37B   12B|3245M 12.7G  895M 44.8G
15.3 13.6 13.0|   0    43k|  53B   41B|2143M 13.7G  895M 44.8G
12.5 13.1 12.9|5014k   55k|  19k 1438k|1242M 15.2G  696M 44.4G
8.16 12.0 12.5| 267k   44k|1528k   97k|3235M 13.2G  704M 44.5G
6.51 11.3 12.2|3257k   66k|1697k  402k|3096M 13.3G  704M 44.5G
4.48 10.3 11.9|3257k   65k|  12k  403k|2674M 13.7G  704M 44.5G
3.38 9.50 11.6|   0    63k|  80B   90B|3259M 13.1G  704M 44.5G
2.64 8.73 11.2|3258k   62k| 903k  468k|3046M 13.3G  704M 44.6G
2.21 8.04 10.9| 591k   75k|2447B  361k| 781M 15.8G  624M 44.4G
1.93 7.41 10.6|2666k   58k|1240k  105k|3112M 13.2G  704M 44.6G
1.76 6.85 10.3|3257k   63k|1398k  440k|2313M 13.9G  704M 44.7G
1.72 6.35 10.1|   0    67k|  58B   79B|3147M 13.1G  704M 44.7G
1.63 5.89 9.78|3257k   61k|1244k  389k|2981M 13.2G  704M 44.7G
1.58 5.46 9.52|   0    61k|  37B   21B|3260M 12.9G  704M 44.7G
1.63 5.10 9.27|3268k   62k| 731k  376k|3041M 13.1G  704M 44.7G
1.65 4.77 9.02|   0    64k| 151B  146B|3410M 12.8G  704M 44.7G
1.61 4.46 8.78|3257k   61k| 911k  463k|3095M 13.0G  704M 44.8G
1.56 4.17 8.55|3257k   66k| 916k  458k|2663M 13.4G  704M 44.8G
1.54 3.92 8.32|2208k   76k|2528B  351k| 760M 15.4G  673M 44.7G
1.53 3.69 8.11|1049k   69k|  50k   87k|3241M 12.9G  704M 44.8G
1.68 3.51 7.90|3257k   68k|1279k  384k|3017M 13.1G  704M 44.8G
1.62 3.32 7.70|3257k   52k|  11k  383k|3096M 13.0G  704M 44.8G
1.72 3.17 7.51|  11M   74k|  26k  642k|1877M 13.5G  894M 45.3G
6.44 4.20 7.72|  25k   54k| 141B  145B|1964M 13.5G  895M 45.3G
8.72 4.93 7.85|   0    45k| 278B  391B|1474M 13.9G  895M 45.3G
10.3 5.62 7.98|   0    48k|  65B   66B|2049M 13.4G  895M 45.3G
10.9 6.20 8.10|   0    40k|  35B   26B|2180M 13.3G  895M 45.3G
11.1 6.72 8.21|   0    44k|  71B   23B|1994M 13.4G  895M 45.3G
13.1 7.62 8.47|   0    54k|  23B   24B|2401M 13.0G  895M 45.3G
14.7 8.54 8.74|   0    44k|  15B   20B|3195M 12.3G  895M 45.3G
15.5 9.32 9.00|   0    28k|  34B   21B|2037M 13.4G  895M 45.3G
14.2 9.55 9.08|   0    45k|  63B   32B|1976M 13.4G  895M 45.3G
14.0 9.97 9.24|   0    46k|  23B   11B|1985M 13.4G  895M 45.3G
14.0 10.4 9.41|   0    44k|  42B   22B|1958M 13.5G  895M 45.3G
14.8 10.9 9.62|   0    44k|  29B   11B|2242M 13.2G  895M 45.3G
15.0 11.3 9.78|   0    43k|  85B   87B|2102M 13.3G  895M 45.3G
15.6 11.8 10.0|   0    46k|  54B   14B|1858M 13.6G  895M 45.3G
16.1 12.3 10.2|   0    44k|  30B   21B|2010M 13.4G  895M 45.3G
16.3 12.7 10.4|   0    51k|  69B   21B|2211M 13.2G  895M 45.3G
13.4 12.4 10.4| 626k   32k|2281B 1251k| 684M 15.7G  610M 44.6G
8.77 11.4 10.1|3155k   61k|1374k  105k|3242M 12.8G  704M 44.9G
5.91 10.4 9.84|3511k   70k| 228k  423k|3086M 12.9G  704M 44.9G
5.19 9.80 9.65|3257k   69k|1387k  383k|3028M 12.9G  704M 45.0G
3.74 9.01 9.39|   0    66k|  89B  125B|3241M 12.7G  704M 45.0G
2.97 8.32 9.15|2356k   73k| 634k  362k| 783M 15.4G  616M 44.8G
2.38 7.67 8.90|4732k   74k|2563k  119k|1969M 13.8G  703M 45.1G
2.02 7.08 8.67|  27k   65k| 435B  563B|3241M 12.6G  704M 45.1G
2.49 6.69 8.49| 328k   65k| 165k  325k|1913M 14.2G  617M 44.8G
2.60 6.30 8.30|   0    73k| 565B 1497B|2008M 14.1G  617M 44.8G
2.65 5.97 8.12|   0    64k| 248B 1695B|2248M 13.9G  617M 44.8G
2.53 5.63 7.94| 265k   61k| 190k  366k|1208M 14.9G  617M 44.9G
2.60 5.36 7.78|2185B   47k|  22k  856B|1926M 14.2G  617M 44.9G
2.95 5.18 7.64|   0    64k| 178B 1377B|2085M 14.0G  617M 44.9G
2.85 4.93 7.48|   0    63k| 250B 1865B|2195M 13.9G  617M 44.9G
2.76 4.70 7.32| 267k   65k|  53k  331k|1869M 14.2G  617M 44.9G
2.63 4.49 7.16|   0    66k| 315B 1280B|2049M 14.1G  617M 44.9G
2.79 4.34 7.03|   0    60k| 324B 1915B|2208M 13.9G  617M 44.9G
2.65 4.15 6.88| 267k   68k| 146k  337k|1776M 14.3G  617M 44.9G
2.63 4.01 6.74|   0    73k| 278B 1001B|1806M 14.3G  617M 44.9G
2.41 3.82 6.59|   0    56k| 179B 1432B|2077M 14.0G  617M 44.9G
2.36 3.67 6.45| 259k   41k| 152k  323k|1103M 15.0G  616M 44.9G
2.96 3.70 6.37|8465B   68k| 270B  742B|1795M 14.3G  617M 44.9G
3.04 3.65 6.27|   0    64k| 208B 1058B|2046M 14.0G  617M 44.9G
2.95 3.57 6.16|   0    63k| 236B 1836B|2194M 13.9G  617M 44.9G
3.33 3.61 6.09| 259k   66k|3151B  334k|1280M 14.8G  616M 44.9G
3.18 3.55 5.99|8465B   68k|  61k 1091B|2011M 14.1G  617M 44.9G
3.12 3.50 5.89|   0    65k| 215B  549B|2103M 14.0G  617M 44.9G
2.85 3.39 5.78|   0    41k| 341B 1831B|2319M 13.8G  617M 44.9G
2.73 3.31 5.67|   0    77k| 701B  199k| 863M 15.2G  617M 44.9G
2.63 3.23 5.57| 267k   61k| 139k  201k|1832M 14.2G  617M 44.9G
2.69 3.19 5.48|   0    66k| 221B 1408B|1903M 14.2G  617M 44.9G
2.44 3.09 5.38| 267k   63k|2986B  306k|1191M 14.8G  617M 44.9G
2.90 3.13 5.32|   0    66k| 232B  774B|1954M 14.1G  617M 44.9G
3.04 3.14 5.25|   0    67k| 201B  798B|2196M 13.9G  617M 44.9G
3.07 3.13 5.17|   0    57k| 292B 2037B|2356M 13.7G  617M 44.9G
2.97 3.10 5.10|   0    57k| 286B 1462B|2508M 13.6G  617M 44.9G
3.16 3.14 5.05| 267k   62k|3024B  388k|1737M 14.3G  617M 44.9G
2.77 3.04 4.95|   0    67k| 275B  892B|1908M 14.1G  617M 44.9G
2.40 2.92 4.85|   0    76k| 220B 1838B|2121M 13.9G  617M 44.9G
2.51 2.90 4.78| 267k   58k| 183k  319k|1684M 14.3G  617M 45.0G
2.18 2.78 4.68|   0    69k| 183B  765B|2083M 13.9G  617M 45.0G
2.51 2.82 4.63|   0    60k| 249B 1692B|2255M 13.8G  617M 45.0G
2.83 2.88 4.59|   0    63k| 231B 1689B|2465M 13.6G  617M 45.0G
2.57 2.80 4.51| 523k   69k| 203k  387k|1822M 14.2G  617M 45.0G
2.55 2.78 4.45|   0    47k| 254B  936B|1983M 14.0G  617M 45.0G
2.74 2.79 4.40|   0    64k| 368B 2029B|2104M 13.9G  617M 45.0G
2.89 2.81 4.35| 521k   69k| 199k  314k|1674M 14.3G  617M 45.0G
3.19 2.88 4.33|   0    61k| 234B  757B|2034M 14.0G  617M 45.0G
3.06 2.89 4.28|   0    77k| 249B 1257B|2131M 13.9G  617M 45.0G
3.40 2.98 4.27| 683B   64k|1111B 2240B|2358M 13.6G  617M 45.0G
3.02 2.93 4.21| 259k   64k| 175k  374k|1067M 14.9G  617M 45.0G
3.13 2.97 4.18|8465B   67k| 235B  773B|2018M 14.0G  617M 45.0G
2.60 2.86 4.11|   0    62k| 206B 1334B|2230M 13.8G  617M 45.0G
2.77 2.89 4.08|   0    61k| 287B 1814B|2391M 13.6G  617M 45.0G
2.96 2.93 4.05| 267k   65k| 189k  386k|1698M 14.3G  617M 45.0G
3.17 2.98 4.04|   0    68k| 224B  780B|1938M 14.0G  617M 45.0G
3.19 3.02 4.01|   0    45k| 277B 1728B|2084M 13.9G  617M 45.0G
3.46 3.10 4.01|   0    63k| 247B 1695B|2241M 13.7G  617M 45.0G
3.04 3.04 3.96| 267k   82k| 151k  313k|1839M 14.1G  617M 45.0G
3.20 3.07 3.94|   0    61k| 227B  924B|2003M 13.9G  617M 45.0G
3.41 3.14 3.93|   0    63k| 298B 2001B|2101M 13.9G  617M 45.0G
3.19 3.12 3.90| 267k   61k| 139k  316k|1530M 14.4G  617M 45.0G
2.91 3.06 3.86|   0    67k| 204B  751B|1947M 14.0G  617M 45.0G
2.69 3.00 3.81|   0    61k| 248B 1707B|2039M 13.9G  617M 45.0G
2.70 2.97 3.78| 258k   45k|  43k  307k| 659M 15.2G  617M 45.1G
2.51 2.91 3.73| 264k   62k| 317k 3958B|1786M 14.1G  617M 45.1G
2.68 2.92 3.71|   0    63k| 267B 1683B|2036M 13.9G  617M 45.1G
2.48 2.84 3.66| 254k   62k| 166k  297k| 947M 14.9G  616M 45.1G
2.09 2.71 3.59| 781k   81k| 342k  733k|1145M 14.7G  616M 45.1G
2.00 2.63 3.53| 781k   65k| 169k  539k| 918M 14.9G  617M 45.1G
1.79 2.52 3.47| 279k   61k| 158k  339k| 963M 14.9G  617M 45.1G
1.67 2.42 3.40| 781k   68k|6534B  669k| 925M 14.9G  617M 45.2G
1.71 2.36 3.35| 530k   65k| 185k  561k| 985M 14.8G  617M 45.2G
1.62 2.28 3.29| 753k   71k| 186k  625k| 962M 14.8G  616M 45.2G
1.56 2.20 3.23| 530k   46k| 469k  545k|1035M 14.7G  617M 45.2G
1.53 2.13 3.17| 781k   71k| 183k  525k| 962M 14.8G  616M 45.2G
1.52 2.07 3.12| 779k   69k| 159k  702k| 904M 14.8G  616M 45.3G
1.68 2.05 3.08| 532k   65k| 157k  497k| 843M 14.8G  616M 45.3G
1.68 2.01 3.03| 781k   76k| 179k  764k| 980M 14.7G  617M 45.3G
1.62 1.96 2.98| 769k   73k| 313k  544k| 921M 14.7G  616M 45.3G
1.58 1.92 2.93| 808k   49k| 154k  806k| 829M 14.8G  617M 45.4G
1.56 1.88 2.89| 503k   66k| 311k  349k| 971M 14.6G  617M 45.4G
1.54 1.84 2.84|1004k   72k| 147k  497k| 882M 14.7G  617M 45.4G
1.53 1.81 2.80| 530k   69k| 338k  527k| 939M 14.6G  617M 45.4G
1.45 1.76 2.75| 776k   63k|6635B  763k| 673M 14.8G  615M 45.4G
1.54 1.76 2.71| 598k   70k| 574k  455k| 938M 14.6G  617M 45.5G
1.54 1.73 2.68| 808k   69k| 173k  638k| 922M 14.5G  617M 45.5G
1.53 1.71 2.64| 530k   47k| 146k  494k| 916M 14.5G  617M 45.5G
1.53 1.69 2.60| 753k   86k| 175k  545k| 952M 14.5G  617M 45.5G
1.52 1.67 2.56| 781k   55k| 175k  752k|1092M 14.3G  617M 45.6G
1.52 1.66 2.53| 530k   64k| 162k  366k| 860M 14.5G  617M 45.6G
1.52 1.64 2.49|1007k   64k| 328k  523k| 897M 14.5G  616M 45.6G
1.74 1.68 2.48| 559k   68k| 172k  656k| 944M 14.4G  617M 45.6G
1.63 1.66 2.44| 530k   68k| 141k  326k| 913M 14.4G  617M 45.6G
2.03 1.74 2.45| 766k   70k| 459k  492k|1835M 13.5G  617M 45.7G
2.08 1.78 2.44|   0    65k| 403B  753B|1979M 13.4G  617M 45.7G
2.05 1.80 2.43|   0    63k| 259B 1605B|2091M 13.2G  617M 45.7G
2.41 1.93 2.45|   0    62k| 420B 1937B|2383M 13.0G  617M 45.7G
2.16 1.92 2.43| 784k   69k| 715k  864k|1171M 14.1G  617M 45.7G
2.47 2.00 2.44| 753k  204k| 218k  306k|1044M 14.2G  617M 45.7G
3.40 2.27 2.51|   0    57k|  51B  108B|1027M 14.2G  617M 45.7G
4.40 2.65 2.63|   0    75k| 181B  257B|1038M 14.2G  617M 45.7G
4.73 2.89 2.71|   0    67k|  69B   73B|1009M 14.2G  617M 45.7G
3.38 2.74 2.67| 252k   57k|2407B  166k| 980M 14.3G  617M 45.7G
5.26 3.26 2.85|   0    56k|  84B  110B| 935M 14.3G  617M 45.7G
4.38 3.25 2.86|   0    58k|  60B   47B|1035M 14.2G  617M 45.7G
3.70 3.19 2.85|   0    57k|  90B   77B|1008M 14.2G  617M 45.7G
3.23 3.14 2.84| 252k   61k|2525B  164k| 949M 14.3G  617M 45.7G
5.31 3.65 3.02|   0    72k|  70B  130B| 999M 14.2G  617M 45.7G
5.83 3.94 3.14|   0    52k|  96B   68B| 902M 14.3G  617M 45.7G
5.74 4.10 3.22|   0    56k|  14B   14B| 916M 14.3G  617M 45.7G
4.51 3.98 3.21| 252k   61k|2501B  152k| 974M 14.3G  617M 45.7G
5.25 4.19 3.30|   0    58k|  65B   23B| 998M 14.2G  617M 45.7G
6.11 4.48 3.43|   0    56k| 121B   70B| 999M 14.2G  617M 45.7G
5.68 4.52 3.47|   0    55k|  52B   14B| 994M 14.2G  617M 45.7G
6.33 4.78 3.59|   0    39k| 136B   78B|1051M 14.2G  617M 45.7G
5.71 4.79 3.63|   0    58k|  88B   33B|1050M 14.2G  617M 45.7G
5.86 4.92 3.72|   0    58k|  46B   13B|1047M 14.2G  617M 45.7G
4.60 4.69 3.68|   0    75k|  74B   14B|1051M 14.2G  617M 45.7G
4.69 4.72 3.72| 251k   51k| 177k  183k| 954M 14.3G  617M 45.7G
4.07 4.54 3.69| 502k   67k| 396k  366k|1044M 14.2G  617M 45.8G
3.57 4.37 3.66|   0    62k| 119B  146B|1019M 14.2G  617M 45.8G
4.62 4.55 3.74|   0    61k|  26B    2B|1018M 14.2G  617M 45.8G
5.10 4.68 3.81|   0    38k| 159B  170B|1000M 14.2G  617M 45.8G
5.12 4.71 3.85|   0    62k|   7B    4B|1039M 14.2G  617M 45.8G
5.29 4.79 3.90|   0    58k| 103B   88B| 967M 14.2G  617M 45.8G
5.83 4.97 3.99|   0    60k|  41B    8B|1013M 14.2G  617M 45.8G
5.42 4.95 4.02|   0    56k|  42B   29B|1024M 14.2G  617M 45.8G
4.41 4.76 3.98|   0    70k|  23B    2B|1001M 14.2G  617M 45.8G
4.74 4.79 4.02|   0    53k|  12B   14B|1044M 14.2G  617M 45.8G
4.50 4.72 4.01|   0    58k|  34B   13B|1046M 14.2G  617M 45.8G
4.30 4.65 4.01|   0    36k| 123B   34B| 960M 14.2G  617M 45.8G
4.70 4.70 4.05|   0    58k|  23B   16B|1024M 14.2G  617M 45.8G
4.87 4.75 4.08|   0    59k| 195B 1479B| 998M 14.2G  617M 45.8G
4.46 4.67 4.08|   0    59k| 239B 1906B|1030M 14.2G  617M 45.8G
4.65 4.70 4.11|   0    60k| 323B 1796B|1035M 14.2G  617M 45.8G
5.14 4.82 4.17|   0    59k| 240B 1835B|1044M 14.2G  617M 45.8G
4.98 4.85 4.20| 502k   60k| 139k  333k| 865M 14.3G  617M 45.8G
3.62 4.53 4.11| 530k   76k| 244k  443k|1000M 14.2G  617M 45.8G
4.73 4.70 4.18|   0    45k|  92B  136B|1041M 14.1G  617M 45.8G
4.86 4.72 4.21|   0    58k|  30B   15B|1018M 14.2G  617M 45.8G
6.06 5.03 4.33|   0    59k| 174B  187B| 995M 14.2G  617M 45.8G
5.81 5.04 4.35|   0    62k|   4B    4B|1008M 14.2G  617M 45.8G
6.44 5.26 4.45|   0    58k|  44B   31B|1039M 14.1G  617M 45.8G
6.22 5.34 4.50|   0    59k|  43B    6B| 946M 14.2G  617M 45.8G
5.61 5.29 4.51|   0    60k|  80B   70B| 913M 14.3G  617M 45.8G
5.90 5.39 4.57|   0    38k|  55B   22B|1009M 14.2G  617M 45.8G
5.38 5.31 4.57|   0    60k|  40B   33B| 982M 14.2G  617M 45.8G
4.31 5.07 4.51| 753k   66k| 345k  475k| 957M 14.2G  617M 45.8G
4.53 5.04 4.52|   0    73k|  65B  133B| 916M 14.2G  617M 45.8G
4.68 5.05 4.54|   0    60k| 148B  183B| 976M 14.2G  617M 45.8G
4.85 5.05 4.56|   0    57k|  41B   21B|1000M 14.2G  617M 45.8G
5.90 5.27 4.65|   0    59k|  29B   15B| 939M 14.2G  617M 45.8G
6.34 5.45 4.73|   0    57k|  35B   25B| 972M 14.2G  617M 45.8G
6.24 5.54 4.78|   0    60k|  41B   28B|1003M 14.1G  617M 45.8G
5.44 5.39 4.75|   0    60k| 127B   91B|1003M 14.1G  617M 45.8G
5.31 5.36 4.77|   0    59k|  79B   27B| 979M 14.2G  617M 45.8G
5.79 5.46 4.82|   0    38k|  81B   21B|1004M 14.1G  617M 45.8G
5.49 5.43 4.83|   0    60k|  62B   15B|1005M 14.1G  617M 45.8G
6.37 5.63 4.91|   0    65k|  76B   31B|1005M 14.1G  617M 45.8G
4.92 5.36 4.85|   0    59k| 102B   26B|1006M 14.1G  617M 45.8G
5.43 5.45 4.89|   0    57k| 256B 1476B| 978M 14.2G  617M 45.8G
5.21 5.40 4.89|   0    57k| 274B 1712B|1004M 14.1G  617M 45.8G
4.55 5.23 4.85|   0    57k| 265B 1756B| 980M 14.2G  617M 45.8G
3.91 4.99 4.78|   0    57k| 224B 1416B|1002M 14.1G  617M 45.8G
4.23 5.00 4.79| 753k   67k| 520k  444k| 968M 14.2G  617M 45.8G
4.12 4.87 4.76|   0    41k|  91B  156B| 916M 14.2G  617M 45.8G
5.01 5.00 4.80|   0    59k| 215B  173B| 985M 14.1G  617M 45.8G
6.15 5.28 4.90|   0    58k|  45B   35B| 886M 14.2G  617M 45.8G
6.31 5.38 4.95|   0    70k|  16B   17B| 962M 14.2G  617M 45.8G
4.86 5.13 4.88|   0    58k|  87B   35B| 996M 14.1G  617M 45.8G
4.52 5.02 4.85|   0    59k|  29B   30B| 947M 14.2G  617M 45.8G
4.32 4.93 4.82|   0    56k|  67B   38B| 955M 14.2G  617M 45.8G
4.59 4.95 4.83|   0    59k|  34B   13B| 980M 14.1G  617M 45.8G
4.20 4.83 4.80|   0    35k|  32B   31B| 909M 14.2G  617M 45.8G
4.46 4.85 4.81|   0    59k| 187B  811B| 909M 14.2G  617M 45.8G
3.74 4.64 4.74| 252k   63k|2553B  145k|1037M 14.1G  617M 45.8G
3.77 4.56 4.71|   0    64k|  78B  142B|1031M 14.1G  617M 45.8G
3.67 4.43 4.66|   0    59k|  19B   19B|1024M 14.1G  617M 45.8G
4.15 4.48 4.67|   0    65k|  97B   67B|1012M 14.1G  617M 45.8G
4.28 4.50 4.67| 753k   63k| 327k  460k| 932M 14.2G  617M 45.9G
4.77 4.57 4.68|   0    66k|  82B  159B| 966M 14.1G  617M 45.9G
5.49 4.78 4.75|   0    58k|  75B  122B| 924M 14.2G  617M 45.9G
5.55 4.84 4.77|   0    37k| 141B  170B| 933M 14.2G  617M 45.9G
4.79 4.75 4.75| 502k   68k|  20k  270k| 957M 14.1G  617M 45.9G
5.55 4.94 4.81|   0    64k| 142B  212B| 935M 14.2G  617M 45.9G
5.91 5.06 4.85|   0    58k|  11B   11B| 869M 14.2G  617M 45.9G
5.76 5.08 4.86|   0    62k| 103B  119B| 959M 14.1G  617M 45.9G
5.96 5.20 4.91|   0    60k|  65B   31B| 954M 14.1G  617M 45.9G
5.58 5.16 4.91| 753k   73k| 359k  417k| 962M 14.1G  617M 45.9G
5.69 5.25 4.95|   0    63k|  85B  171B| 952M 14.1G  617M 45.9G
5.74 5.32 4.98|   0    41k| 142B  177B|1023M 14.0G  617M 45.9G
6.82 5.63 5.10|   0    58k|  45B   33B|1008M 14.1G  617M 45.9G
5.47 5.43 5.05| 502k   63k|  20k  297k| 989M 14.1G  617M 45.9G
6.90 5.79 5.18|   0    59k| 117B  164B| 987M 14.1G  617M 45.9G
6.65 5.84 5.22|   0    57k|  99B  141B| 962M 14.1G  617M 45.9G
5.59 5.67 5.18|   0    59k|  99B  126B| 962M 14.1G  617M 45.9G
5.74 5.71 5.21|   0    58k|  28B   15B| 988M 14.1G  617M 45.9G
5.80 5.75 5.24|   0    51k|  73B   45B| 963M 14.1G  617M 45.9G
4.88 5.53 5.18|   0    76k|  39B   15B|1005M 14.1G  617M 45.9G
3.75 5.20 5.08| 252k   63k|2461B  143k| 915M 14.1G  617M 45.9G
3.72 5.05 5.04|   0    60k| 159B  212B| 989M 14.1G  617M 45.9G
4.54 5.15 5.07|   0    55k|  46B   63B| 944M 14.1G  617M 45.9G
5.21 5.26 5.11|   0    39k|  40B   27B| 928M 14.1G  617M 45.9G
5.26 5.27 5.12|   0    58k|  76B   23B| 977M 14.1G  617M 45.9G
4.25 5.02 5.04|   0    56k|  65B   62B|1026M 14.0G  617M 45.9G
4.00 4.90 5.00| 504k   62k| 378k  324k| 986M 14.1G  617M 45.9G
5.07 5.05 5.04|   0    63k|  91B  161B| 971M 14.1G  617M 45.9G
5.79 5.25 5.11|   0    60k|  79B  122B|1028M 14.0G  617M 45.9G
5.55 5.21 5.10|   0    67k| 100B  105B| 998M 14.0G  617M 45.9G
4.92 5.11 5.07| 753k   66k| 200k  432k| 875M 14.1G  617M 45.9G
4.98 5.09 5.07|   0    63k|  92B  136B| 994M 14.0G  617M 45.9G
5.51 5.19 5.10|   0    57k| 146B  170B| 975M 14.0G  617M 45.9G
5.38 5.18 5.10|   0    37k|  54B   19B| 920M 14.1G  617M 45.9G
6.12 5.40 5.18|   0    62k|  20B   20B| 869M 14.1G  617M 45.9G
6.20 5.49 5.21|   0    59k|  90B   80B| 993M 14.0G  617M 45.9G
6.23 5.57 5.25|   0    56k|  62B   25B| 967M 14.1G  617M 45.9G
5.20 5.40 5.20|   0    57k|  42B   31B| 989M 14.0G  617M 45.9G
5.18 5.39 5.21|   0    54k|  17B   17B| 940M 14.1G  617M 45.9G
5.70 5.49 5.25|   0    67k|  45B   35B| 883M 14.1G  617M 45.9G
4.08 5.12 5.13|   0    55k|  45B    7B| 968M 14.1G  617M 45.9G
4.35 5.11 5.13| 252k   52k| 189k  147k| 944M 14.1G  617M 46.0G
4.22 5.00 5.09|   0    60k| 112B  186B| 979M 14.0G  617M 46.0G
4.73 5.02 5.10|   0    58k|  72B   53B| 975M 14.0G  617M 46.0G
4.49 4.92 5.06|   0    61k|  24B   22B| 880M 14.1G  617M 46.0G
4.04 4.75 5.00| 753k   68k| 392k  405k| 895M 14.1G  617M 46.0G
4.53 4.79 5.00|   0    62k| 104B  160B| 960M 14.0G  617M 46.0G
5.15 4.94 5.04|   0    58k|  35B    7B| 958M 14.0G  617M 46.0G
5.59 5.07 5.09|   0    59k| 141B  194B| 976M 14.0G  617M 46.0G
5.31 5.05 5.08|   0    47k|  35B   11B|1002M 14.0G  617M 46.0G
5.13 5.05 5.08|   0    55k|  65B   29B| 947M 14.0G  617M 46.0G
5.19 5.05 5.08|   0    56k|  49B   37B| 891M 14.1G  617M 46.0G
4.10 4.81 5.00|   0    58k|  48B   24B| 923M 14.1G  617M 46.0G
4.34 4.81 4.99|   0    58k|  53B   28B| 874M 14.1G  617M 46.0G
4.40 4.77 4.97|   0    62k|  35B   37B| 961M 14.0G  617M 46.0G
4.59 4.80 4.98| 500k   61k| 152k  423k| 780M 14.2G  617M 46.0G
3.36 4.48 4.87| 532k   68k|4320B  373k| 945M 14.0G  617M 46.0G
3.17 4.32 4.80| 539k   58k|  23k  339k| 941M 14.0G  617M 46.0G
4.00 4.38 4.80|   0    66k| 134B  250B|1028M 13.9G  617M 46.0G
4.78 4.54 4.84|   0    53k|  44B   19B|1008M 13.9G  617M 46.0G
4.47 4.50 4.82|   0    54k| 161B  201B| 967M 14.0G  617M 46.0G
5.62 4.76 4.89|   0    62k|  81B   44B| 998M 14.0G  617M 46.0G
4.40 4.55 4.82|   0    57k|  40B   30B| 999M 14.0G  617M 46.0G
3.68 4.36 4.75|2879k   61k|2384B  168k| 905M 13.7G  695M 46.2G
2.76 4.07 4.64| 857k   66k| 164k  554B|1014M 13.5G  720M 46.3G
3.19 4.06 4.62|5371k   58k| 697B  260k|1215M 12.9G  878M 46.6G
2.59 3.83 4.52|7566k   59k| 394B   62k|1333M 12.2G 1100M 46.9G
2.17 3.60 4.42|   0    60k| 240B   50k|1433M 12.1G 1100M 46.9G
1.84 3.39 4.32|4300k   64k|2718B  298k|1013M 13.5G  720M 46.3G
2.72 3.45 4.31|5371k   69k| 758B  262k|1150M 12.9G  878M 46.6G
2.23 3.26 4.22|   0    41k|  26B   22B|1236M 12.8G  878M 46.6G
1.93 3.09 4.13|7568k   64k| 551B  112k|1369M 12.2G 1100M 46.9G
1.75 2.93 4.05|4277k   63k|  23k  303k| 946M 13.6G  719M 46.3G
1.64 2.79 3.96|  51k   70k| 115B  112B|1015M 13.5G  720M 46.3G
1.58 2.67 3.88|5371k   61k| 677B  292k|1169M 12.9G  878M 46.6G
1.47 2.54 3.80|7568k   60k| 310B   62k|1454M 12.1G 1100M 46.9G
1.54 2.45 3.73|   0    36k| 316B   50k|1523M 12.0G 1100M 46.9G
1.84 2.43 3.68| 816k   66k| 243k  364k|1039M 13.9G  617M 46.1G
3.54 2.80 3.77|   0    61k|  71B  150B|1020M 13.9G  617M 46.1G
5.04 3.23 3.88|   0    67k|  76B   84B|1008M 13.9G  617M 46.1G
5.97 3.63 3.99|   0    57k|  62B   27B|1037M 13.9G  617M 46.1G
6.39 3.95 4.09|   0    56k|  62B   50B| 946M 13.9G  617M 46.1G
5.95 4.07 4.12|   0    57k|  23B   24B|1001M 13.9G  617M 46.1G
5.58 4.17 4.16|   0    59k|  60B   23B|1041M 13.9G  617M 46.1G
5.35 4.25 4.18|   0    57k|  49B   41B|1008M 13.9G  617M 46.1G
6.29 4.56 4.29|   0    56k|  83B   68B|1012M 13.9G  617M 46.1G
5.51 4.52 4.28|   0    60k|  34B   29B|1013M 13.9G  617M 46.1G
4.57 4.36 4.24|   0    57k|  87B   27B|1040M 13.9G  617M 46.1G
4.16 4.30 4.22|3973k   63k| 169k  299k| 945M 13.5G  719M 46.4G
3.10 4.03 4.13|  51k   71k| 111B 5832B|1029M 13.4G  720M 46.4G
2.48 3.79 4.05|5371k   59k| 623B  255k|1166M 12.9G  878M 46.6G
3.38 3.86 4.06|7568k   57k| 336B   62k|1532M 11.9G 1100M 47.0G
2.63 3.64 3.98|4249k   61k|  41k  351k|1009M 13.4G  719M 46.4G
2.31 3.46 3.91|  51k   44k|  64B   76B|1013M 13.4G  721M 46.4G
3.01 3.51 3.91|5371k   60k| 725B  285k|1175M 12.8G  878M 46.7G
2.46 3.34 3.84|   0    61k| 110B   85B|1160M 12.9G  878M 46.7G
2.20 3.19 3.77|7568k   60k| 525B  112k|1473M 12.0G 1100M 47.0G
2.99 3.28 3.79|4249k   62k| 176k  348k|1004M 13.4G  719M 46.4G
2.39 3.11 3.71|  51k   65k| 104B   76B| 952M 13.5G  721M 46.4G
2.97 3.19 3.72|5371k   66k| 735B  285k|1235M 12.8G  878M 46.7G
2.46 3.05 3.65|   0    61k|  62B   23B|1235M 12.8G  878M 46.7G
2.30 2.95 3.60|7566k   57k| 541B  112k|1439M 12.0G 1100M 47.0G
2.05 2.82 3.54|4249k   59k| 177k  349k| 914M 13.5G  719M 46.4G
1.83 2.70 3.47|  51k   61k|  65B   67B| 950M 13.5G  721M 46.4G
1.69 2.58 3.41|5371k   60k| 839B  287k|1173M 12.8G  878M 46.7G
1.61 2.47 3.34|7785k  232k| 333B   62k|1420M 12.0G 1101M 47.0G
2.50 2.63 3.37|2901B  106k| 302B   50k|1429M 12.0G 1102M 47.0G
2.91 2.74 3.38|4249k   62k|2812B  351k|1008M 13.4G  721M 46.5G
2.42 2.64 3.33|5422k   63k| 712B  254k|1153M 12.8G  880M 46.7G
2.06 2.53 3.27|   0    71k|  35B    2B|1189M 12.8G  880M 46.7G
2.42 2.58 3.26|7568k   57k| 543B  112k|1563M 11.8G 1102M 47.0G
3.15 2.76 3.30|4249k   60k|2816B  286k|1008M 13.4G  721M 46.5G
2.49 2.64 3.24| 277k   64k| 342B   62k|1017M 13.3G  729M 46.5G
2.17 2.54 3.19|5144k   62k| 493B  195k|1250M 12.7G  880M 46.7G
3.23 2.74 3.23|7568k   60k| 281B   62k|1476M 11.9G 1102M 47.1G
2.62 2.63 3.18|4499k   63k| 384k  497k|1010M 13.3G  721M 46.5G
2.18 2.52 3.13|  51k   67k|  77B   82B| 891M 13.4G  722M 46.5G
2.77 2.66 3.15|5371k   56k| 732B  251k|1194M 12.7G  880M 46.8G
2.34 2.56 3.10|7566k   59k| 308B   62k|1511M 11.8G 1102M 47.1G
2.02 2.46 3.05|   0    67k| 300B   51k|1429M 11.9G 1102M 47.1G
1.81 2.37 3.00|4249k   66k| 142k  280k|1008M 13.3G  721M 46.5G
1.74 2.30 2.96|5422k   60k| 745B  251k|1226M 12.7G  880M 46.8G
1.64 2.22 2.91|   0    40k|  52B   44B|1224M 12.7G  880M 46.8G
1.65 2.16 2.87|7568k   59k| 534B  112k|1366M 12.0G 1102M 47.1G
1.91 2.18 2.86|4499k   65k| 175k  407k| 986M 13.3G  721M 46.5G
1.74 2.12 2.81|  51k   62k| 117B  124B| 986M 13.3G  722M 46.5G
1.70 2.07 2.77|5371k   63k| 704B  253k|1184M 12.7G  880M 46.8G
1.61 2.01 2.73|7566k   62k| 378B   62k|1378M 11.9G 1102M 47.1G
2.76 2.21 2.77|4249k   62k|  22k  335k| 992M 13.3G  721M 46.6G
2.26 2.14 2.73|  51k   74k|  99B  103B| 920M 13.4G  722M 46.6G
3.11 2.35 2.78|5371k   40k| 709B  280k|1227M 12.6G  880M 46.8G
2.48 2.27 2.74|   0    60k|  56B   58B|1140M 12.7G  880M 46.8G
2.17 2.21 2.70|7568k   61k| 529B  112k|1448M 11.8G 1102M 47.1G
2.13 2.19 2.68|4249k   60k|2825B  339k| 996M 13.3G  721M 46.6G
1.87 2.12 2.64|  51k   66k|  74B   93B| 967M 13.3G  722M 46.6G
1.72 2.06 2.60|5371k   61k| 773B  280k|1203M 12.6G  880M 46.8G
1.62 2.01 2.57|7566k   61k| 270B   62k|1451M 11.8G 1102M 47.2G
2.50 2.21 2.62|   0    61k| 287B   50k|1500M 11.8G 1102M 47.2G
2.10 2.14 2.58|4300k   63k|2791B  338k| 924M 13.3G  722M 46.6G
1.93 2.09 2.55|5371k   75k| 769B  257k|1166M 12.7G  880M 46.8G
1.75 2.03 2.51|   0    58k|  46B   46B|1144M 12.7G  880M 46.8G
1.72 2.00 2.49|7566k   60k| 582B  112k|1433M 11.8G 1102M 47.2G
2.50 2.17 2.53|4249k   62k| 160k  291k|1009M 13.2G  721M 46.6G
2.17 2.12 2.50|  51k   64k|  92B  122B|1014M 13.2G  722M 46.6G
2.77 2.29 2.54|5371k   59k| 697B  269k|1165M 12.6G  880M 46.9G
2.26 2.21 2.51|7568k   58k| 307B   62k|1737M 11.5G 1102M 47.2G
1.97 2.15 2.48|1035k   59k|2855B  367k| 727M 13.9G  626M 46.3G
1.77 2.08 2.44|3265k   64k| 137k  552B|1012M 13.2G  722M 46.6G
1.66 2.02 2.41|5371k   64k| 735B  249k|1233M 12.6G  880M 46.9G
2.86 2.24 2.47|7566k   65k| 314B   62k|1357M 11.9G 1102M 47.2G
2.26 2.15 2.43|3857B   61k| 534B  187k|1467M 11.8G 1102M 47.2G
5.87 3.04 2.72|4495k   59k| 202k  285k|1007M 13.2G  721M 46.6G
4.16 2.90 2.68|  51k   37k|  52B   69B| 960M 13.2G  722M 46.6G
3.11 2.76 2.64|5371k   61k| 734B  278k|1115M 12.6G  880M 46.9G
2.47 2.64 2.60|   0    61k| 114B  140B|1167M 12.6G  880M 46.9G
3.17 2.79 2.65|7568k   61k| 630B  112k|1522M 11.7G 1102M 47.2G
2.45 2.65 2.61|2343k   69k| 527k  431k|1352M 13.2G  627M 46.4G
2.05 2.53 2.57|5251k   68k| 212k  152k|1010M 13.1G  721M 46.7G
1.83 2.43 2.54|  51k   65k| 244B  334B|1017M 13.1G  722M 46.7G
2.62 2.59 2.59|5371k   69k| 616B  247k|1277M 12.4G  880M 47.0G
3.46 2.75 2.64|7568k   60k| 547B   62k|1536M 11.6G 1102M 47.3G
3.06 2.71 2.63|1329k   61k|  63k  341k|1319M 13.2G  627M 46.4G
2.60 2.63 2.60|2530k   71k| 494k  186k|1328M 13.2G  627M 46.5G
2.24 2.54 2.57|5702k   48k| 862k  186k| 951M 13.1G  721M 46.7G
1.88 2.42 2.53|  51k   67k| 363B  482B|1015M 13.1G  722M 46.8G
2.66 2.58 2.58|5371k   60k| 705B  251k|1139M 12.5G  880M 47.0G
2.20 2.48 2.54|7566k   60k| 589B   62k|1638M 11.5G 1102M 47.3G
1.92 2.38 2.51|1078k   59k| 210k  348k|1241M 13.2G  619M 46.5G
2.14 2.39 2.51|   0    65k| 229B  747B|1540M 13.0G  619M 46.5G
2.54 2.47 2.53|   0    68k| 216B  723B|1570M 12.9G  619M 46.5G
3.12 2.61 2.58|   0    60k| 365B 1412B|1619M 12.9G  619M 46.5G
2.91 2.60 2.58|   0    61k| 183B 1355B|1673M 12.8G  619M 46.5G
2.30 2.48 2.53|3277B   60k| 904B  330k| 912M 13.6G  619M 46.5G
2.78 2.57 2.56| 319k   63k| 403k   72k|1542M 12.9G  619M 46.5G
2.72 2.58 2.56|   0    60k| 203B  617B|1599M 12.9G  619M 46.5G
2.57 2.55 2.55|   0    57k| 285B  877B|1586M 12.9G  619M 46.5G
2.57 2.55 2.55|   0    60k| 347B 2083B|1695M 12.8G  619M 46.5G
2.31 2.49 2.53|3277B   56k| 976B  350k| 907M 13.5G  619M 46.5G
2.30 2.46 2.52| 319k   61k| 511k   75k|1559M 12.9G  619M 46.5G
2.60 2.52 2.54| 411k   75k| 219B  817B|1658M 12.8G  619M 46.5G
2.64 2.54 2.55|   0    60k| 229B  790B|1707M 12.7G  619M 46.5G
2.97 2.62 2.57|   0    60k| 237B 1341B|1761M 12.7G  619M 46.5G
3.64 2.82 2.64|   0    57k| 304B 1796B|1841M 12.6G  619M 46.5G
3.14 2.79 2.63|   0    62k|  81B  637B|1787M 12.7G  619M 46.5G
2.42 2.65 2.59|3277B   40k| 859B  400k| 842M 13.6G  619M 46.5G
2.29 2.58 2.57| 564k   68k| 204k  104k|1524M 12.9G  619M 46.5G
2.25 2.54 2.56|   0    63k| 223B  676B|1617M 12.8G  619M 46.5G
2.51 2.57 2.56|   0    77k| 247B 1334B|1600M 12.8G  619M 46.5G
2.87 2.65 2.59|   0    56k| 368B 1849B|1677M 12.7G  619M 46.5G
2.20 2.50 2.54|3277B   69k| 805B  344k| 914M 13.5G  619M 46.6G
2.30 2.50 2.54| 319k   60k| 197k   73k|1664M 12.7G  619M 46.6G
2.72 2.60 2.57|   0    67k| 264B  668B|1609M 12.8G  619M 46.6G
2.64 2.59 2.57|   0    62k| 342B 1039B|1737M 12.7G  619M 46.6G
2.68 2.60 2.57|   0    63k| 228B 1668B|1787M 12.6G  619M 46.6G
2.74 2.62 2.58|   0    40k| 235B 1493B|1857M 12.6G  619M 46.6G
2.41 2.56 2.56|3277B   62k| 900B  392k| 931M 13.5G  619M 46.6G
2.27 2.50 2.54| 319k   61k|  53k   83k|1490M 12.9G  619M 46.6G
2.73 2.60 2.57|   0    79k| 263B  688B|1466M 12.9G  619M 46.6G
3.25 2.73 2.62|   0    61k| 194B 1351B|1576M 12.8G  619M 46.6G
2.91 2.71 2.61|   0    60k| 227B 1779B|1626M 12.8G  619M 46.6G
2.74 2.70 2.61|3277B   52k| 977B  305k| 896M 13.5G  619M 46.6G
2.63 2.67 2.61| 319k   62k|  35k   65k|1516M 12.9G  619M 46.6G
2.84 2.72 2.63|   0    66k| 240B  623B|1554M 12.8G  619M 46.6G
3.11 2.78 2.65|   0    63k| 347B 1195B|1616M 12.8G  619M 46.6G
2.99 2.77 2.65|   0    61k| 218B 1809B|1695M 12.7G  619M 46.6G
2.47 2.66 2.62|3277B   61k| 854B  317k| 900M 13.5G  619M 46.6G
2.16 2.57 2.59|1084k   70k| 449k  117k|1618M 12.7G  619M 46.6G
2.06 2.51 2.57|   0    67k| 224B  666B|1617M 12.7G  619M 46.6G
2.62 2.59 2.59|   0    61k| 204B  874B|1710M 12.7G  619M 46.6G
2.69 2.61 2.60|   0    59k| 412B 1898B|1779M 12.6G  619M 46.6G
2.73 2.65 2.61|3277B   50k| 895B  389k| 916M 13.4G  620M 46.6G
2.48 2.59 2.59| 319k   59k| 411k   83k|1518M 12.8G  619M 46.6G
2.89 2.67 2.62|   0    66k| 240B  643B|1617M 12.7G  619M 46.6G
2.82 2.68 2.62|   0    60k| 228B 1243B|1681M 12.7G  619M 46.6G
3.19 2.77 2.66|   0    63k|  77B  347B|1780M 12.6G  619M 46.6G
2.64 2.68 2.63| 314k   62k| 195k  411k|1238M 13.1G  619M 46.6G
2.43 2.62 2.61|7817B   63k| 207k 1695B|1641M 12.7G  619M 46.7G
2.40 2.60 2.61|   0    64k| 253B  725B|1684M 12.6G  619M 46.7G
2.61 2.64 2.62|   0    58k| 216B 1318B|1741M 12.6G  619M 46.7G
2.74 2.66 2.63|   0    67k| 338B 1516B|1829M 12.5G  619M 46.7G
2.30 2.56 2.60|3277B   61k| 795B  388k| 909M 13.4G  620M 46.7G
2.40 2.56 2.59| 319k   61k|  60k   82k|1537M 12.8G  619M 46.7G
3.08 2.71 2.65|   0    66k| 210B  589B|1693M 12.6G  619M 46.7G
2.83 2.69 2.64|   0    40k| 286B 1517B|1678M 12.6G  619M 46.7G
2.86 2.71 2.65|   0    65k| 253B 1736B|1815M 12.5G  619M 46.7G
2.33 2.59 2.61|3277B   63k| 858B  371k| 925M 13.3G  620M 46.7G
2.31 2.55 2.59| 319k   60k| 172k   78k|1617M 12.7G  619M 46.7G
2.96 2.68 2.64|   0    65k|  80B  413B|1659M 12.6G  619M 46.7G
3.15 2.74 2.66|   0    63k| 203B  314B|1688M 12.6G  619M 46.7G
3.31 2.82 2.68|   0    69k|  45B  299B|1762M 12.5G  619M 46.7G
2.88 2.77 2.67|3277B   59k| 910B  375k| 926M 13.3G  620M 46.7G
2.40 2.66 2.64| 319k   44k| 455k   80k|1593M 12.7G  619M 46.7G
2.43 2.65 2.63|   0    65k|  78B  418B|1641M 12.6G  619M 46.7G
2.88 2.73 2.66|   0    62k|  77B  174B|1707M 12.6G  619M 46.7G
3.31 2.85 2.71|   0    61k| 201B  617B|1767M 12.5G  619M 46.7G
2.64 2.74 2.67|3277B   62k| 831B  373k| 929M 13.3G  620M 46.7G
2.79 2.76 2.68| 319k   65k| 527k   80k|1532M 12.7G  619M 46.7G
2.56 2.72 2.67|   0    66k|  53B  427B|1573M 12.7G  619M 46.7G
2.78 2.76 2.69|   0    40k| 210B  491B|1646M 12.6G  619M 46.7G
2.22 2.62 2.64| 322k   81k|  51k  389k|1172M 13.0G  619M 46.7G
2.62 2.68 2.66|   0    54k| 165k  780B|1475M 12.7G  619M 46.8G
2.55 2.66 2.65|   0    64k|  64B  416B|1481M 12.7G  619M 46.8G
2.79 2.71 2.67|   0    62k| 206B  464B|1635M 12.6G  619M 46.8G
2.52 2.65 2.65| 576k   67k| 261k  381k|1374M 12.8G  627M 46.8G
2.95 2.74 2.68| 267k   44k| 362k   41k|1537M 12.7G  619M 46.8G
2.80 2.72 2.67|   0    63k| 122B  454B|1583M 12.6G  619M 46.8G
2.94 2.76 2.69|   0    63k| 151B  319B|1663M 12.5G  619M 46.8G
2.93 2.78 2.70|3277B   60k| 767B  313k| 919M 13.2G  620M 46.8G
2.61 2.71 2.67|1119k   64k| 655k  118k|1400M 12.8G  619M 46.8G
2.52 2.67 2.66|   0    78k|  71B  444B|1536M 12.6G  619M 46.8G
2.36 2.62 2.65|   0    56k| 109B  323B|1609M 12.6G  619M 46.8G
3.14 2.79 2.70|   0    63k| 260B  761B|1661M 12.5G  619M 46.8G
2.49 2.66 2.66|3277B   59k| 877B  304k| 907M 13.2G  620M 46.8G
2.17 2.57 2.63|1744k   67k|1381k  248k|1200M 12.9G  619M 46.9G
2.56 2.62 2.64|   0    64k| 192k 1301B|1636M 12.5G  619M 46.9G
2.63 2.63 2.64|   0    63k| 216B  381B|1605M 12.5G  619M 46.9G
2.26 2.54 2.61|   0    39k| 278B  616B|1738M 12.4G  619M 46.9G
2.81 2.64 2.65|   0    62k|  37B   24B|1799M 12.3G  619M 46.9G
2.30 2.53 2.61|3277B   63k| 931B  370k| 922M 13.2G  620M 46.9G
2.05 2.45 2.58|1872k   86k| 860k 1305k|1569M 12.5G  619M 46.9G
1.84 2.36 2.54|   0    54k|  74B   96B|1510M 12.6G  619M 46.9G
1.78 2.29 2.52|   0    64k| 231B  267B|1633M 12.4G  619M 46.9G
1.74 2.23 2.49|   0    62k|  54B   44B|1555M 12.5G  619M 46.9G
1.65 2.16 2.45|   0    59k|  83B   77B|1501M 12.6G  619M 46.9G
1.65 2.11 2.43|   0    66k|  62B   45B|1587M 12.5G  619M 46.9G
2.39 2.23 2.46|1823k   61k| 530k 1062k|1497M 12.6G  619M 46.9G
3.08 2.42 2.51|   0    67k| 120B  240B|1473M 12.6G  619M 46.9G
2.51 2.34 2.49| 584k   68k| 438k   72k|1569M 12.5G  619M 46.9G
2.11 2.26 2.45|   0    41k| 169B  208B|1505M 12.5G  619M 46.9G
1.88 2.19 2.42|   0    81k|  39B   18B|1617M 12.4G  619M 46.9G
1.74 2.12 2.39|   0    50k| 176B  237B|1509M 12.5G  619M 46.9G
1.65 2.06 2.36|   0    63k|  62B   79B|1513M 12.5G  619M 46.9G
1.66 2.02 2.34|2170k   67k|1325k 1249k|1849M 12.0G  657M 47.1G
1.66 1.99 2.32|1904k   67k|  49k 1262k|1077M 12.9G  619M 47.0G
2.20 2.07 2.33| 254k   66k| 210k   52k|1545M 12.4G  619M 47.0G
3.23 2.34 2.41|   0    48k| 153B  250B|1633M 12.4G  619M 47.0G
3.20 2.43 2.44|   0    64k| 249B  484B|1631M 12.4G  619M 47.0G
3.25 2.52 2.47| 267k   67k| 422k   19k|1626M 12.3G  619M 47.0G
3.09 2.55 2.48|   0    68k|  83B  396B|1667M 12.3G  619M 47.0G
3.15 2.61 2.50|   0    71k| 144B  271B|1605M 12.4G  620M 47.0G
2.97 2.61 2.51|   0    59k|  86B  203B|1765M 12.2G  620M 47.0G
2.92 2.62 2.51|   0    60k|  94B  340B|1822M 12.2G  620M 47.0G
2.58 2.58 2.50|3277B   64k| 798B  388k| 865M 13.1G  620M 47.0G
2.23 2.49 2.48|1647k   49k|1622k  335k| 913M 13.0G  620M 47.1G
3.12 2.68 2.54| 311k   64k| 157k   36k|1407M 12.5G  619M 47.1G
2.94 2.69 2.55| 260k   71k|2610B   17k|1015M 12.9G  619M 47.1G
2.36 2.58 2.52|2166k   62k| 822k 1097k| 871M 13.0G  619M 47.1G
1.96 2.46 2.48|4369B   65k| 291k 1405B|1436M 12.4G  619M 47.1G
1.84 2.38 2.45|   0    64k| 264B  314B|1374M 12.5G  619M 47.1G
1.64 2.28 2.41|   0    65k|  82B   78B|1503M 12.4G  619M 47.1G
1.57 2.20 2.38|   0    70k| 171B  216B|1524M 12.4G  619M 47.1G
1.55 2.13 2.35| 251k   65k| 155k   17k|1557M 12.3G  619M 47.1G
1.62 2.09 2.33|   0    66k|  78B   36B|1592M 12.3G  619M 47.1G
1.64 2.05 2.31|   0    62k|  70B   86B|1514M 12.4G  619M 47.1G
1.59 2.00 2.28|   0    61k|  66B   27B|1549M 12.3G  619M 47.1G
1.49 1.93 2.25| 251k   43k| 292k   18k|1510M 12.4G  619M 47.1G
1.49 1.89 2.22|   0    71k|  28B   29B|1461M 12.4G  619M 47.1G
1.50 1.85 2.20|   0    65k| 163B  174B|1485M 12.4G  619M 47.1G
1.43 1.80 2.17|   0    62k|  13B   14B|1532M 12.3G  619M 47.1G
1.45 1.77 2.15| 260k   66k|  15k   17k|1037M 12.8G  619M 47.1G
1.47 1.75 2.13| 260k   71k| 386k   24k|1167M 12.7G  619M 47.1G
1.43 1.71 2.10|1502k   65k| 421k 1009k|1592M 12.1G  656M 47.2G
1.56 1.72 2.09|2237k   67k| 430k 1339k|1578M 12.2G  619M 47.1G
1.59 1.71 2.07|   0    68k|  66B   81B|1624M 12.2G  619M 47.1G
1.56 1.69 2.06|   0    38k| 330B  461B|1560M 12.3G  619M 47.1G
1.55 1.68 2.04|   0    64k| 108B   62B|1655M 12.2G  619M 47.1G
1.54 1.66 2.02|   0    64k|  26B   24B|1655M 12.2G  619M 47.1G
1.51 1.64 2.00|   0    62k|  84B  108B|1578M 12.2G  619M 47.1G
1.50 1.63 1.98|   0    63k|  53B   44B|1610M 12.2G  619M 47.1G
1.51 1.62 1.97|   0    65k|  52B   17B|1607M 12.2G  619M 47.1G
2.71 1.86 2.03|1519k   72k| 350k 1099k|1825M 11.8G  657M 47.3G
2.24 1.82 2.02| 318k   71k|2369B   61k|1639M 12.2G  619M 47.2G
1.88 1.77 1.99|   0    63k|  54B   32B|1734M 12.1G  619M 47.2G
1.74 1.75 1.98|   0    39k|  64B   86B|1589M 12.2G  619M 47.2G
1.58 1.71 1.96|   0    63k| 135B  134B|1620M 12.2G  619M 47.2G
1.54 1.69 1.94|   0    63k|  58B   58B|1574M 12.2G  619M 47.2G
1.52 1.67 1.93| 260k   65k| 553k   38k| 771M 13.0G  619M 47.2G
1.62 1.68 1.92|1837k   65k| 143k  972k|1493M 12.3G  619M 47.2G
1.63 1.68 1.91|   0    67k|  27B   17B|1431M 12.4G  619M 47.2G
1.57 1.66 1.90|   0    63k| 244B  325B|1536M 12.3G  619M 47.2G
1.54 1.65 1.89|   0    67k|  60B   26B|1452M 12.3G  619M 47.2G
1.46 1.62 1.87|   0    62k|  81B  104B|1498M 12.3G  619M 47.2G
1.48 1.61 1.86|   0    41k|1049B   15k| 639M 13.2G  612M 47.2G
1.42 1.58 1.84| 584k   68k| 771k   56k|1545M 12.2G  619M 47.2G
1.52 1.59 1.84|   0    63k|  53B   90B|1345M 12.4G  619M 47.2G
1.52 1.58 1.82|   0    59k| 102B   74B|1461M 12.3G  619M 47.2G
1.52 1.57 1.81| 267k   64k| 305k   18k|1421M 12.3G  620M 47.2G
2.01 1.69 1.85|   0    67k| 232B  588B|1522M 12.2G  620M 47.2G
2.57 1.87 1.90|   0    62k| 234B  843B|1554M 12.2G  620M 47.2G
2.47 1.91 1.91|   0    63k| 181B 1562B|1618M 12.1G  620M 47.2G
2.75 2.04 1.96|3277B   70k|1021B  310k| 909M 12.8G  620M 47.2G
2.25 1.99 1.95|2246k   41k| 482k 1007k| 809M 12.9G  630M 47.3G
2.45 2.06 1.97|1228k   69k| 352k  902k|1570M 12.2G  620M 47.2G
2.58 2.12 1.99|   0    69k| 248B  691B|1625M 12.1G  620M 47.2G
2.93 2.24 2.04|   0    64k| 394B 1472B|1700M 12.0G  620M 47.2G
2.77 2.27 2.06|3277B   63k| 942B  359k| 816M 12.9G  620M 47.2G
2.26 2.20 2.04|1895k   65k| 165k 1019k| 931M 12.8G  619M 47.3G
2.09 2.16 2.03|2460k   68k|  54k   93k| 946M 12.5G  685M 47.4G
1.81 2.08 2.01|1336k   59k|1637k  777k|1077M 12.2G  725M 47.5G
1.68 2.02 1.99| 174k   61k| 241k  958k|1116M 12.2G  730M 47.5G
3.68 2.50 2.15| 650k   46k| 827k   89k|1346M 11.8G  749M 47.6G
3.70 2.60 2.19|   0    57k| 185B 1779B|1368M 11.8G  749M 47.6G
3.20 2.60 2.21| 217k   59k| 571k 3000k|1102M 11.9G  756M 47.7G
4.87 3.09 2.38| 146k   63k|2072k 4526k|1487M 11.4G  760M 47.9G
3.62 2.95 2.36|2961k   66k| 523k 4034k| 819M 12.3G  681M 47.8G
2.72 2.80 2.33|1457k   64k|1357k  570k|1166M 11.8G  725M 47.9G
2.78 2.79 2.34| 174k   59k|  13k  878k|1114M 11.8G  730M 47.9G
3.62 3.02 2.43| 650k   59k|  26k   80k|1357M 11.5G  749M 48.0G
5.01 3.39 2.57| 132k   35k| 143k 2977k|1666M 11.1G  753M 48.1G
4.73 3.46 2.62| 193k   61k|  29k   66k|1174M 11.5G  759M 48.1G
4.88 3.63 2.70|  38k   68k| 174k 5614k|1101M 11.4G  760M 48.3G
3.67 3.46 2.67|4065k   64k|1688k 2976k|1023M 11.5G  723M 48.3G
2.80 3.27 2.64|  69k   63k|4748B  318k|1166M 11.4G  725M 48.3G
3.85 3.46 2.72| 193k   59k|  15k  923k|1062M 11.5G  730M 48.3G
3.35 3.39 2.72| 632k   58k|  24k   80k|1349M 11.1G  749M 48.3G
3.45 3.44 2.76| 132k   60k|  30k 2985k|1857M 10.5G  753M 48.4G
3.80 3.55 2.82| 231k   57k| 154k 3351k|1646M 10.6G  760M 48.5G
2.89 3.35 2.78|2343k   44k| 716k 5406k| 839M 11.6G  661M 48.4G
2.36 3.18 2.73|2124k   66k|1335k  208k|1176M 11.0G  725M 48.6G
3.17 3.28 2.78| 174k   58k|  13k  851k|1122M 11.1G  730M 48.6G
2.64 3.14 2.75| 650k   66k|  40k   82k|1416M 10.7G  749M 48.7G
4.50 3.55 2.90| 132k   59k| 418k 2970k|1709M 10.3G  753M 48.8G
3.37 3.37 2.86| 229k   55k| 149k 2948k|1495M 10.4G  760M 48.9G
3.66 3.42 2.89|3718k   65k| 381k 5281k| 913M 11.0G  712M 48.9G
2.81 3.23 2.84| 418k   64k|1374k  558k|1150M 10.7G  725M 49.0G
2.87 3.18 2.84| 174k   62k|  13k  942k|1084M 10.8G  730M 49.0G
3.03 3.22 2.86| 650k   62k|  91k   84k|1408M 10.4G  749M 49.0G
2.87 3.17 2.86| 132k   58k| 179k 2988k|1766M 9.91G  753M 49.1G
3.19 3.20 2.88| 193k   37k|  28k   71k|1147M 10.5G  759M 49.1G
2.53 3.04 2.83|1052k   66k| 360k 8606k| 887M 11.0G  640M 49.1G
2.11 2.89 2.79|2835k   75k|1377k  571k|1165M 10.3G  725M 49.3G
1.94 2.77 2.75| 174k   56k|  12k  905k|1124M 10.4G  730M 49.3G
2.68 2.87 2.78| 650k   55k|  40k   80k|1387M 10.0G  749M 49.4G
3.21 2.97 2.82| 129k   62k| 131k 2982k|1329M 9.98G  753M 49.5G
3.56 3.06 2.85| 196k   57k|  45k   68k|1121M 10.2G  759M 49.5G
2.69 2.89 2.80| 354k   63k|1037k 8265k|1582M 9.98G  619M 49.4G
2.29 2.77 2.76|3819k   64k|1433k  614k|1177M 9.96G  725M 49.7G
1.90 2.63 2.72| 174k   65k|  12k  905k|1029M 10.1G  730M 49.7G
3.23 2.92 2.81| 650k   54k|  42k   83k|1250M 9.78G  749M 49.8G
3.62 3.02 2.85| 129k   63k| 127k 2978k|1146M 9.79G  753M 49.9G
2.79 2.88 2.80|3584B   72k|4724B   13k|1748M 9421M  753M 49.9G
4.50 3.29 2.94| 229k   63k|  40k 3179k|1617M 9440M  760M 50.0G
3.98 3.26 2.94| 318k   40k|1806k 5297k|1611M 9820M  619M 49.7G
4.19 3.38 2.99|   0    63k|  86B  210B|1618M 9813M  619M 49.7G
3.35 3.26 2.97|1502k   62k|5753B 1044k|1606M 9671M  656M 49.9G
2.55 3.08 2.91| 327k   83k|6103B  172k|1031M 10.2G  619M 49.8G
2.20 2.94 2.87|4001k   62k|1404k  296k|1112M 9901M  723M 50.0G
1.92 2.80 2.83|  72k   39k|4523B  315k|1104M 9903M  725M 50.0G
3.21 3.02 2.90| 182k   62k|  23k  870k|1114M 9868M  730M 50.1G
2.96 2.99 2.89| 650k   55k|  39k   79k|1319M 9579M  749M 50.1G
2.80 2.96 2.89| 132k   68k|  27k 2976k|1718M 9083M  753M 50.2G
2.94 2.99 2.90| 231k   61k|1332k 4050k|1549M 9116M  760M 50.3G
2.50 2.88 2.86| 985k   67k|2678k 4113k| 897M 9.91G  619M 50.1G
2.18 2.76 2.82|3029k   67k|  13k 1641k| 838M 9.83G  655M 50.2G
2.75 2.84 2.85| 379k   64k|3537B  272k|1399M 9648M  619M 50.1G
2.83 2.86 2.86| 288k   44k|2260B   15k|1430M 9617M  619M 50.1G
2.31 2.73 2.81|   0    66k| 248B  313B|1531M 9517M  619M 50.1G
2.00 2.61 2.77|   0    62k| 126B  192B|1409M 9639M  619M 50.1G
1.87 2.52 2.73|   0    62k|  66B   21B|1479M 9569M  619M 50.1G
1.79 2.44 2.70|2207k   64k| 170k 1124k| 800M 9.97G  631M 50.1G
1.85 2.40 2.67|3149k   75k|1459k  602k|1166M 9453M  725M 50.4G
2.11 2.39 2.66| 174k   61k|  13k  930k|1044M 9552M  730M 50.4G
3.58 2.75 2.77| 652k   51k|  41k   82k|1316M 9195M  749M 50.5G
4.87 3.07 2.88|4574B   61k|5453B 2956k|1143M 9285M  749M 50.6G
4.56 3.15 2.91| 320k   61k| 211k   94k|1136M 9250M  759M 50.6G
3.42 3.01 2.87| 354k   63k|3014k 8467k|1045M 9633M  619M 50.5G
2.97 2.95 2.85|3848k   64k| 517k  163k|1095M 9166M  726M 50.8G
3.41 3.06 2.89|2205k   66k| 106k  242k|1632M 9023M  619M 50.5G
13.5 5.24 3.61|4564k   62k|2818k 6943k|2174M 8045M  666M 50.9G
10.7 5.43 3.73|  34k   69k|  66k   18M| 995M 8701M  667M 51.4G
13.9 6.78 4.23|1876k   70k| 353k   10M|1794M 7476M  667M 51.8G
9.00 6.27 4.14|5003k   64k|  70k   16M| 860M 8048M  678M 52.1G
6.11 5.83 4.06|3184k   64k|3074k  290k| 896M 7997M  657M 52.2G
12.6 7.54 4.70| 329k   60k|1148k   10M|1743M 6680M  667M 52.6G
8.13 6.94 4.59|4703k   67k|  67k   16M| 965M 7045M  695M 53.0G
5.45 6.41 4.48| 987k   40k|1368k  211k|1193M 6701M  725M 53.1G
3.98 5.95 4.39| 174k   63k|  12k  889k|1011M 6859M  730M 53.1G
3.38 5.63 4.33| 650k   75k|  41k   83k|1419M 6368M  749M 53.1G
3.09 5.35 4.28| 132k   54k| 426k 2978k|1717M 5961M  753M 53.2G
2.46 4.98 4.19| 205k   60k|  24k   62k|1189M 6466M  759M 53.3G
2.14 4.66 4.11| 354k   74k|2188k 8147k|1664M 6273M  619M 53.1G
3.03 4.64 4.12|1242k   67k|9513B   22k| 842M 6994M  649M 53.2G
2.96 4.46 4.07|5266k   64k|3100k  306k|1003M 6578M  690M 53.4G
2.69 4.24 4.01|3947k   63k| 135k  126k|1263M 6175M  726M 53.5G
7.15 5.18 4.33|1925k   55k|1104k 9901k|1786M 5493M  667M 53.7G
5.59 4.97 4.29| 282k   67k|  22k   15M|1572M 5527M  619M 54.0G
4.77 4.84 4.27|2646k   71k|1439k   24k|1021M 5811M  691M 54.1G
4.41 4.75 4.25|3620k   68k|1567k  111k| 831M 6102M  653M 54.1G
10.3 6.26 4.78| 460k   60k|1200k 9812k|1791M 4640M  667M 54.6G
7.67 5.98 4.73| 282k   69k|  60k   15M|1656M 4683M  619M 54.7G
8.84 6.33 4.88|1818k   56k| 331k 5569k|1890M 4119M  666M 55.0G
8.10 6.49 4.99|  32k   58k|  65k 6269k|1772M 3728M  667M 55.5G
11.9 7.44 5.34|3753k   64k|2826k   23M|1173M 3941M  667M 55.8G
7.71 6.86 5.21|1305k   77k|  53k   15M| 820M 3924M  650M 56.2G
5.47 6.39 5.11|5260k   67k|4010k  265k| 972M 3489M  691M 56.4G
4.60 6.10 5.05|2149k   64k|1902k   94k|1161M 3350M  665M 56.4G
4.08 5.83 5.00| 588k   65k| 249k   32k|1554M 3113M  619M 56.3G
3.96 5.64 4.96| 254k   65k| 720k   20k|1608M 3037M  619M 56.3G
3.38 5.35 4.89|3714k   71k|1381k  290k|1108M 3124M  723M 56.6G
2.76 5.01 4.79|  73k   63k|4798B  317k|1162M 3063M  725M 56.6G
3.30 4.90 4.76| 174k   53k|  12k  863k|1111M 3091M  730M 56.7G
2.91 4.67 4.68| 650k   52k|  26k   80k|1403M 2714M  749M 56.7G
4.55 4.91 4.76| 132k   58k|  25k 2982k|1611M 2409M  753M 56.8G
4.37 4.82 4.74| 202k   62k|  30k  157k|1288M 2708M  759M 56.8G
3.30 4.52 4.64|1773k   61k|  77k 7972k| 855M 3327M  654M 56.8G
5.78 5.06 4.82| 454k   64k| 334k   10M|1790M 1876M  667M 57.2G
4.16 4.73 4.72|5885k   64k| 462k   17M| 713M 2723M  649M 57.5G
3.18 4.44 4.62|4247k   64k|3178k  288k|1199M 1848M  725M 57.8G
4.40 4.63 4.68|6401k   65k|3190k  512k| 936M 2129M  698M 57.8G
5.45 4.83 4.74|9415k   66k| 110k  509k| 812M 2455M  641M 57.7G
3.91 4.51 4.64|5856k   76k| 251k 1876k| 835M 2321M  669M 57.7G
3.03 4.24 4.54|6791k   87k|1639k  326k| 810M 2443M  631M 57.7G
3.42 4.23 4.53|6604k   66k| 169k  488k|1152M 1735M  724M 57.9G
2.86 4.02 4.45|6558k   63k| 129k 1059k| 985M 1980M  703M 57.9G
3.19 4.01 4.43|6754k   68k| 117k 2625k|1584M 1538M  660M 57.8G
3.87 4.05 4.43|  10M   69k| 135k  904k|1576M 1539M  661M 57.8G
2.84 3.79 4.33|8103k   67k|1396k 1097k| 864M 2258M  657M 57.8G
7.56 4.96 4.71| 329k   56k|1209k   10M|1731M  911M  667M 58.2G
5.11 4.61 4.60|6071k   67k|1423k   16M| 869M 1514M  644M 58.5G
3.74 4.33 4.50|5347k   46k| 173k  295k| 959M 1170M  725M 58.7G
3.11 4.12 4.43|4989k   88k|  90k  916k|1670M  703M  660M 58.5G
2.54 3.88 4.34|  12M   65k|1542k  204k| 795M 1625M  638M 58.5G
2.13 3.65 4.25|  13M   81k|  40k  276k| 844M 1487M  659M 58.6G
4.12 3.98 4.33|8762k   67k|1631k  860k| 788M 1624M  625M 58.5G
3.08 3.74 4.24|8709k   71k|  96k 1264k|1464M  809M  660M 58.6G
2.19 3.46 4.13|1140k   69k|5282B   74k| 779M 1663M  611M 58.5G
