---load-avg--- -dsk/total- -net/total- ------memory-usage-----
 1m   5m  15m | read  writ| recv  send| used  free  buff  cach
   0    0    0|6772M 4249M|   0     0 | 625M 11.7G  533M 48.4G
0.20 0.05 0.02|   0   112k| 733B  701B| 735M 11.5G  533M 48.4G
0.82 0.21 0.07|2124k   77k|1597k 1942k| 830M 11.3G  544M 48.5G
1.10 0.33 0.12|  11M   69k| 638k  877k| 815M 11.3G  544M 48.5G
1.13 0.41 0.15|  11M   99k| 711k 1096k| 833M 11.1G  597M 48.6G
1.19 0.50 0.19|  12M  100k| 675k 1052k| 789M 11.1G  596M 48.7G
1.68 0.68 0.26|9213k   64k| 298k 2235k| 852M 11.0G  584M 48.7G
1.53 0.74 0.29|  12M   74k| 539k  931k| 760M 11.1G  584M 48.7G
1.52 0.82 0.33|9008k   74k| 426k 2564k| 646M 11.2G  566M 48.7G
3.83 1.38 0.53|8556k   63k|1076k 2116k|6612M 5007M  677M 49.1G
8.99 2.87 1.06|   0    53k| 256B  354B|6444M 5176M  677M 49.1G
12.2 4.24 1.57| 643k   52k| 912B 1320B|6348M 5230M  696M 49.1G
14.2 5.50 2.08|   0    60k|  31B   23B|6473M 5105M  696M 49.1G
15.0 6.52 2.53|   0    50k|  24B   22B|6433M 5145M  696M 49.1G
15.1 7.31 2.92| 660k   31k|  65B   31B|6344M 5192M  716M 49.1G
16.0 8.26 3.37|   0    49k|  10B    2B|6525M 5010M  716M 49.1G
11.9 8.07 3.47|7068k   60k| 226k  465k|6175M 5489M  653M 49.1G
13.9 8.93 3.90| 819k   58k|  76B   67B|6455M 5147M  677M 49.1G
15.0 9.67 4.31|   0    49k| 224B  315B|6510M 5092M  677M 49.1G
15.9 10.4 4.72| 643k   47k|  19B   23B|6503M 5058M  696M 49.1G
16.3 11.0 5.11|   0    51k|  48B   40B|6365M 5195M  696M 49.1G
15.7 11.4 5.42| 660k   46k|  40B   11B|6581M 4937M  716M 49.2G
16.2 11.9 5.80|   0    45k|  36B   23B|6394M 5124M  716M 49.2G
15.3 12.2 6.08|  51k   59k|  24B   11B|1880M 9633M  717M 49.2G
14.3 12.2 6.26|6511k   42k| 198k  414k|6492M 5093M  677M 49.1G
15.2 12.6 6.59|   0    51k|  31B   21B|6397M 5188M  677M 49.1G
13.6 12.5 6.74| 643k   51k|  14B   14B|6455M 5088M  696M 49.2G
14.9 12.9 7.07|   0    52k| 154B  197B|6492M 5050M  696M 49.2G
15.8 13.3 7.39| 660k   46k|  19B    2B|6417M 5083M  716M 49.2G
16.2 13.6 7.69|   0    52k|  44B   22B|6627M 4873M  716M 49.2G
16.4 13.9 7.98|   0    51k|  55B   31B|6459M 5041M  716M 49.2G
12.4 13.2 7.92|7313k   64k| 152k  310k|6634M 4936M  677M 49.2G
13.9 13.5 8.18|   0    38k|  43B   67B|6454M 5118M  677M 49.2G
14.9 13.8 8.45|   0    58k|  21B   11B|6635M 4936M  677M 49.2G
14.9 13.8 8.64| 643k   44k| 213B  257B|6356M 5173M  696M 49.2G
15.7 14.1 8.90|   0    51k|  21B   11B|6446M 5084M  696M 49.2G
16.5 14.5 9.19| 660k   47k|  53B   49B|6320M 5167M  716M 49.2G
16.4 14.7 9.42|   0    51k|   8B    2B|6377M 5110M  716M 49.2G
14.3 14.4 9.49|1227k   54k|7146B   29k| 758M 11.1G  535M 48.8G
14.8 14.4 9.67|4800k   57k| 200k  414k|6454M 5117M  677M 49.2G
15.3 14.6 9.88|   0    56k|  41B   67B|6624M 4947M  677M 49.2G
14.9 14.6 10.0| 643k   47k|  27B   13B|6473M 5057M  696M 49.2G
15.5 14.8 10.2|   0    54k|  84B  126B|6422M 5107M  696M 49.2G
15.1 14.8 10.4| 660k   42k|  75B   33B|6372M 5115M  716M 49.2G
15.9 15.0 10.6|   0    51k|  61B   41B|6399M 5087M  716M 49.2G
16.3 15.2 10.8|   0    48k|  39B    4B|6361M 5126M  716M 49.2G
13.7 14.7 10.8|6206k   54k| 245k  513k|6622M 4928M  677M 49.2G
14.7 14.8 10.9|   0    56k|  63B   67B|6365M 5186M  677M 49.2G
15.6 15.0 11.1|   0    50k|  32B   13B|6382M 5169M  677M 49.2G
15.7 15.1 11.3| 643k   47k| 116B  155B|6443M 5066M  696M 49.2G
16.4 15.3 11.5|   0    50k|  45B    2B|6468M 5042M  696M 49.2G
15.5 15.2 11.5| 660k   48k|  39B   31B|6469M 4997M  716M 49.2G
15.8 15.3 11.7|   0    49k|  18B   11B|6295M 5171M  716M 49.2G
14.8 15.1 11.8|  51k   58k|  30B   30B|1974M 9487M  717M 49.2G
15.0 15.1 11.9|6155k   57k| 185k  398k|6392M 5154M  677M 49.2G
15.8 15.3 12.0|   0    49k|  29B   21B|6393M 5153M  677M 49.2G
16.2 15.4 12.2| 643k   33k|   2B    2B|6383M 5121M  696M 49.2G
16.3 15.5 12.3|   0    48k| 140B  169B|6396M 5109M  696M 49.2G
16.3 15.6 12.4|   0    49k|  33B    2B|6385M 5119M  696M 49.2G
16.4 15.7 12.6| 660k   48k|  15B   20B|6347M 5115M  716M 49.2G
16.7 15.8 12.7|   0    51k|  54B   31B|6455M 5007M  716M 49.2G
13.5 15.2 12.6|5671k   55k| 174k  382k|6547M 4998M  677M 49.2G
14.8 15.3 12.8|   0    54k|  72B   88B|6588M 4957M  677M 49.2G
14.7 15.3 12.8|   0    57k|  19B   33B|6396M 5149M  677M 49.2G
15.5 15.4 12.9| 643k   50k|  92B   80B|6353M 5150M  696M 49.2G
15.7 15.5 13.0|   0    50k|  21B    2B|6441M 5063M  696M 49.2G
16.2 15.6 13.2| 660k   34k|  52B   41B|6429M 5032M  716M 49.2G
16.3 15.7 13.3|   0    49k|  10B   12B|6425M 5036M  716M 49.2G
15.5 15.6 13.3|  51k   51k|  60B   13B|1751M 9706M  717M 49.2G
14.5 15.3 13.3|6155k   58k| 192k  409k|6394M 5152M  677M 49.2G
15.4 15.4 13.4|   0    49k|  61B   76B|6504M 5041M  677M 49.2G
14.8 15.3 13.4| 643k   51k|   4B    4B|6447M 5058M  696M 49.2G
15.6 15.5 13.5|   0    49k| 161B  154B|6554M 4950M  696M 49.2G
16.1 15.6 13.6|   0    47k|  23B   24B|6243M 5261M  696M 49.2G
16.3 15.7 13.7| 660k   48k|  30B   23B|6417M 5043M  716M 49.2G
16.7 15.8 13.8|   0    52k|  23B   13B|6467M 4994M  716M 49.2G
14.1 15.3 13.7|1811k   55k|  25k   29k| 776M 10.9G  569M 48.9G
9.20 14.0 13.4|3661k   86k|  48k   57k|1030M 10.7G  569M 48.9G
6.37 12.9 13.0|3656k   66k|  47k   61k| 758M 10.9G  569M 48.9G
5.05 11.9 12.7|4051k   68k| 201k  163k| 787M 10.9G  566M 48.9G
4.30 11.1 12.4|5488k   62k|  29k  413k| 946M 10.6G  580M 49.0G
4.38 10.5 12.1|6705k   65k| 758k  542k| 906M 10.7G  580M 49.0G
3.60 9.69 11.8|4616k   48k|2726k 5525k| 959M 10.5G  567M 49.2G
2.83 8.92 11.5|3050k   72k|  11k 5425k| 961M 10.5G  567M 49.2G
2.13 8.16 11.2|2678k   77k|2301k   10M| 751M 10.7G  565M 49.1G
1.76 7.50 10.8|1918k   67k| 180k 8260k| 930M 10.7G  541M 49.0G
2.08 7.02 10.6|3884k   67k|1009k 7746k| 776M 10.7G  565M 49.1G
1.80 6.47 10.3|1754k   43k|3141k 5439k| 759M 10.9G  536M 48.9G
1.69 6.00 9.99| 148k   68k| 354B  531B|1120M 10.6G  541M 48.9G
1.63 5.57 9.72|   0    71k|  10B   12B|1137M 10.5G  541M 48.9G
1.58 5.18 9.46| 767k   70k| 230k  322k|1055M 10.6G  541M 49.0G
1.64 4.84 9.21|   0    68k|  94B  137B|1185M 10.5G  541M 49.0G
1.65 4.54 8.97|   0    65k|   6B    2B|1186M 10.5G  541M 49.0G
1.45 4.21 8.72|1171k   76k| 126k 5222k| 905M 10.5G  567M 49.2G
1.48 3.95 8.48| 970k   74k| 247k  305k|1124M 10.5G  541M 49.0G
1.43 3.70 8.26|   0    43k|  28B   37B|1182M 10.5G  541M 49.0G
1.51 3.50 8.04| 767k   73k|  97k  288k|1056M 10.6G  541M 49.0G
1.52 3.31 7.84|   0    67k| 174B  286B|1200M 10.4G  541M 49.0G
1.51 3.14 7.63|   0    65k| 159B  166B|1196M 10.4G  541M 49.0G
1.51 2.98 7.44| 512k   67k| 280k  172k|1057M 10.6G  541M 49.0G
1.52 2.84 7.25|   0    68k|  68B   40B|1200M 10.4G  541M 49.0G
1.45 2.69 7.06|   0    64k|  41B    4B|1316M 10.3G  541M 49.0G
1.55 2.60 6.88| 512k   71k| 141k  234k|1135M 10.5G  541M 49.0G
1.46 2.47 6.71|   0    75k|  32B   21B|1152M 10.5G  541M 49.0G
1.39 2.36 6.53| 258k   62k| 118k  135k| 901M 10.7G  541M 49.0G
1.50 2.29 6.38|   0    68k|  60B  128B|1120M 10.5G  541M 49.0G
1.48 2.22 6.22|   0    43k|  21B   11B|1163M 10.4G  541M 49.0G
1.48 2.15 6.07| 435k   67k|  62k  114k| 805M 10.8G  541M 49.0G
1.48 2.08 5.92|1509k   68k| 109k  198k| 995M 10.6G  541M 49.0G
1.50 2.03 5.78|   0    71k|  85B  101B|1249M 10.3G  541M 49.0G
1.44 1.96 5.64|   0    66k|  39B    2B|1276M 10.3G  541M 49.0G
1.45 1.91 5.50|1256k   69k| 175k  134k|1073M 10.5G  541M 49.0G
1.61 1.91 5.39|   0    72k|  32B   21B|1199M 10.4G  541M 49.0G
1.51 1.85 5.26|   0    67k| 126B  102B|1156M 10.4G  541M 49.0G
1.63 1.85 5.15| 966k   64k|  15k  115k| 814M 10.7G  562M 49.1G
1.58 1.82 5.03|4202k   67k| 209k  273k|2600M 8904M  619M 49.3G
1.54 1.79 4.91|   0    66k|  67B   80B|2083M 9420M  619M 49.3G
1.64 1.79 4.82| 581k   43k|  26k  255k| 765M 10.8G  546M 49.1G
1.52 1.75 4.70|2451k   67k| 940B  118k|2081M 9414M  619M 49.3G
1.64 1.76 4.61|   0    65k|  21B   12B|1995M 9499M  619M 49.3G
1.60 1.73 4.51|3859k   69k| 228k  426k|2090M 9387M  619M 49.3G
1.69 1.74 4.42|   0    59k|  82B  248B|2091M 9385M  619M 49.3G
1.62 1.72 4.33|   0    65k|  41B    4B|2471M 9006M  619M 49.3G
1.58 1.70 4.24|3488k   74k| 256k  448k|2602M 8855M  619M 49.3G
1.56 1.68 4.15|   0    59k|  61B  238B|1985M 9472M  619M 49.3G
1.46 1.65 4.06|   0    65k| 153B  176B|2472M 8985M  619M 49.3G
1.54 1.65 3.98|4301k   66k| 287k  476k|2442M 8994M  619M 49.3G
1.53 1.64 3.90|   0    66k|  92B  238B|2134M 9302M  619M 49.3G
1.46 1.61 3.82|   0    60k|   4B    4B|2536M 8900M  619M 49.3G
1.47 1.60 3.74|1743k   70k|  91k  274k| 818M 10.7G  541M 49.1G
1.61 1.62 3.68|3642k   65k| 285k  251k|2343M 9069M  619M 49.4G
1.49 1.59 3.60|   0    64k|  79B  113B|2088M 9324M  619M 49.4G
1.49 1.58 3.54|   0    56k|  23B   13B|2537M 8874M  619M 49.4G
1.80 1.65 3.50|3488k   72k| 242k  469k|2602M 8792M  619M 49.4G
1.69 1.64 3.43|   0    65k|  10B   12B|2089M 9306M  619M 49.4G
1.61 1.63 3.37|   0    61k|  97B  147B|2795M 8599M  619M 49.4G
1.56 1.61 3.31|1634k   70k| 379k  393k| 818M 10.6G  541M 49.2G
1.54 1.60 3.25|3999k   43k|  75k  244k|2076M 9288M  619M 49.4G
1.61 1.61 3.20|   0    69k|  29B   21B|2089M 9274M  619M 49.4G
1.56 1.60 3.14|   0    59k| 249B  345B|2793M 8571M  619M 49.4G
1.95 1.69 3.13|3488k   64k| 271k  497k|2086M 9257M  619M 49.4G
1.78 1.68 3.08|   0    66k|  31B   21B|2086M 9257M  619M 49.4G
1.68 1.66 3.03|3423k   63k|  99k  345k| 937M 10.2G  618M 49.4G
1.62 1.64 2.98|  65k   74k| 345B   41k|2086M 9244M  619M 49.4G
1.58 1.63 2.93|  11k   68k|  37B    2B|2471M 8859M  620M 49.4G
1.49 1.60 2.88|6416k   73k| 120k  296k|3223M 7714M  710M 49.7G
1.50 1.59 2.83| 100M   60k|1629B 5871B|9083M  478M 3690M 48.0G
6.75 2.82 3.20|5166k   48k| 187B  231B|8538M 1375M 3837M 47.5G
8.55 3.70 3.48|3631k   55k| 261k  611k|2083M 14.7G  603M 43.9G
5.77 3.49 3.42|   0    63k|  80B  247B|2029M 14.8G  603M 43.9G
4.08 3.30 3.36|   0    61k|  70B   50B|2084M 14.7G  603M 43.9G
3.12 3.14 3.30| 844k   63k| 233k  285k| 730M 16.3G  524M 43.7G
2.42 2.97 3.24|2825k   65k|  19k   65k|1631M 15.3G  568M 43.8G
2.22 2.87 3.20|   0    58k| 172B  562B|1109M 15.8G  568M 43.8G
2.01 2.75 3.15|   0    56k|  24B   11B|1238M 15.7G  568M 43.8G
1.82 2.63 3.09|  50k   61k|1279B   82k| 875M 16.0G  570M 43.8G
1.70 2.52 3.04|  13k   63k| 284B   41k| 796M 16.1G  570M 43.8G
1.63 2.43 2.99|   0    60k| 239B 1529B| 869M 16.0G  570M 43.8G
1.59 2.34 2.94|  13k   62k| 420B   15k| 917M 16.0G  571M 43.8G
1.63 2.27 2.90|  45k   60k| 890B   29k|1268M 15.6G  572M 43.8G
1.58 2.20 2.85| 737k   65k|  12k   17k| 814M 16.2G  539M 43.7G
1.61 2.14 2.81|  63M   42k|  51k   30k|7634M 5339M 2421M 46.0G
4.86 2.82 3.01|  47M   54k| 195B  259B|7551M 2319M 3837M 47.5G
9.50 4.14 3.45| 713k   60k| 187k  374k| 734M 16.3G  531M 43.7G
7.31 4.15 3.48|2904k   65k|  53k  193k|2130M 14.6G  604M 43.9G
5.03 3.90 3.41|   0    64k|  29B   21B|2022M 14.7G  604M 43.9G
3.65 3.67 3.35|   0    61k| 118B  152B|2452M 14.3G  604M 43.9G
2.80 3.46 3.29|1858k   63k|  42k  315k|1046M 15.8G  569M 43.9G
2.28 3.27 3.23|   0    61k| 135B  515B|1108M 15.8G  569M 43.9G
1.96 3.10 3.17|   0    59k|  25B   15B|1175M 15.7G  569M 43.9G
1.78 2.94 3.12|  50k   60k|1138B   91k|1103M 15.8G  570M 43.9G
1.60 2.79 3.06|  13k   61k| 312B   46k| 810M 16.0G  571M 43.9G
1.61 2.68 3.02|   0    59k| 239B 1390B| 868M 16.0G  571M 43.9G
1.56 2.56 2.97|  13k   69k| 436B   16k| 910M 15.9G  571M 43.9G
1.53 2.46 2.92|  45k   40k| 847B   32k|1170M 15.7G  572M 43.9G
1.51 2.37 2.87|   0    62k|  76B  418B| 947M 15.9G  572M 43.9G
1.57 2.30 2.83|1911k   71k|  18k   47k| 923M 15.9G  569M 43.9G
1.98 2.33 2.83|   0    65k|  99B  296B|1169M 15.7G  569M 43.9G
1.78 2.25 2.78|   0    64k|  61B   88B|1240M 15.6G  569M 43.9G
1.74 2.19 2.75|  50k   62k|1089B   80k|1079M 15.8G  570M 43.9G
1.66 2.13 2.70|  13k   63k| 476B   41k| 743M 16.1G  571M 43.9G
1.59 2.06 2.66|   0    64k|  57B  189B| 884M 16.0G  571M 43.9G
1.66 2.04 2.64|  57k   59k|1190B   41k|1282M 15.6G  572M 43.9G
1.60 1.99 2.60|   0    64k| 105B  431B| 789M 16.0G  573M 43.9G
1.51 1.93 2.56|9333k   58k| 504k  159k|2605M 13.8G  693M 44.2G
1.44 1.87 2.52|  91M   67k|3170B   11k|8597M 2171M 3410M 47.1G
5.28 2.72 2.78|  14M   52k| 768B 1150B|8294M 1654M 3836M 47.4G
7.33 3.53 3.05|1987k   54k|  17k  389k|1368M 15.6G  568M 43.8G
5.08 3.35 3.00|   0    67k| 194B  576B|1118M 15.8G  568M 43.8G
3.66 3.17 2.95|   0    62k|  77B  249B|1252M 15.7G  568M 43.8G
3.24 3.12 2.94|   0    59k|  89B  103B|1251M 15.7G  568M 43.8G
2.55 2.96 2.90|  50k   60k|1041B   94k|1059M 15.9G  569M 43.8G
2.07 2.81 2.85|  13k   62k| 467B   48k| 778M 16.2G  570M 43.8G
2.12 2.74 2.82|   0    71k|  66B  196B| 793M 16.2G  570M 43.8G
1.95 2.64 2.79|  57k   59k|1283B   54k|1031M 15.9G  572M 43.8G
1.86 2.55 2.75|   0    42k|  39B    2B|1083M 15.9G  572M 43.8G
1.73 2.45 2.71|3374k   64k|  50k   36k|1019M 15.8G  617M 43.9G
1.71 2.37 2.67|1792k   67k| 453k  152k|1056M 15.9G  568M 43.8G
1.57 2.27 2.63|   0    61k| 257B  703B|1122M 15.8G  568M 43.8G
1.92 2.30 2.63|   0    64k|  39B    2B|1187M 15.8G  568M 43.8G
1.88 2.26 2.60|  50k   63k|1520B   77k|1106M 15.8G  570M 43.8G
1.72 2.18 2.57|  13k   65k| 372B   39k| 840M 16.1G  570M 43.8G
1.90 2.18 2.55|   0    43k| 125B  590B| 880M 16.1G  570M 43.8G
1.81 2.13 2.52|  57k   79k|1251B   41k|1136M 15.8G  572M 43.8G
1.69 2.07 2.49|   0    63k|  52B   24B| 831M 16.1G  572M 43.8G
1.61 2.01 2.46|1732k   78k| 102k   45k|1595M 15.4G  568M 43.8G
2.07 2.08 2.46|   0    60k| 230B  615B|1122M 15.8G  568M 43.8G
1.91 2.04 2.44|   0    60k|  21B   11B|1249M 15.7G  568M 43.8G
1.76 1.98 2.41|  50k   64k|1116B   83k| 857M 16.1G  570M 43.8G
1.67 1.94 2.37|  13k   61k| 253B   41k| 807M 16.1G  570M 43.8G
1.61 1.90 2.35|   0    42k| 334B 1882B| 889M 16.0G  570M 43.8G
1.50 1.84 2.31|  13k   64k| 407B   16k| 903M 16.0G  571M 43.8G
1.49 1.81 2.28|  45k   66k| 858B   30k|1102M 15.8G  572M 43.8G
1.50 1.78 2.26|   0    73k| 105B  479B| 955M 16.0G  572M 43.8G
2.43 1.99 2.31|  47M   59k|  53k   46k|7005M 7119M 1916M 45.4G
4.50 2.47 2.46|  64M   58k| 187B  289B|7493M 2423M 3837M 47.5G
8.32 3.63 2.85|   0    51k|  58B   11B|6702M 3215M 3837M 47.5G
5.69 3.44 2.81|1987k   77k|  16k  394k|1045M 15.9G  569M 43.8G
4.04 3.25 2.76|   0    42k| 146B  531B| 990M 15.9G  569M 43.8G
3.65 3.22 2.76|   0    58k|  79B  103B|1087M 15.8G  569M 43.8G
2.79 3.05 2.72|  50k   63k|1061B   80k|1096M 15.8G  570M 43.8G
2.43 2.93 2.69|  13k   63k| 408B   41k| 830M 16.1G  571M 43.8G
1.99 2.78 2.65|   0    61k| 135B  583B| 857M 16.1G  571M 43.8G
1.87 2.67 2.62|  57k   79k|1240B   44k|1002M 15.9G  572M 43.8G
1.73 2.56 2.58|   0    55k|  93B  677B| 882M 16.0G  572M 43.8G
1.58 2.44 2.54| 619k   65k|  20k   15k| 752M 16.3G  525M 43.7G
2.47 2.60 2.59|  22M   67k|  74k   67k|6459M 9275M 1173M 44.7G
4.48 3.00 2.72|  89M   64k| 291B  365B|8489M 1407M 3837M 47.5G
9.41 4.34 3.17|   0    45k|  24B   11B|6041M 3855M 3837M 47.5G
6.85 4.22 3.17|5421k   65k| 586k  540k|1462M 15.5G  569M 43.8G
5.31 4.08 3.16|   0    43k| 129B  306B|1104M 15.8G  569M 43.8G
3.73 3.82 3.10|   0    64k| 716B 1116B|1148M 15.8G  569M 43.8G
2.86 3.59 3.05|   0    64k|  38B   23B|1234M 15.7G  569M 43.8G
2.33 3.39 2.99|  63k   79k|1272B  106k| 795M 16.1G  571M 43.8G
2.17 3.26 2.96|   0    59k| 152B  682B| 866M 16.0G  571M 43.8G
1.92 3.09 2.91|  13k   62k| 394B   13k| 824M 16.1G  571M 43.8G
1.76 2.93 2.87|  45k   66k| 844B   25k|1395M 15.5G  573M 43.8G
1.59 2.78 2.82|3317k   63k| 172k   59k| 870M 15.9G  603M 43.9G
1.62 2.67 2.78|9936k   67k| 900k  250k|5594M 10.9G  694M 44.2G
1.76 2.61 2.75| 105M   44k| 578B 2442B|9480M  674M 3835M 47.2G
7.45 3.90 3.18|  81k   56k| 823B 1238B|8588M 1676M 3836M 47.1G
7.06 4.21 3.31|6182k   52k|  52k  399k|3175M 13.6G  693M 43.8G
5.58 4.17 3.33|  91M   62k|1234B 3946B|8467M 2723M 3412M 46.7G
8.40 4.96 3.61|  14M   66k| 169B  229B|9441M  814M 3836M 47.1G
8.15 5.29 3.77|4625k   56k|  49k  389k|1054M 15.9G  647M 43.7G
6.94 5.32 3.83|  78M   60k|  13k   12k|8032M 4083M 2984M 46.2G
9.20 5.96 4.09|  28M   53k| 209B  290B|7416M 2827M 3837M 47.2G
10.6 6.65 4.38|1206k   38k|  28k  372k| 815M 16.5G  545M 43.4G
7.04 6.16 4.29|  10M   64k| 925k  252k|1052M 15.9G  644M 43.7G
6.71 6.22 4.37|  69M   62k|3299B   11k|7680M 5038M 2703M 46.0G
9.27 6.82 4.63|  38M   54k| 224B  350B|7672M 2561M 3837M 47.2G
10.8 7.47 4.92|2714k   50k|4700B  366k| 877M 16.3G  584M 43.6G
10.8 7.74 5.09|7414k   55k| 183k  247k|3255M 13.2G  803M 44.0G
13.1 8.59 5.46|   0    58k|  29B   21B|2937M 13.6G  803M 44.0G
13.6 9.12 5.73|   0    40k| 119B  120B|1846M 14.6G  803M 44.0G
13.7 9.57 5.99|   0    37k|  35B   21B|2129M 14.3G  803M 44.0G
14.2 10.1 6.26|   0    45k|  28B   32B|3307M 13.2G  803M 44.0G
14.4 10.5 6.52|   0    44k|  32B   21B|2290M 14.2G  803M 44.0G
14.3 10.8 6.77|   0    43k|  46B   13B|1948M 14.5G  803M 44.0G
14.0 11.1 6.98|   0    31k|  32B   21B|3349M 13.1G  803M 44.0G
13.1 11.2 7.14|   0    45k|  46B   13B|3025M 13.5G  803M 44.0G
12.9 11.3 7.33|   0    43k|  29B   21B|3104M 13.4G  803M 44.0G
12.4 11.4 7.47|   0    42k|   9B   13B|2077M 14.4G  803M 44.0G
10.9 11.2 7.52|   0    44k|  54B   40B|2073M 14.4G  803M 44.0G
12.1 11.4 7.74|   0    51k|  32B   13B|3068M 13.4G  803M 44.0G
12.8 11.7 7.93|   0    43k|  45B   23B|2073M 14.4G  803M 44.0G
13.1 11.9 8.13|   0    40k|  21B   15B|1922M 14.5G  803M 44.0G
13.5 12.1 8.31|   0    46k|  43B   23B|2078M 14.4G  803M 44.0G
13.8 12.3 8.51|   0    33k|  26B   15B|2618M 13.9G  803M 44.0G
13.2 12.3 8.64|   0    44k|  63B   23B|3325M 13.2G  803M 44.0G
14.6 12.8 8.90|   0    44k|  48B   30B|2433M 14.0G  803M 44.0G
15.4 13.1 9.15|   0    45k|  47B   35B|2412M 14.1G  803M 44.0G
13.2 12.8 9.15|  11M   59k|  21k 1313k|2278M 14.2G  803M 44.1G
12.8 12.7 9.24|2150B   46k|  61B   76B|3287M 13.2G  803M 44.1G
13.4 12.9 9.42|   0    50k| 146B  222B|2467M 14.0G  803M 44.1G
12.6 12.8 9.49|   0    30k|  31B   23B|1980M 14.5G  803M 44.1G
14.2 13.1 9.72|   0    45k|  34B   32B|1979M 14.5G  803M 44.1G
13.6 13.1 9.81|   0    46k|  79B   33B|3250M 13.2G  803M 44.1G
13.7 13.2 9.94|   0    45k|  11B   15B|2356M 14.1G  803M 44.1G
13.5 13.2 10.1|   0    43k|  12B   14B|2444M 14.0G  803M 44.1G
12.4 13.0 10.1|   0    41k|  28B   21B|2188M 14.3G  803M 44.1G
14.0 13.3 10.3|   0    42k|  55B   14B|2249M 14.2G  803M 44.1G
14.8 13.6 10.5|   0    43k|  31B   21B|3145M 13.3G  803M 44.1G
14.5 13.7 10.6|   0    44k|  32B   34B|2205M 14.2G  803M 44.1G
11.5 13.1 10.5|   0    51k|  63B   19B|2255M 14.2G  803M 44.1G
12.6 13.2 10.6|   0    44k|   4B    4B|2233M 14.2G  803M 44.1G
14.3 13.5 10.8|   0    49k|  12B   14B|3072M 13.4G  803M 44.1G
14.4 13.6 10.9|   0    26k|  25B   15B|2061M 14.4G  803M 44.1G
13.4 13.4 11.0|   0    43k|  42B   23B|2380M 14.1G  803M 44.1G
14.3 13.7 11.1|   0    45k|  18B    6B|2006M 14.4G  804M 44.1G
15.2 13.9 11.3|   0    44k|  59B   49B|2200M 14.2G  804M 44.1G
14.6 14.0 11.4| 186k   44k| 717B 1173k|1226M 15.1G  809M 44.1G
10.8 13.1 11.2|  33M   67k|  68k   48k|6630M 8726M 1461M 44.7G
8.39 12.2 11.0|  79M   59k| 205B  251B|8448M 1704M 3837M 47.2G
11.8 12.7 11.2|   0    53k| 173B  220B|7604M 2548M 3837M 47.2G
10.2 12.2 11.0|  12M   70k| 137k  630k|1863M 14.5G  804M 44.1G
10.7 12.1 11.0|2150B   40k|  61B   67B|2991M 13.4G  804M 44.1G
10.1 11.8 11.0|   0    31k| 249B  319B|2766M 13.6G  804M 44.1G
10.8 11.8 11.0|   0    45k|  48B   14B|3386M 13.0G  804M 44.1G
12.3 12.1 11.1|   0    47k|  48B   31B|3097M 13.3G  804M 44.1G
11.4 11.9 11.1|   0    45k|  40B   31B|2015M 14.4G  804M 44.1G
12.5 12.1 11.2|   0    46k|  17B   12B|2009M 14.4G  804M 44.1G
13.4 12.3 11.3|   0    45k|  33B    2B|3180M 13.2G  804M 44.1G
14.5 12.7 11.4|   0    28k|  34B   29B|1955M 14.4G  804M 44.1G
13.4 12.6 11.4|   0    54k|  15B    2B|1587M 14.8G  804M 44.1G
12.2 12.4 11.4|   0    45k|  62B   33B|1900M 14.5G  804M 44.1G
11.8 12.3 11.4|   0    46k|  44B   35B|3217M 13.2G  804M 44.1G
12.5 12.5 11.5|   0    47k|  44B   29B|2005M 14.4G  804M 44.1G
10.8 12.2 11.4|4136k   51k| 459k  924k|1018M 15.9G  618M 43.7G
8.96 11.6 11.3|  11M   61k|  59k  278k|2210M 14.2G  804M 44.1G
11.1 11.8 11.3|2150B   49k|  40B   21B|2333M 14.0G  804M 44.1G
11.2 11.7 11.3|   0    45k| 689B  966B|2620M 13.8G  804M 44.1G
13.5 12.2 11.5|   0    29k|  43B   58B|2126M 14.2G  804M 44.1G
13.0 12.3 11.6|   0    44k|  80B   62B|1979M 14.4G  804M 44.1G
13.2 12.4 11.6|   0    54k|  71B   29B|2897M 13.5G  804M 44.1G
13.7 12.6 11.7|   0    46k|   5B    2B|2190M 14.2G  804M 44.1G
14.1 12.8 11.8|   0    47k|  17B   22B|1989M 14.4G  804M 44.1G
15.2 13.2 12.0|   0    44k|  21B   13B|2511M 13.9G  804M 44.1G
14.3 13.1 12.0|   0    42k|  22B   24B|2740M 13.6G  804M 44.1G
15.1 13.4 12.1|   0    28k|  42B    2B|1987M 14.4G  804M 44.1G
15.2 13.6 12.2|   0    44k|  55B   51B|3131M 13.3G  804M 44.1G
15.2 13.7 12.3|   0    49k|  39B    2B|2070M 14.3G  804M 44.1G
14.9 13.8 12.4|   0    43k|  17B   22B|3289M 13.1G  804M 44.1G
15.6 14.1 12.5|   0    44k|  28B   13B|2037M 14.3G  804M 44.1G
14.9 14.0 12.5|   0    52k|  74B   31B|3216M 13.2G  804M 44.1G
15.8 14.3 12.7|   0    45k|   2B    2B|2091M 14.3G  804M 44.1G
16.1 14.5 12.8|   0    48k|  58B   39B|2052M 14.3G  804M 44.1G
15.3 14.5 12.9|   0    28k|  64B   21B|1602M 14.8G  804M 44.1G
14.1 14.2 12.8|  11M   51k| 143k 1699k|1837M 14.5G  804M 44.2G
14.3 14.3 12.9|2150B   52k|  43B   67B|3338M 13.0G  804M 44.2G
14.5 14.3 12.9|   0    44k| 189B  201B|2587M 13.8G  804M 44.2G
14.1 14.3 13.0|   0    47k|  15B   14B|2301M 14.0G  804M 44.2G
14.2 14.3 13.0|   0    43k|  25B   11B|2096M 14.2G  804M 44.2G
15.5 14.6 13.2|   0    48k|  51B   40B|1998M 14.3G  804M 44.2G
14.1 14.3 13.1|   0    51k|  15B   11B|3199M 13.2G  804M 44.2G
13.9 14.2 13.1|   0    46k|  60B   23B|1965M 14.4G  804M 44.2G
13.1 14.0 13.1|   0    47k|   7B   11B|1797M 14.5G  804M 44.2G
13.9 14.1 13.1|   0    45k|  53B   14B|1941M 14.4G  804M 44.2G
13.8 14.1 13.2|   0    27k|  21B   11B|2692M 13.7G  804M 44.2G
14.1 14.1 13.2|   0    44k|  71B   29B|2272M 14.1G  804M 44.2G
13.7 14.0 13.2|   0    43k|  22B   22B|1936M 14.4G  804M 44.2G
10.7 13.2 13.0|  12M   61k| 237k 1268k|2041M 14.3G  804M 44.2G
11.8 13.2 13.0|2150B   46k|  67B   76B|3107M 13.2G  804M 44.2G
12.7 13.3 13.0|   0    46k| 166B  178B|2178M 14.1G  804M 44.2G
14.3 13.7 13.1|   0    52k|  10B   12B|3055M 13.3G  804M 44.2G
15.2 13.9 13.2|   0    46k|  28B   21B|1964M 14.3G  804M 44.2G
15.0 14.0 13.3|   0    43k|  71B   36B|2011M 14.3G  804M 44.2G
13.7 13.8 13.2|   0    41k|   9B   13B|2190M 14.1G  804M 44.2G
14.5 13.9 13.3|   0    28k|  33B   25B|2233M 14.1G  804M 44.2G
13.4 13.7 13.3|   0    43k|  60B   13B|3361M 13.0G  804M 44.2G
14.6 14.0 13.4|   0    41k|  20B   23B|1940M 14.4G  804M 44.2G
15.6 14.3 13.5|   0    47k|   2B    2B|2431M 13.9G  804M 44.2G
13.0 13.8 13.3|   0    43k|   7B   10B|2664M 13.6G  804M 44.2G
13.3 13.8 13.4|   0    44k|  52B   44B|2792M 13.5G  804M 44.2G
14.6 14.1 13.5|   0    39k|  31B   25B|2405M 13.9G  804M 44.2G
15.1 14.3 13.6|   0    39k|  48B   12B|2370M 13.9G  804M 44.2G
13.9 14.0 13.5|   0    48k|  28B   21B|2019M 14.3G  804M 44.2G
14.9 14.3 13.6|   0    44k|  37B   12B|2276M 14.0G  804M 44.2G
14.5 14.2 13.6|   0    45k|  23B   13B|2274M 14.0G  804M 44.2G
14.4 14.2 13.6|   0    46k|  68B   32B|3107M 13.2G  804M 44.2G
15.4 14.5 13.7| 945k   42k|4883B 1375k| 745M 16.4G  524M 43.6G
12.3 13.7 13.5|  11M   62k|  23k  269k|1984M 14.3G  804M 44.2G
11.9 13.5 13.4|2150B   43k|  58B   21B|2806M 13.5G  804M 44.2G
13.7 13.8 13.5|   0    27k| 100B  139B|2258M 14.0G  804M 44.2G
13.1 13.6 13.5|   0    53k| 188B  231B|1971M 14.3G  805M 44.2G
14.3 13.9 13.6|   0    45k|  24B   11B|2262M 14.0G  805M 44.2G
13.2 13.6 13.5|   0    48k|  69B   40B|2274M 14.0G  805M 44.2G
12.3 13.4 13.4|   0    46k|  23B   14B|2167M 14.1G  805M 44.2G
13.2 13.5 13.5|   0    41k|  34B   29B|1957M 14.3G  805M 44.2G
10.5 12.8 13.2|   0    44k|  13B    2B|3403M 12.9G  805M 44.2G
11.8 12.9 13.2|   0    40k|  61B   29B|2335M 13.9G  805M 44.2G
12.5 13.0 13.3|   0    28k|   2B    2B|2523M 13.7G  805M 44.2G
14.2 13.3 13.4|   0    43k|  18B   20B|2090M 14.2G  805M 44.2G
14.3 13.4 13.4|   0    45k|  40B   31B|2273M 14.0G  805M 44.2G
14.2 13.5 13.4|   0    46k|  36B   20B|2127M 14.1G  805M 44.2G
15.2 13.8 13.5|   0    43k|  29B   11B|3148M 13.1G  805M 44.2G
13.6 13.5 13.4|   0    43k|  20B   14B|3320M 13.0G  805M 44.2G
13.8 13.6 13.5|   0    44k|   4B    4B|2308M 14.0G  805M 44.2G
14.6 13.8 13.6|   0    42k|  45B   29B|2201M 14.1G  805M 44.2G
15.6 14.2 13.7|   0    43k|  88B    2B|2257M 14.0G  805M 44.2G
15.2 14.2 13.7|   0    26k|  98B   76B|1938M 14.3G  805M 44.2G
11.6 13.4 13.5|5977k   61k| 144k 1607k| 774M 16.3G  553M 43.7G
11.7 13.2 13.4|8533k   55k|1473B  323k|2013M 14.2G  805M 44.3G
13.4 13.5 13.5|   0    48k|  10B   12B|2379M 13.8G  805M 44.3G
13.7 13.6 13.5|   0    51k| 224B  277B|2358M 13.9G  805M 44.3G
14.8 13.8 13.6|   0    41k|  29B   21B|3244M 13.0G  805M 44.3G
12.6 13.4 13.5|   0    43k|  76B   39B|2278M 13.9G  805M 44.3G
14.1 13.7 13.6|   0    29k|  15B   12B|1938M 14.3G  805M 44.3G
10.6 12.9 13.3|   0    45k|  21B   15B|3377M 12.9G  805M 44.3G
11.4 12.9 13.3|   0    48k|  33B   23B|1995M 14.2G  805M 44.3G
11.6 12.7 13.2|   0    46k|  10B    6B|3434M 12.8G  805M 44.3G
13.4 13.1 13.3|   0    43k|  58B   23B|2315M 13.9G  805M 44.3G
14.8 13.4 13.4|   0    43k|  28B   13B|2871M 13.4G  805M 44.3G
14.2 13.4 13.4|   0    50k|  62B   40B|2239M 14.0G  805M 44.3G
14.7 13.6 13.5|   0    50k|  18B    6B|2086M 14.1G  805M 44.3G
14.7 13.7 13.5| 137B   28k|  34B   29B|2063M 14.2G  805M 44.3G
14.3 13.8 13.5|   0    43k|  39B    2B|2983M 13.3G  805M 44.3G
14.0 13.8 13.6|   0    45k|  38B   33B|2037M 14.2G  805M 44.3G
15.2 14.1 13.7|   0    43k|   6B    2B|3354M 12.9G  805M 44.3G
14.7 14.1 13.7|   0    42k|  63B   21B|1916M 14.3G  805M 44.3G
15.1 14.2 13.8|   0    44k|  48B   40B|1986M 14.2G  805M 44.3G
11.7 13.5 13.5|  11M   59k| 201k 1482k|1944M 14.2G  805M 44.3G
12.6 13.5 13.5| 192k   66k| 230B  146B|1997M 14.2G  806M 44.3G
13.4 13.6 13.6|   0    44k| 157B  229B|2352M 13.8G  806M 44.3G
13.5 13.6 13.6|   0    55k|  68B   23B|1945M 14.2G  806M 44.3G
13.7 13.7 13.6|   0    27k|  12B   13B|2936M 13.3G  806M 44.3G
14.9 14.0 13.7|   0    45k|  50B   36B|1893M 14.3G  806M 44.3G
15.2 14.1 13.7|   0    45k|   2B    2B|2837M 13.4G  806M 44.3G
15.5 14.3 13.8|   0    47k|  36B   31B|2267M 13.9G  806M 44.3G
14.1 14.1 13.8|   0    44k|  42B    2B|2578M 13.6G  806M 44.3G
14.5 14.2 13.8|   0    44k|  17B   22B|2312M 13.9G  806M 44.3G
14.6 14.2 13.8|   0    46k|  21B   11B|3199M 13.0G  806M 44.3G
13.5 14.0 13.8|   0    46k|  44B   10B|1895M 14.3G  806M 44.3G
13.9 14.0 13.8|1289k   48k|8074B  787k| 757M 16.3G  525M 43.7G
13.6 13.9 13.7|  10M   60k|  13k  280k|2225M 13.9G  806M 44.3G
13.8 13.9 13.7|2150B   29k|  29B   21B|2336M 13.8G  806M 44.3G
13.6 13.8 13.7|   0    46k| 228B  231B|2125M 14.0G  806M 44.3G
12.9 13.6 13.7|   0    44k|  12B   12B|2043M 14.1G  806M 44.3G
13.7 13.7 13.7|   0    43k|  16B   11B|2124M 14.0G  806M 44.3G
13.8 13.7 13.7|   0    45k|  37B   23B|2638M 13.5G  806M 44.3G
13.8 13.8 13.7|   0    44k|  72B   30B|1986M 14.2G  806M 44.3G
13.5 13.7 13.7|   0    45k|  31B   23B|2059M 14.1G  806M 44.3G
12.8 13.5 13.6|   0    43k|  17B    4B|2154M 14.0G  806M 44.3G
13.8 13.7 13.7|   0    44k|  36B   31B|3036M 13.1G  806M 44.3G
14.9 13.9 13.8|   0    42k|  41B    4B|2358M 13.8G  806M 44.3G
15.7 14.2 13.9|   0    38k|  15B   20B|2802M 13.4G  806M 44.3G
15.0 14.2 13.9|   0    44k|  40B   31B|2250M 13.9G  806M 44.3G
15.7 14.5 14.0|   0    43k|  64B   17B|1982M 14.2G  806M 44.3G
16.2 14.7 14.1|   0    44k|  13B   12B|1966M 14.2G  806M 44.3G
15.4 14.7 14.1|   0    44k|  15B   13B|2227M 13.9G  806M 44.3G
15.0 14.6 14.1|   0    45k|  10B   12B|2030M 14.1G  806M 44.3G
14.6 14.6 14.1|   0    40k|  28B   24B|2204M 14.0G  806M 44.3G
15.1 14.7 14.1|   0    28k|  48B   12B|1808M 14.3G  806M 44.3G
12.2 13.9 13.9|  10M   55k| 197k 1457k|2089M 14.0G  806M 44.4G
13.5 14.1 13.9|2150B   61k|  67B   76B|2083M 14.0G  806M 44.4G
13.1 14.0 13.9|   0    43k| 109B  101B|2093M 14.0G  806M 44.4G
14.2 14.1 14.0|   0    43k|  60B   46B|2926M 13.2G  806M 44.4G
13.6 13.9 13.9|   0    44k|   7B   11B|2399M 13.7G  806M 44.4G
13.8 13.9 13.9|   0    42k|  49B   14B|2260M 13.9G  806M 44.4G
13.8 14.0 13.9|   0    29k|  28B   21B|1994M 14.1G  806M 44.4G
15.1 14.3 14.0|   0    45k|  39B   25B|1987M 14.1G  806M 44.4G
14.8 14.2 14.0|   0    46k|  40B   13B|2290M 13.8G  806M 44.4G
13.9 14.1 14.0|   0    48k|  38B   21B|2085M 14.0G  806M 44.4G
13.8 14.0 14.0|   0    43k|  38B   28B|2194M 13.9G  806M 44.4G
14.7 14.2 14.0|   0    56k|  55B   23B|2285M 13.8G  806M 44.4G
14.6 14.2 14.0|   0    45k|  19B    9B|2158M 14.0G  806M 44.4G
12.8 13.8 13.9|   0    45k| 108B   69B|2317M 13.8G  806M 44.4G
12.8 13.7 13.9|   0    32k|  12B   14B|2188M 13.9G  806M 44.4G
12.3 13.5 13.8|   0    43k|  30B   15B|2232M 13.9G  806M 44.4G
14.1 13.8 13.9|   0    46k|  13B   12B|2498M 13.6G  806M 44.4G
14.1 13.8 13.9|   0    44k|  23B   13B|3058M 13.1G  806M 44.4G
14.1 13.8 13.9|   0    43k|  53B   20B|2394M 13.7G  806M 44.4G
12.7 13.6 13.8|5037k   60k|  59k 1504k| 790M 16.2G  539M 43.8G
12.7 13.4 13.7|9053k   53k|6070B  287k|1959M 14.1G  806M 44.4G
14.2 13.7 13.8|   0    60k| 281B  334B|3137M 13.0G  806M 44.4G
13.1 13.5 13.8|   0    31k|  20B   11B|2005M 14.1G  806M 44.4G
14.6 13.8 13.9|   0    47k|  67B   78B|2081M 14.0G  806M 44.4G
13.3 13.7 13.8|   0    43k|  37B    4B|2052M 14.0G  806M 44.4G
14.8 14.0 13.9|   0    46k|  34B   29B|1907M 14.2G  806M 44.4G
14.6 14.0 13.9|   0    49k|  46B    6B|1970M 14.1G  806M 44.4G
15.4 14.3 14.0|   0    47k|  18B   20B|1907M 14.2G  806M 44.4G
15.9 14.5 14.1|   0    31k|  25B   15B|1803M 14.3G  806M 44.4G
15.3 14.5 14.1|   0    45k|  54B   22B|1943M 14.1G  806M 44.4G
13.9 14.2 14.0|   0    45k|  22B   22B|1967M 14.1G  806M 44.4G
13.8 14.2 14.1|   0    58k|  38B   33B|2024M 14.1G  806M 44.4G
14.9 14.5 14.1|   0    38k|  41B    4B|2129M 13.9G  806M 44.4G
12.0 13.8 13.9|   0    45k|  36B   31B|2271M 13.8G  806M 44.4G
11.0 13.4 13.8|   0    49k|   4B    4B|1872M 14.2G  806M 44.4G
11.4 13.2 13.7|   0    46k|  71B   29B|3102M 13.0G  806M 44.4G
12.6 13.3 13.7|   0    29k|   4B    4B|3310M 12.8G  806M 44.4G
13.0 13.4 13.7|   0    44k|  53B   39B|1921M 14.2G  806M 44.4G
13.3 13.4 13.7|   0    45k|  48B   12B|2198M 13.9G  807M 44.4G
12.2 13.2 13.6|  10M   48k|6126B 1467k|2095M 14.0G  806M 44.4G
13.9 13.5 13.7|2150B   55k|  66B   67B|3032M 13.0G  807M 44.4G
13.6 13.4 13.7|   0    55k|  30B   15B|2067M 14.0G  807M 44.4G
13.1 13.2 13.6|   0    45k| 106B  102B|2251M 13.8G  807M 44.4G
13.0 13.3 13.6|   0    43k|  42B   33B|2942M 13.1G  807M 44.4G
13.3 13.3 13.7|   0    33k|  53B   20B|2010M 14.0G  807M 44.4G
13.9 13.5 13.7|   0    45k|   7B    4B|3186M 12.9G  807M 44.4G
14.9 13.8 13.8|   0    41k|  36B   31B|2126M 13.9G  807M 44.4G
15.6 14.0 13.9|   0    45k|  37B    2B|2836M 13.2G  807M 44.4G
15.6 14.2 13.9|   0    45k|  19B   22B|2013M 14.0G  807M 44.4G
16.1 14.4 14.0|   0    48k|  21B   11B|3282M 12.8G  807M 44.4G
14.4 14.2 13.9|   0    45k|  63B   30B|1957M 14.1G  807M 44.4G
15.3 14.4 14.0|   0    59k|  10B   12B|3210M 12.9G  807M 44.4G
15.8 14.6 14.1|   0    46k|  28B   21B|2325M 13.7G  807M 44.4G
14.4 14.4 14.0|   0    29k|  36B   21B|1976M 14.1G  807M 44.4G
15.5 14.7 14.2|   0    42k|  42B   13B|2799M 13.3G  807M 44.4G
14.8 14.6 14.2|   0    44k|  40B   21B|2043M 14.0G  807M 44.4G
15.6 14.8 14.2|   0    45k|  22B   11B|1944M 14.1G  807M 44.4G
16.0 15.0 14.3|   0    47k|  52B   44B|2357M 13.7G  807M 44.4G
12.9 14.3 14.1|  11M   50k|  18k 1373k|2394M 13.6G  806M 44.5G
14.2 14.5 14.2|  25k   53k|  83B   67B|2288M 13.7G  807M 44.5G
14.3 14.5 14.2|   0    47k| 145B  189B|2549M 13.5G  807M 44.5G
13.1 14.2 14.1|   0    29k|  10B   12B|2953M 13.1G  807M 44.5G
12.0 13.8 14.0|   0    47k|  65B   21B|2086M 13.9G  807M 44.5G
13.2 13.9 14.0|   0    44k|  23B   24B|2181M 13.8G  807M 44.5G
12.9 13.7 13.9|   0    42k|  10B   12B|3312M 12.7G  807M 44.5G
13.1 13.7 13.9|   0    42k|  28B   21B|1913M 14.1G  807M 44.5G
13.8 13.7 13.9|   0    47k|  67B   25B|2622M 13.4G  807M 44.5G
12.9 13.6 13.9|   0    43k|   5B    2B|2437M 13.6G  807M 44.5G
13.5 13.6 13.9|   0    29k|  36B   31B|2319M 13.7G  807M 44.5G
12.8 13.5 13.8|   0    45k|  15B    2B|2017M 14.0G  807M 44.5G
11.0 13.0 13.7|   0    46k|  66B   42B|1992M 14.0G  807M 44.5G
13.2 13.4 13.8|   0    42k|  39B   23B|3145M 12.9G  807M 44.5G
13.9 13.5 13.8|   0    53k|  61B   29B|2375M 13.6G  807M 44.5G
14.2 13.6 13.8|   0    44k|   4B    2B|2076M 13.9G  807M 44.5G
13.6 13.5 13.8|   0    29k|  48B   29B|3111M 12.9G  807M 44.5G
12.9 13.3 13.7|   0    42k|  23B    2B|1983M 14.0G  807M 44.5G
13.3 13.4 13.7|   0    43k|  22B   20B|2386M 13.6G  807M 44.5G
12.3 13.2 13.6|2619k   56k|  71k 1323k| 754M 16.2G  521M 43.8G
11.6 12.9 13.5|9687k   55k|7572B  289k|1944M 14.0G  807M 44.5G
13.8 13.3 13.6|2150B   44k|  39B   12B|2031M 13.9G  807M 44.5G
13.6 13.3 13.6|   0    46k| 187B  226B|2272M 13.7G  807M 44.5G
14.0 13.4 13.6|   0    29k|  53B   12B|3336M 12.7G  807M 44.5G
14.1 13.4 13.7|   0    55k|  32B   23B|2027M 14.0G  807M 44.5G
15.0 13.7 13.8|   0    43k|  33B   12B|1913M 14.1G  807M 44.5G
14.6 13.8 13.8|   0    46k|  45B   21B|1990M 14.0G  807M 44.5G
15.1 13.9 13.8|   0    43k|  29B   21B|1958M 14.0G  807M 44.5G
14.8 14.0 13.8|   0    46k|  32B   10B|2949M 13.1G  807M 44.5G
15.5 14.2 13.9|   0    47k|  44B   34B|3397M 12.6G  807M 44.5G
15.8 14.4 14.0|   0    29k|  23B   13B|2260M 13.7G  807M 44.5G
15.3 14.4 14.0|   0    44k|  55B   23B|2283M 13.7G  807M 44.5G
15.8 14.6 14.1|   0    45k|  26B   13B|2132M 13.8G  807M 44.5G
15.2 14.6 14.1|   0    44k|  34B   29B|2796M 13.2G  807M 44.5G
14.5 14.5 14.1|   0    49k|  37B    2B|2427M 13.6G  807M 44.5G
15.4 14.7 14.2|   0    45k|  57B   51B|1892M 14.1G  807M 44.5G
16.1 15.0 14.3|   0    43k|   2B    2B|3275M 12.7G  807M 44.5G
15.5 14.9 14.3|   0    42k|  47B   23B|2011M 14.0G  807M 44.5G
13.8 14.5 14.2|   0    44k| 108B   21B|3054M 12.9G  807M 44.5G
13.2 14.3 14.1|  10M   55k|7807B 1398k|2215M 13.7G  807M 44.5G
13.4 14.2 14.1|2150B   51k|  55B   69B|1863M 14.1G  807M 44.5G
13.2 14.0 14.0|   0    28k| 102B  124B|3156M 12.8G  807M 44.5G
14.6 14.3 14.1|   0    47k|  16B   14B|2088M 13.9G  807M 44.5G
13.2 14.0 14.0|   0    45k|  59B   19B|3406M 12.6G  807M 44.5G
13.9 14.1 14.0|   0    53k|  34B   23B|2107M 13.8G  807M 44.5G
14.6 14.2 14.1|   0    46k|  66B   32B|3047M 12.9G  807M 44.5G
13.3 13.9 14.0|   0    46k|  31B   23B|1982M 14.0G  807M 44.5G
12.3 13.6 13.9|   0    44k|  28B   13B|2600M 13.4G  807M 44.5G
13.8 13.8 13.9|   0    45k|  29B   14B|2035M 13.9G  807M 44.5G
13.3 13.7 13.9|   0    32k|  21B   11B|3070M 12.9G  807M 44.5G
12.4 13.5 13.8|   0    44k|  49B   25B|2178M 13.8G  807M 44.5G
14.1 13.8 13.9|   0    48k|  36B   13B|3150M 12.8G  807M 44.5G
13.1 13.6 13.8|   0    44k|  32B   30B|1902M 14.0G  807M 44.5G
12.4 13.4 13.8|   0    43k|  41B   14B|2955M 13.0G  807M 44.5G
14.1 13.7 13.9|   0    47k|  28B   21B|2077M 13.9G  807M 44.5G
14.0 13.7 13.9|   0    43k|  12B   14B|2808M 13.2G  807M 44.5G
15.0 14.0 14.0|   0    45k|  44B    4B|2454M 13.5G  807M 44.5G
15.6 14.2 14.0|   0    43k|  36B   31B|2318M 13.6G  807M 44.5G
13.3 13.8 13.9|  13M   59k|  27k 1733k|1983M 13.9G  807M 44.6G
12.4 13.5 13.8|  25k   50k|  59B   76B|2035M 13.9G  807M 44.6G
12.8 13.6 13.8|   0    31k| 233B  295B|2924M 13.0G  807M 44.6G
11.5 13.2 13.7|   0    46k|  25B   12B|2076M 13.8G  807M 44.6G
13.7 13.6 13.8|   0    45k|  47B   41B|2210M 13.7G  807M 44.6G
13.5 13.5 13.8|   0    45k|  13B   12B|1832M 14.1G  807M 44.6G
13.2 13.4 13.7|   0    51k|  39B    2B|2093M 13.8G  807M 44.6G
13.4 13.5 13.7|   0    46k|  28B   21B|3292M 12.6G  807M 44.6G
13.2 13.5 13.7|   0    45k|  50B   14B|3016M 12.9G  807M 44.6G
14.5 13.7 13.8|   0    29k|  23B   13B|3093M 12.8G  807M 44.6G
13.9 13.7 13.8|   0    44k|  18B   23B|1553M 14.3G  807M 44.6G
13.9 13.8 13.8|   0    47k|  42B   33B|2365M 13.5G  807M 44.6G
12.7 13.5 13.7|   0    46k|  18B   20B|1885M 14.0G  807M 44.6G
12.9 13.5 13.7|6557k   52k|7945B 1196k|1119M 15.0G  699M 44.5G
13.3 13.6 13.7|3720k   46k|1039B 1282B|2287M 13.6G  808M 44.6G
14.7 13.9 13.8|   0    46k|  23B    2B|1963M 13.9G  808M 44.6G
14.6 13.9 13.9|   0    52k|  93B   94B|2315M 13.6G  808M 44.6G
14.5 14.0 13.9|   0    47k|  32B   22B|3155M 12.8G  808M 44.6G
15.4 14.2 14.0|   0    29k|  48B   31B|2939M 13.0G  808M 44.6G
15.0 14.2 14.0|   0    45k|  14B    4B|3076M 12.8G  808M 44.6G
15.6 14.4 14.1|   0    44k|  36B   25B|2700M 13.2G  808M 44.6G
13.6 14.1 14.0|   0    45k|  26B   13B|2940M 13.0G  808M 44.6G
13.4 14.0 13.9|   0    42k|  47B   10B|1925M 14.0G  808M 44.6G
12.5 13.8 13.9|   0    43k|  32B   28B|1913M 14.0G  808M 44.6G
12.8 13.8 13.8|   0    44k|  45B   39B|2330M 13.6G  808M 44.6G
14.4 14.1 13.9|   0    29k|  49B   14B|2032M 13.8G  808M 44.6G
15.4 14.3 14.1|   0    60k|  11B   15B|2171M 13.7G  808M 44.6G
14.1 14.1 14.0|   0    42k|  31B   23B|1893M 14.0G  808M 44.6G
13.0 13.9 13.9|   0    49k|  30B   11B|2091M 13.8G  808M 44.6G
11.3 13.5 13.8|   0    41k|  43B   21B|3020M 12.9G  808M 44.6G
13.3 13.8 13.9|   0    45k|   7B   11B|2348M 13.5G  808M 44.6G
14.5 14.0 13.9|   0    45k|  63B   59B|2171M 13.7G  808M 44.6G
14.6 14.0 13.9|   0    29k|  26B   19B|3193M 12.7G  808M 44.6G
12.9 13.7 13.8|2484k  202k|  16k 1333k| 810M 15.8G  573M 44.1G
9.21 12.8 13.5|1484k   64k|1084k  100k|3182M 13.3G  617M 44.3G
6.25 11.7 13.2|3257k   68k|2804B  423k|3004M 13.4G  617M 44.3G
4.53 10.8 12.8|7832k   80k| 222k  616k|1095M 14.9G  705M 44.6G
7.74 10.9 12.8|3526k   46k| 269k 2383B|3313M 12.5G  808M 44.7G
11.0 11.4 12.9|   0    45k|   2B    2B|2817M 13.0G  808M 44.7G
10.2 11.2 12.8|   0    46k| 242B  334B|3057M 12.8G  808M 44.7G
12.7 11.7 12.9|   0    47k|  39B    2B|3054M 12.8G  808M 44.7G
13.5 12.0 12.9|   0    30k|  71B   63B|2577M 13.2G  808M 44.7G
13.1 12.0 12.9|   0    49k|  21B    2B|2281M 13.5G  808M 44.7G
13.5 12.2 12.9|   0    46k|  36B   22B|2672M 13.1G  808M 44.7G
14.4 12.5 13.0|   0    43k|  25B   13B|1992M 13.8G  808M 44.7G
14.7 12.8 13.1|   0    44k|  20B   22B|2303M 13.5G  808M 44.7G
14.8 13.0 13.2|   0    44k|  58B   11B|2276M 13.5G  808M 44.7G
15.3 13.3 13.2|   0    45k|  45B   44B|2066M 13.7G  808M 44.7G
15.6 13.5 13.3|   0    45k|  19B    9B|2292M 13.5G  808M 44.7G
16.0 13.8 13.4|   0    45k|  50B   47B|3344M 12.5G  808M 44.7G
16.3 14.1 13.6|   0    43k|   0     0 |3355M 12.5G  808M 44.7G
15.2 14.0 13.5|   0    44k|  64B   23B|1926M 13.9G  808M 44.7G
15.8 14.3 13.7|   0    30k|  16B   12B|3291M 12.5G  808M 44.7G
15.6 14.4 13.7|   0    45k|  35B    6B|1889M 13.9G  808M 44.7G
15.0 14.4 13.7|   0    42k|  53B   49B|2053M 13.7G  808M 44.7G
14.7 14.3 13.7|   0    46k|  13B    2B|1963M 13.8G  808M 44.7G
13.5 14.1 13.7|  10M   68k|  10k 1589k|1659M 14.1G  808M 44.7G
13.7 14.2 13.7|2150B   48k|  64B   76B|2626M 13.1G  808M 44.7G
13.3 14.0 13.7|   0    41k|  29B    2B|2612M 13.2G  808M 44.7G
14.0 14.1 13.7|   0    45k| 102B  113B|2379M 13.4G  808M 44.7G
14.4 14.2 13.8|   0    45k|   4B    2B|2819M 13.0G  808M 44.7G
14.1 14.2 13.8|   0    45k|  77B   42B|1923M 13.8G  808M 44.7G
15.1 14.4 13.8|   0    46k|  21B   11B|2273M 13.5G  808M 44.7G
14.1 14.2 13.8|   0    27k|   7B    8B|2075M 13.7G  808M 44.7G
14.4 14.3 13.8|   0    46k|  47B   14B|3022M 12.8G  808M 44.7G
14.8 14.4 13.9|   0    45k|  28B   21B|2019M 13.7G  808M 44.7G
14.9 14.4 13.9|   0    50k|  68B   25B|2358M 13.4G  808M 44.7G
15.5 14.6 14.0|   0    41k|  29B   30B|2969M 12.8G  808M 44.7G
16.0 14.8 14.1|   0    40k|  10B   12B|2360M 13.4G  808M 44.7G
16.2 15.0 14.2|   0    44k|  33B   21B|2335M 13.4G  808M 44.7G
16.4 15.2 14.2|   0    45k|  28B   16B|2441M 13.3G  808M 44.7G
16.5 15.3 14.3|   0    43k|  39B    2B|2291M 13.5G  808M 44.7G
15.0 15.1 14.3|   0    44k|  38B   33B|2156M 13.6G  808M 44.7G
13.7 14.8 14.2|   0    49k| 793B  340B|1946M 13.8G  808M 44.7G
14.2 14.7 14.2|   0    28k|  42B   45B|3037M 12.7G  808M 44.7G
11.9 14.2 14.1|3781k   53k|1246k 1620k|2830M 13.5G  617M 44.4G
7.79 13.0 13.7| 524k   84k|2637B  351k| 776M 15.8G  536M 44.2G
6.09 12.1 13.3|2733k   52k|1069k  102k|3124M 13.2G  617M 44.4G
4.35 11.1 13.0|3261k   71k|1358k  438k|3024M 13.2G  617M 44.5G
3.23 10.2 12.6|3230k   69k|2939B  410k|1789M 14.4G  616M 44.5G
2.53 9.36 12.2|  27k   65k|  75B   91B|3436M 12.8G  617M 44.5G
2.06 8.59 11.9|3257k   60k|1095k  375k|3036M 13.2G  617M 44.5G
1.90 7.93 11.6|3257k   71k|1168k  373k|2987M 13.2G  617M 44.6G
1.74 7.31 11.3|3257k   71k|3010B  411k|3053M 13.1G  617M 44.6G
1.73 6.77 10.9|2986k   72k|2442B  321k|1111M 15.0G  609M 44.6G
1.64 6.27 10.7| 271k   70k|1118k   95k|3413M 12.7G  617M 44.6G
2.44 6.05 10.4|3257k   76k|1102k  374k|3190M 12.9G  617M 44.7G
2.02 5.60 10.2|4181k   75k|  46k  473k|3089M 13.0G  617M 44.7G
1.75 5.19 9.87|3257k   59k|1153k  438k|3038M 13.0G  617M 44.7G
1.64 4.84 9.60|2990k   73k|2550B  334k|1200M 14.8G  609M 44.7G
1.58 4.52 9.34| 267k   64k|1414k   85k|3676M 12.3G  617M 44.8G
1.65 4.26 9.10|3257k   69k|1396k  353k|3111M 12.8G  617M 44.8G
1.65 4.01 8.86|3257k   89k| 736k  357k|3123M 12.8G  617M 44.8G
1.72 3.80 8.64|3257k   62k| 722k  381k|2958M 12.9G  617M 44.8G
1.63 3.58 8.41|3257k   52k|  10k  376k|2524M 13.4G  617M 44.8G
1.65 3.39 8.19|2525k   73k|2462B  281k| 842M 15.1G  596M 44.8G
1.66 3.23 7.98| 732k   86k| 915k   89k|3268M 12.6G  617M 44.9G
1.54 3.04 7.77|3511k   69k|1342k  377k|3105M 12.7G  617M 44.9G
1.60 2.91 7.58|2530k   81k| 898k  293k| 729M 15.2G  558M 44.8G
1.63 2.79 7.39|2004k   75k|1536k   88k|3267M 12.5G  617M 45.0G
1.66 2.68 7.20|2139k   60k|1333k  290k| 732M 15.3G  522M 44.8G
1.59 2.57 7.02|5037k   84k|1594k   22k|1376M 14.3G  610M 45.0G
1.55 2.47 6.84| 271k   68k| 788B  258k|2644M 13.0G  618M 45.1G
2.23 2.55 6.73| 320k   68k| 230k  166k|1978M 14.0G  530M 44.8G
2.39 2.55 6.59|   0    69k| 244B 1329B|2096M 13.9G  530M 44.8G
2.38 2.54 6.46|   0    65k| 374B 1950B|2336M 13.6G  530M 44.8G
2.65 2.58 6.35| 267k   84k|3054B  366k|1868M 14.1G  530M 44.8G
3.23 2.72 6.28|   0    63k| 265B  889B|2049M 13.9G  530M 44.8G
3.65 2.88 6.21|   0    65k| 178B 1722B|2269M 13.7G  530M 44.8G
3.10 2.82 6.09| 267k   68k| 183k  365k|1281M 14.6G  530M 44.9G
3.14 2.86 5.99|   0    42k| 148B  645B|2023M 13.9G  530M 44.9G
2.69 2.77 5.87|   0    69k| 261B 1381B|2224M 13.7G  530M 44.9G
2.62 2.75 5.76|   0    63k| 236B 1330B|2414M 13.5G  530M 44.9G
2.56 2.72 5.65| 267k   65k| 345k  405k|1822M 14.1G  530M 44.9G
2.70 2.75 5.57|   0    66k| 291B 1064B|1998M 13.9G  530M 44.9G
2.22 2.63 5.43|   0    64k| 256B 1719B|2205M 13.7G  530M 44.9G
2.37 2.63 5.35| 267k   81k| 155k  347k|1293M 14.6G  530M 44.9G
2.03 2.52 5.22|   0    64k| 232B  809B|1985M 13.9G  530M 44.9G
2.02 2.47 5.12|   0    63k| 218B 1665B|2201M 13.7G  530M 44.9G
2.23 2.47 5.03| 521k   71k| 210k  344k|1611M 14.3G  530M 44.9G
2.21 2.44 4.94|   0    65k| 276B 1208B|1967M 13.9G  530M 44.9G
2.71 2.54 4.89|   0    62k| 206B 1846B|2153M 13.7G  530M 44.9G
2.30 2.46 4.79| 267k   71k| 155k  342k|1175M 14.7G  530M 44.9G
2.39 2.48 4.72|   0    48k| 321B  900B|1996M 13.9G  530M 44.9G
2.38 2.46 4.64|   0    65k| 264B 1738B|2196M 13.7G  530M 44.9G
2.56 2.51 4.59| 267k   65k| 206k  342k|1175M 14.7G  530M 44.9G
2.50 2.49 4.52|   0    83k| 162B  728B|1853M 14.0G  530M 44.9G
2.64 2.53 4.46|   0    51k| 231B 1626B|2109M 13.8G  530M 44.9G
2.77 2.56 4.41|   0    64k| 268B 1325B|2314M 13.6G  530M 44.9G
2.41 2.49 4.33| 267k   69k| 135k  330k|1750M 14.1G  530M 44.9G
2.52 2.51 4.27|   0    69k| 242B 1461B|1994M 13.9G  530M 44.9G
2.85 2.59 4.24| 267k   48k| 142k  298k|1674M 14.2G  530M 45.0G
2.89 2.61 4.20|   0    67k| 223B 1036B|1964M 13.9G  531M 45.0G
2.56 2.55 4.13|   0    65k| 280B 1976B|2132M 13.7G  531M 45.0G
2.15 2.45 4.04| 267k   64k| 185k  311k|1864M 14.0G  531M 45.0G
2.26 2.44 3.99|   0    70k| 268B 1182B|2150M 13.7G  531M 45.0G
2.49 2.49 3.96|   0    71k| 207B 1593B|2261M 13.6G  531M 45.0G
2.26 2.44 3.89| 267k   63k|3178B  390k|1186M 14.6G  531M 45.0G
2.19 2.40 3.83|   0    56k|  66B  455B|1825M 14.0G  531M 45.0G
2.41 2.44 3.80|   0    65k|  84B  580B|2121M 13.7G  531M 45.0G
2.55 2.46 3.76| 267k   68k|2813B  305k|1915M 13.9G  531M 45.0G
2.26 2.40 3.70|   0    66k| 115B  499B|2083M 13.7G  531M 45.0G
2.60 2.46 3.68|   0    65k| 163B  482B|2265M 13.5G  531M 45.0G
2.85 2.53 3.66|   0    62k|  98B  742B|2498M 13.3G  531M 45.0G
2.82 2.55 3.63| 270k   68k| 171k  373k|1963M 13.8G  531M 45.0G
2.77 2.56 3.60|   0    44k| 245B  992B|2090M 13.7G  531M 45.0G
3.21 2.68 3.61|   0    87k| 303B 1729B|2367M 13.4G  531M 45.0G
2.59 2.58 3.55| 267k   50k| 160k  378k|1846M 13.9G  531M 45.0G
2.10 2.46 3.47|   0    70k| 194B  983B|1924M 13.8G  531M 45.0G
2.31 2.47 3.44| 137B   65k| 243B 1793B|2149M 13.6G  531M 45.0G
2.17 2.42 3.40| 271k   68k|3031B  353k|1117M 14.6G  531M 45.0G
2.65 2.52 3.40|   0    67k| 253B  809B|1879M 13.9G  531M 45.0G
2.63 2.52 3.37|   0    63k| 285B 1868B|2051M 13.7G  531M 45.0G
2.57 2.52 3.34|3277B   64k|1537B  324k| 730M 15.0G  523M 45.0G
2.44 2.49 3.31| 264k   50k|1704B 1341B|1889M 13.9G  531M 45.0G
2.79 2.56 3.30|   0    69k| 239B 1804B|2100M 13.7G  531M 45.0G
2.84 2.60 3.29| 259k   85k|3071B  324k|1201M 14.5G  530M 45.0G
2.48 2.54 3.25|8465B   58k| 235B  782B|1936M 13.8G  531M 45.0G
2.24 2.47 3.20|   0    70k| 217B 1226B|2131M 13.6G  531M 45.0G
2.68 2.55 3.20|3277B   63k|2226B  353k| 752M 15.0G  523M 45.0G
2.47 2.51 3.17| 264k   70k|1025B 1175B|2001M 13.7G  531M 45.1G
2.92 2.61 3.18|   0    45k| 247B 1162B|2177M 13.6G  531M 45.1G
2.62 2.57 3.15|   0    65k| 344B 2001B|2333M 13.4G  531M 45.1G
2.17 2.46 3.10| 758k   71k| 222k  570k| 907M 14.8G  530M 45.1G
1.95 2.39 3.05| 559k   73k| 331k  706k| 954M 14.7G  531M 45.1G
1.77 2.30 3.00| 530k   70k| 152k  518k| 873M 14.8G  531M 45.1G
1.95 2.29 2.97| 515k   81k| 344k  350k|1692M 13.9G  531M 45.1G
2.37 2.35 2.97|   0    43k|  92B  470B|1979M 13.7G  531M 45.1G
2.41 2.37 2.96|   0    62k| 237B  804B|2129M 13.5G  531M 45.1G
2.15 2.31 2.92| 534k   64k| 365k  690k|1029M 14.6G  530M 45.2G
1.89 2.24 2.87| 753k   76k| 149k  368k| 863M 14.7G  530M 45.2G
1.72 2.16 2.83| 515k   74k|4522B  332k|1759M 13.8G  531M 45.2G
2.47 2.29 2.85|   0    67k| 304B 1101B|1952M 13.6G  531M 45.2G
2.58 2.34 2.85|   0    63k| 244B 1894B|2155M 13.4G  531M 45.2G
2.14 2.26 2.80| 533k   74k| 178k  668k| 828M 14.7G  531M 45.2G
1.96 2.20 2.77| 557k   71k| 150k  671k| 940M 14.6G  531M 45.2G
1.78 2.13 2.72| 818k   72k| 150k  482k| 904M 14.6G  531M 45.3G
1.75 2.09 2.69| 753k   81k| 190k  501k| 955M 14.5G  531M 45.3G
1.73 2.05 2.66| 781k   71k| 308k  510k| 941M 14.5G  531M 45.3G
1.95 2.07 2.64| 264k   62k| 241k  191k|1955M 13.5G  531M 45.3G
2.16 2.11 2.64|   0    50k| 387B 1121B|2164M 13.3G  531M 45.3G
2.43 2.18 2.64|   0    66k| 228B 1876B|2351M 13.1G  531M 45.3G
2.50 2.22 2.64| 267k   64k| 142k  384k|1550M 13.9G  531M 45.3G
2.37 2.21 2.62|   0    70k| 177B  723B|1914M 13.6G  531M 45.3G
2.44 2.25 2.63|   0    66k| 285B 1770B|2035M 13.4G  531M 45.3G
2.32 2.24 2.61| 254k   68k| 171k  312k| 901M 14.5G  531M 45.3G
2.14 2.20 2.59| 783k   84k| 506k  575k| 871M 14.5G  531M 45.4G
1.89 2.13 2.55| 532k   81k| 144k  522k| 801M 14.6G  531M 45.4G
1.75 2.07 2.52|1032k   73k| 308k  674k| 831M 14.5G  531M 45.4G
1.66 2.02 2.48| 530k   69k| 141k  492k| 919M 14.4G  531M 45.4G
1.60 1.97 2.45| 781k   88k| 547k  464k| 921M 14.4G  532M 45.5G
1.49 1.91 2.41| 515k   66k| 165k  302k|1879M 13.4G  531M 45.5G
2.32 2.07 2.45|   0    65k| 252B  835B|2024M 13.3G  531M 45.5G
2.62 2.16 2.47|   0    68k| 419B 2181B|2250M 13.1G  531M 45.5G
2.26 2.13 2.45| 254k   63k|2950B  361k| 943M 14.3G  531M 45.5G
2.54 2.19 2.46| 503k   71k|4354B  384k| 995M 14.3G  531M 45.5G
3.42 2.43 2.53|   0    58k|  10B   12B| 903M 14.4G  531M 45.5G
3.54 2.57 2.57|   0    67k| 102B  149B| 976M 14.3G  531M 45.5G
3.98 2.79 2.65|   0    56k|  40B   23B| 912M 14.4G  531M 45.5G
4.11 2.94 2.70|   0    57k|  17B   13B|1017M 14.3G  531M 45.5G
4.95 3.26 2.82|   0    58k|  41B   14B|1009M 14.3G  531M 45.5G
5.28 3.50 2.91|   0    59k|  55B   43B| 993M 14.3G  531M 45.5G
4.64 3.51 2.93|   0    52k|  47B   16B|1018M 14.3G  531M 45.5G
4.38 3.56 2.97|   0    55k|  38B   21B|1018M 14.3G  531M 45.5G
5.50 3.93 3.11|   0    57k|  16B   16B|1020M 14.3G  531M 45.5G
5.43 4.05 3.18|   0    62k|  69B   21B| 994M 14.3G  531M 45.5G
4.46 3.95 3.17| 250k   61k| 186k  165k| 896M 14.4G  531M 45.5G
3.29 3.71 3.12|1031k   85k| 209k  750k| 919M 14.3G  531M 45.5G
3.87 3.79 3.16| 504k   47k| 144k  166k|1022M 14.2G  531M 45.5G
3.82 3.78 3.18|   0    66k| 158B  118B|1014M 14.2G  531M 45.5G
4.31 3.90 3.23|   0    61k|  47B    6B|1018M 14.2G  531M 45.5G
5.52 4.23 3.37|   0    62k| 234B  245B| 983M 14.3G  531M 45.5G
6.39 4.55 3.50|   0    60k|  77B   15B| 923M 14.3G  531M 45.5G
5.30 4.49 3.51|   0    60k|  49B   14B| 952M 14.3G  531M 45.5G
4.78 4.43 3.52|   0    61k|  84B   22B|1040M 14.2G  531M 45.5G
3.87 4.25 3.50| 251k   63k| 177k  183k| 952M 14.3G  531M 45.5G
3.10 4.04 3.44| 530k   69k| 201k  578k| 951M 14.2G  531M 45.6G
3.83 4.12 3.49|   0    68k| 125B  146B| 961M 14.2G  531M 45.6G
2.91 3.87 3.42|   0    38k| 110B  122B| 975M 14.2G  531M 45.6G
3.63 3.96 3.47|   0    55k|  91B   57B|1004M 14.2G  531M 45.6G
4.13 4.05 3.52| 753k   66k| 450k  415k| 987M 14.2G  531M 45.6G
4.39 4.14 3.56|   0    68k|  37B   21B| 990M 14.2G  531M 45.6G
4.40 4.17 3.59|   0    59k|  37B    4B| 980M 14.2G  531M 45.6G
6.07 4.60 3.76|   0    60k| 146B  174B| 934M 14.2G  531M 45.6G
5.83 4.65 3.80|   0    58k|  42B   22B| 935M 14.2G  531M 45.6G
5.21 4.60 3.81|   0    61k|  15B   20B| 997M 14.2G  531M 45.6G
4.27 4.42 3.77|   0    58k|  37B   13B| 978M 14.2G  531M 45.6G
4.57 4.49 3.82|   0    66k| 104B   14B| 963M 14.2G  531M 45.6G
4.24 4.42 3.82|   0    60k|  24B   18B|1003M 14.2G  531M 45.6G
3.32 4.18 3.75|   0    38k|  37B   23B| 973M 14.2G  531M 45.6G
4.01 4.27 3.80|   0    61k|  46B    6B|1002M 14.2G  531M 45.6G
4.48 4.36 3.84|   0    59k|  96B   68B|1002M 14.2G  531M 45.6G
4.87 4.46 3.89|   0    58k|  41B    4B| 954M 14.2G  531M 45.6G
5.53 4.65 3.97|   0    62k|  12B   14B| 961M 14.2G  531M 45.6G
4.92 4.61 3.98|   0    61k|  32B   13B| 998M 14.2G  531M 45.6G
4.97 4.65 4.01|   0    61k|  54B   22B| 975M 14.2G  531M 45.6G
5.57 4.81 4.09|   0    58k|  32B   13B|1005M 14.2G  531M 45.6G
4.87 4.73 4.08|   0    69k|  69B   34B| 973M 14.2G  531M 45.6G
4.56 4.66 4.08|   0    58k| 142B 1055B| 900M 14.3G  531M 45.6G
5.18 4.82 4.15|   0    37k| 223B 1548B| 972M 14.2G  531M 45.6G
5.59 4.96 4.22|   0    60k| 244B 1614B| 886M 14.3G  531M 45.6G
3.98 4.63 4.14|   0    57k| 224B 1711B| 972M 14.2G  531M 45.6G
4.47 4.68 4.17|   0    59k| 238B 1598B| 943M 14.2G  531M 45.6G
4.05 4.57 4.15| 502k   80k| 416k  280k|1042M 14.1G  531M 45.6G
4.82 4.70 4.21|   0    57k|  79B  133B|1038M 14.1G  531M 45.6G
5.09 4.78 4.25|   0    58k|  86B  113B|1042M 14.1G  531M 45.6G
5.50 4.91 4.31|   0    57k|  44B   30B|1038M 14.1G  531M 45.6G
5.08 4.83 4.30|   0    61k|  50B   26B|1047M 14.1G  531M 45.6G
4.52 4.73 4.28| 502k   63k| 261k  313k| 973M 14.2G  531M 45.6G
6.00 5.07 4.41|   0    63k|  94B  156B|1014M 14.1G  531M 45.6G
5.21 4.96 4.39|   0    59k|  64B   97B|1039M 14.1G  531M 45.6G
4.80 4.91 4.40|   0    59k| 148B  134B|1022M 14.1G  531M 45.6G
4.90 4.93 4.42|   0    58k|  67B   11B|1040M 14.1G  531M 45.6G
3.99 4.72 4.37| 502k   68k| 169k  310k| 950M 14.2G  531M 45.6G
4.48 4.77 4.39|   0    39k| 101B  131B| 963M 14.2G  531M 45.6G
5.28 4.91 4.45|   0    58k|  81B   36B| 966M 14.2G  531M 45.6G
6.13 5.16 4.55|   0    59k| 150B  102B| 968M 14.2G  531M 45.6G
6.60 5.37 4.64|   0    62k|  69B   24B| 966M 14.2G  531M 45.6G
5.70 5.25 4.62|   0    54k|  90B   25B| 970M 14.2G  531M 45.6G
5.04 5.13 4.60|   0    55k|  66B    6B| 964M 14.2G  531M 45.6G
4.05 4.88 4.54|   0    58k|  59B   14B| 962M 14.2G  531M 45.6G
4.87 5.03 4.60|   0    53k|  54B   13B| 847M 14.3G  531M 45.6G
4.07 4.81 4.54|   0    59k|  42B   25B| 943M 14.2G  531M 45.6G
4.85 4.94 4.59|   0    55k|  96B    4B| 873M 14.3G  531M 45.6G
4.63 4.88 4.58|   0    57k|  97B  280B| 968M 14.2G  531M 45.6G
5.62 5.07 4.65|   0    58k| 196B 1792B| 963M 14.2G  531M 45.6G
4.43 4.85 4.59| 502k   62k| 360k  281k| 990M 14.1G  531M 45.7G
5.07 4.97 4.64|   0    70k|  70B  152B|1007M 14.1G  531M 45.7G
5.91 5.21 4.73|   0    57k| 147B  206B| 925M 14.2G  531M 45.7G
5.34 5.16 4.73|   0    39k|  37B   14B| 961M 14.1G  531M 45.7G
5.17 5.14 4.74| 502k   64k| 372k  320k| 866M 14.2G  531M 45.7G
4.61 5.00 4.70|   0    68k|  98B  144B|1036M 14.1G  531M 45.7G
3.86 4.78 4.64|   0    58k| 107B  100B|1042M 14.1G  531M 45.7G
4.30 4.78 4.65|   0    57k|  67B  107B|1023M 14.1G  531M 45.7G
3.74 4.61 4.59|   0    60k|  23B   24B|1005M 14.1G  531M 45.7G
4.63 4.74 4.64|   0    59k|  77B   29B|1022M 14.1G  531M 45.7G
5.20 4.88 4.69|   0    59k|   2B    2B|1032M 14.1G  531M 45.7G
5.65 5.02 4.74|   0    64k|  25B   14B|1012M 14.1G  531M 45.7G
3.96 4.66 4.63|   0    37k|  28B   13B|1007M 14.1G  532M 45.7G
3.54 4.49 4.57|   0    60k|  38B   14B|1012M 14.1G  532M 45.7G
4.37 4.60 4.61| 251k   59k|2411B  176k| 889M 14.2G  531M 45.7G
3.30 4.32 4.51| 781k   70k| 180k  579k| 985M 14.1G  532M 45.7G
2.60 4.05 4.42| 252k   67k| 231k  193k|1024M 14.0G  532M 45.7G
3.16 4.03 4.40|   0    63k| 113B  138B|1000M 14.1G  532M 45.7G
4.51 4.26 4.46|   0    39k|  39B    2B| 962M 14.1G  532M 45.7G
4.69 4.33 4.47|   0    59k|  79B   86B| 998M 14.1G  532M 45.7G
4.92 4.42 4.50|   0    59k|  21B    2B|1025M 14.0G  532M 45.7G
4.04 4.27 4.45|   0    65k|  53B   34B|1023M 14.0G  532M 45.7G
5.23 4.54 4.53|   0    56k|  29B   13B|1013M 14.0G  532M 45.7G
5.45 4.64 4.57|   0    58k|  12B   14B| 993M 14.1G  532M 45.7G
4.78 4.57 4.55|   0    56k|  41B    4B|1033M 14.0G  532M 45.7G
4.95 4.63 4.57|   0    58k|  37B   23B|1020M 14.0G  532M 45.7G
4.55 4.57 4.55|   0    55k|  32B   13B|1024M 14.0G  532M 45.7G
5.37 4.78 4.62|   0    55k| 129B  886B|1025M 14.0G  532M 45.7G
4.54 4.62 4.57| 502k   62k| 361k  322k|1027M 14.0G  532M 45.7G
3.68 4.41 4.50|   0    67k| 101B  154B| 915M 14.1G  532M 45.7G
4.68 4.59 4.56|   0    41k|  71B   96B|1027M 14.0G  532M 45.7G
4.94 4.66 4.58|   0    69k| 161B  154B| 997M 14.0G  532M 45.7G
4.91 4.69 4.60|   0    57k|   2B    2B| 939M 14.1G  532M 45.7G
4.55 4.63 4.58|   0    58k|  49B   35B|1004M 14.0G  532M 45.7G
4.90 4.67 4.59|   0    57k| 113B  721B| 949M 14.1G  532M 45.7G
4.71 4.61 4.57| 753k   71k| 359k  471k| 981M 14.0G  532M 45.8G
3.88 4.43 4.51|   0    43k|  66B  117B|1003M 14.0G  532M 45.8G
4.09 4.41 4.50|   0    59k| 130B  162B| 957M 14.1G  532M 45.8G
4.05 4.37 4.48|   0    61k|  56B   42B| 981M 14.0G  532M 45.8G
3.94 4.31 4.46| 252k   63k| 195k  160k| 940M 14.1G  532M 45.8G
4.38 4.38 4.48|   0    60k|  77B  171B| 971M 14.0G  532M 45.8G
5.06 4.56 4.54|   0    69k|  66B   50B| 922M 14.1G  532M 45.8G
6.07 4.85 4.63|   0    39k|  45B   23B| 964M 14.0G  532M 45.8G
4.64 4.63 4.57| 252k   66k| 224k  142k| 990M 14.0G  532M 45.8G
4.99 4.69 4.59|   0    63k|  65B  148B| 988M 14.0G  532M 45.8G
4.51 4.61 4.56|   0    61k|  31B   15B| 988M 14.0G  532M 45.8G
4.75 4.66 4.58|   0    59k|  80B   62B| 993M 14.0G  532M 45.8G
3.85 4.45 4.52|   0    55k|  32B   13B| 996M 14.0G  532M 45.8G
4.37 4.52 4.54|   0    57k|  30B   32B| 984M 14.0G  532M 45.8G
3.47 4.28 4.45|   0    59k|  29B   13B| 984M 14.0G  532M 45.8G
3.54 4.20 4.42|   0    58k|  51B   16B| 998M 14.0G  532M 45.8G
2.75 3.94 4.32|   0    66k|   4B    4B|1011M 14.0G  532M 45.8G
2.89 3.84 4.28|   0    38k|  39B   25B|1013M 14.0G  532M 45.8G
4.62 4.18 4.38| 502k   63k| 168k  283k| 940M 14.0G  532M 45.8G
4.46 4.18 4.37|   0    64k|  70B  150B|1018M 14.0G  532M 45.8G
4.67 4.27 4.40|   0    60k| 105B  118B|1005M 14.0G  532M 45.8G
5.35 4.50 4.47|   0    57k|  45B   21B|1010M 14.0G  532M 45.8G
5.21 4.56 4.49|   0    56k|  30B    2B|1010M 14.0G  532M 45.8G
4.76 4.51 4.47|   0    59k|  34B   34B| 998M 14.0G  532M 45.8G
4.96 4.56 4.49|   0    55k|  38B   11B| 931M 14.0G  532M 45.8G
4.02 4.36 4.43|   0    56k|  51B   16B| 978M 14.0G  532M 45.8G
4.95 4.54 4.48|   0    53k|  27B   11B| 939M 14.0G  532M 45.8G
4.95 4.58 4.50|   0    50k|  39B   16B|1002M 14.0G  532M 45.8G
4.35 4.49 4.47|   0    57k|  37B    9B| 983M 14.0G  532M 45.8G
5.43 4.76 4.56| 502k   62k| 175k  287k| 818M 14.1G  532M 45.8G
5.54 4.83 4.59|   0    67k|  89B  159B| 950M 14.0G  532M 45.8G
4.92 4.74 4.57|   0    58k|  90B  126B| 883M 14.1G  532M 45.8G
6.40 5.12 4.70|   0    58k|  70B   23B| 963M 14.0G  532M 45.8G
6.21 5.21 4.75|   0    57k|  31B   32B| 971M 14.0G  532M 45.8G
6.14 5.30 4.79|   0    58k|  35B   12B| 955M 14.0G  532M 45.8G
4.89 5.08 4.73|   0    57k|  29B   13B| 931M 14.0G  532M 45.8G
4.31 4.95 4.70| 279k   54k|2616B  301k| 958M 14.0G  533M 45.8G
3.39 4.67 4.62|3685k   81k| 202k  181k|1005M 13.5G  634M 46.1G
2.63 4.36 4.52|  51k   63k|  72B   67B|1011M 13.5G  635M 46.1G
3.03 4.32 4.50|5371k   40k| 695B  276k|1234M 12.9G  793M 46.4G
2.50 4.07 4.41|7566k   62k| 335B   62k|1453M 12.1G 1015M 46.7G
2.96 4.06 4.40|   0    58k| 270B   50k|1354M 12.2G 1015M 46.7G
2.39 3.82 4.30|4303k   67k| 183k  330k| 963M 13.5G  635M 46.1G
3.15 3.84 4.29|5371k   65k| 685B  275k|1221M 12.9G  793M 46.4G
2.56 3.63 4.21|   0    62k|  88B   55B|1221M 12.9G  793M 46.4G
2.19 3.44 4.13|7568k   60k| 472B  112k|1540M 12.0G 1015M 46.7G
1.99 3.27 4.05|1066k   74k|5133B  452k| 857M 14.0G  532M 45.9G
2.75 3.33 4.04|   0    64k|  79B  142B| 913M 14.0G  532M 45.9G
3.37 3.40 4.04|   0    58k| 108B  103B| 890M 14.0G  532M 45.9G
5.40 3.89 4.18|   0    55k|  10B   12B| 977M 13.9G  532M 45.9G
4.48 3.79 4.14|   0    35k|  27B   11B| 972M 13.9G  532M 45.9G
3.67 3.68 4.09|   0    57k|  77B   29B| 947M 14.0G  532M 45.9G
4.17 3.81 4.12|3936k   65k|  24k  297k|1016M 13.5G  634M 46.2G
3.12 3.59 4.04|  51k   63k|  43B   67B|1007M 13.5G  635M 46.2G
2.64 3.42 3.97|5371k   59k| 648B  255k|1159M 12.9G  793M 46.4G
3.21 3.48 3.97|7568k   61k| 468B   62k|1519M 12.0G 1015M 46.7G
3.71 3.55 3.97|4249k   69k| 172k  339k| 908M 13.6G  634M 46.2G
2.85 3.35 3.89|  51k   63k|  66B  101B|1009M 13.5G  635M 46.2G
2.31 3.17 3.82|5371k   62k| 765B  264k|1139M 12.9G  793M 46.4G
2.14 3.05 3.75|7566k   58k| 317B   62k|1368M 12.1G 1015M 46.8G
1.95 2.91 3.68|   0    60k| 275B   50k|1492M 12.0G 1015M 46.8G
6.75 3.95 4.00| 279k   33k| 558B  305k|1367M 12.1G 1023M 46.8G
6.72 4.18 4.08| 536k   64k| 190k 2846B| 947M 13.9G  532M 45.9G
7.04 4.49 4.18|   0    60k| 109B   87B| 917M 13.9G  532M 45.9G
6.70 4.65 4.25|   0    57k|  13B    8B| 948M 13.9G  532M 45.9G
6.08 4.70 4.28|   0    57k| 101B   69B| 973M 13.9G  532M 45.9G
5.08 4.61 4.26|   0    67k|   9B    4B| 912M 13.9G  532M 45.9G
4.54 4.55 4.25|   0    52k|  10B   12B| 950M 13.9G  532M 45.9G
3.71 4.36 4.20|3698k   65k| 139k  137k|1004M 13.4G  634M 46.2G
2.90 4.10 4.12|5409k   64k| 686B  248k|1233M 12.8G  793M 46.5G
2.35 3.85 4.03|5604k   58k| 296B   62k|1273M 12.3G  958M 46.7G
2.88 3.86 4.03|1962k   62k| 268B   50k|1539M 11.9G 1015M 46.8G
3.03 3.82 4.01|4249k   65k| 148k  275k|1003M 13.4G  634M 46.2G
2.35 3.58 3.93|5422k   63k| 760B  257k|1193M 12.8G  793M 46.5G
2.01 3.38 3.85|   0    64k|  36B   49B|1227M 12.8G  793M 46.5G
1.87 3.21 3.78|7566k   60k| 571B  112k|1500M 11.9G 1015M 46.8G
1.66 3.03 3.70|4249k   69k| 155k  293k| 951M 13.5G  634M 46.2G
1.59 2.88 3.62|3004k   43k| 295B   62k|1098M 13.1G  722M 46.4G
1.61 2.77 3.56|2418k   64k| 541B  203k|1157M 12.8G  793M 46.5G
1.64 2.66 3.50|7568k   62k| 262B   62k|1538M 11.9G 1015M 46.8G
3.82 3.03 3.59| 213k  304k| 544B  203k|1496M 11.9G 1017M 46.8G
5.84 3.66 3.79|4250k   68k|2498B  154k|1006M 13.4G  636M 46.3G
4.13 3.45 3.71|  51k   40k|  84B   80B| 924M 13.5G  638M 46.3G
4.02 3.51 3.73|5371k   67k| 707B  272k|1276M 12.7G  795M 46.5G
3.03 3.32 3.65|7566k   65k| 308B   62k|1399M 12.0G 1017M 46.9G
3.21 3.37 3.66|   0    58k| 288B   50k|1442M 11.9G 1017M 46.9G
3.39 3.44 3.68|4249k   76k|2740B  322k| 976M 13.4G  636M 46.3G
3.86 3.50 3.69|5422k   59k| 737B  286k|1160M 12.8G  795M 46.5G
3.02 3.33 3.62|   0    62k|  47B   36B|1171M 12.8G  795M 46.5G
3.85 3.45 3.65|7566k   63k| 288B   62k|1511M 11.9G 1017M 46.9G
2.93 3.26 3.58|2082B   60k| 561B  225k|1342M 12.0G 1017M 46.9G
4.25 3.57 3.67|4298k   67k| 154k  177k| 922M 13.4G  638M 46.3G
3.23 3.38 3.61|5371k   65k| 760B  248k|1193M 12.7G  795M 46.6G
2.62 3.22 3.54|7568k   63k| 310B   62k|1487M 11.9G 1017M 46.9G
2.19 3.05 3.48|   0    65k| 283B   50k|1465M 11.9G 1017M 46.9G
1.85 2.89 3.41|4301k   66k|  21k  275k|1006M 13.3G  638M 46.3G
1.85 2.78 3.36|5371k   72k| 746B  279k|1060M 12.8G  795M 46.6G
1.71 2.66 3.30|   0    64k|  32B   11B|1067M 12.8G  795M 46.6G
1.62 2.55 3.24|7566k   62k| 562B  112k|1508M 11.8G 1017M 46.9G
1.57 2.45 3.18|4249k   68k|2859B  335k|1005M 13.3G  636M 46.3G
1.54 2.35 3.13|  51k   66k| 104B  109B|1013M 13.3G  638M 46.3G
1.53 2.27 3.07|5371k   42k| 809B  281k|1181M 12.7G  796M 46.6G
1.53 2.19 3.02|4821k   65k| 230B   62k|1235M 12.3G  937M 46.8G
2.39 2.36 3.05|2745k   59k| 353B   51k|1426M 11.9G 1017M 46.9G
2.51 2.40 3.04|4249k   68k| 175k  340k| 902M 13.4G  636M 46.3G
2.11 2.32 2.99|  51k   69k|  47B   67B| 981M 13.3G  638M 46.4G
1.78 2.22 2.94|5371k   75k| 709B  285k|1093M 12.8G  795M 46.6G
1.67 2.15 2.89|7568k   63k| 276B   62k|1386M 11.9G 1017M 46.9G
1.67 2.10 2.85|   0    63k| 279B   50k|1487M 11.8G 1017M 46.9G
1.59 2.04 2.81|4300k   65k| 163k  347k|1008M 13.3G  638M 46.4G
1.55 1.99 2.76|5371k   67k| 736B  256k|1233M 12.6G  796M 46.6G
1.52 1.94 2.72|6223k   43k| 212B   62k|1298M 12.1G  978M 46.9G
2.43 2.15 2.77|1345k   69k|1089B   51k|1523M 11.8G 1017M 47.0G
2.05 2.08 2.72|4300k   72k| 159k  291k|1006M 13.2G  638M 46.4G
1.83 2.03 2.69|5371k   68k| 732B  253k|1134M 12.7G  796M 46.7G
1.71 1.98 2.65|   0    62k|  54B   51B|1062M 12.8G  796M 46.7G
1.75 1.96 2.62|7566k   71k| 553B  112k|1500M 11.8G 1017M 47.0G
1.65 1.92 2.58|4300k   63k| 136k  285k|1012M 13.2G  638M 46.4G
2.66 2.13 2.63|5371k   67k| 757B  246k|1173M 12.6G  796M 46.7G
3.40 2.32 2.68|7563k   62k| 317B   62k|1366M 11.9G 1017M 47.0G
2.66 2.24 2.64|2901B   39k| 215B   50k|1403M 11.8G 1017M 47.0G
2.14 2.15 2.59|4550k   71k| 342k  417k|1008M 13.2G  638M 46.4G
2.90 2.33 2.64|5371k   64k| 727B  252k|1163M 12.6G  796M 46.7G
3.70 2.53 2.69|7565k   63k| 318B   62k|1293M 11.9G 1017M 47.0G
2.91 2.44 2.66|2901B   64k| 267B   50k|1547M 11.7G 1017M 47.0G
3.21 2.58 2.70|4301k   67k|  17k  281k|1004M 13.2G  638M 46.4G
2.53 2.47 2.66|5371k   78k| 772B  244k|1195M 12.6G  796M 46.7G
2.11 2.38 2.62|7568k   59k| 245B   62k|1449M 11.8G 1017M 47.0G
2.96 2.58 2.68|   0    60k| 196B   50k|1433M 11.8G 1017M 47.0G
2.39 2.47 2.64|3617k   72k|1101k  458k|1269M 13.3G  542M 46.2G
2.10 2.40 2.61|2392k   73k| 765k  171k|1346M 13.2G  542M 46.3G
1.87 2.31 2.57|3736k   69k|2350B   36k|1009M 13.1G  638M 46.5G
1.74 2.23 2.54|5371k   56k|1006B  250k|1164M 12.5G  796M 46.8G
1.65 2.16 2.50|7568k   62k| 307B   62k|1320M 11.8G 1017M 47.1G
1.53 2.08 2.46| 808k   61k|2997B  328k| 855M 13.7G  534M 46.2G
1.52 2.02 2.43|2810k   75k|1374k  191k|1369M 13.1G  542M 46.3G
1.70 2.02 2.42|3094k   83k|1404k  233k|1312M 13.1G  542M 46.3G
1.83 2.02 2.40|2568k   70k|1719k  188k|1359M 13.0G  542M 46.4G
1.63 1.95 2.37|2093k   70k|1284k  192k| 747M 13.6G  528M 46.4G
1.58 1.91 2.34|3012k   80k| 851k  198k|1337M 13.0G  542M 46.5G
1.54 1.87 2.31|2803k   72k|1022k  189k|1348M 12.9G  542M 46.5G
1.53 1.83 2.28|5457k   72k| 565k  162k|1005M 12.9G  637M 46.8G
1.80 1.87 2.28|  51k   67k|  13B   12B|1012M 12.8G  638M 46.8G
1.84 1.87 2.26|5371k   63k|1242B  274k|1194M 12.2G  796M 47.1G
1.71 1.83 2.24|7566k   63k| 278B   62k|1450M 11.4G 1017M 47.4G
1.64 1.80 2.21|   0    38k| 292B   50k|1439M 11.4G 1017M 47.4G
1.91 1.85 2.22| 831k   85k| 166k  327k|1561M 12.7G  535M 46.5G
1.98 1.88 2.21|   0    55k| 244B  721B|1641M 12.6G  535M 46.5G
2.49 2.01 2.24|   0    62k| 303B 1720B|1649M 12.6G  535M 46.5G
2.47 2.05 2.25|3277B   68k| 907B  384k| 910M 13.3G  535M 46.5G
2.23 2.03 2.24|3737k   67k| 182k   76k|1004M 12.8G  637M 46.8G
1.88 1.96 2.21|  51k   67k|  23B   14B|1013M 12.8G  638M 46.8G
1.72 1.92 2.18|5371k   62k| 751B  273k|1164M 12.2G  796M 47.1G
1.63 1.88 2.16|7568k   63k| 288B   62k|1445M 11.4G 1017M 47.4G
1.56 1.84 2.14|   0    61k| 266B   50k|1542M 11.3G 1017M 47.4G
2.09 1.94 2.16| 831k   47k| 192k  326k|1585M 12.6G  535M 46.5G
2.97 2.17 2.23|   0    85k| 237B  742B|1644M 12.6G  535M 46.5G
2.98 2.26 2.26|   0    54k| 308B 1847B|1615M 12.6G  535M 46.5G
2.70 2.27 2.26|3277B   65k| 905B  362k| 920M 13.3G  535M 46.6G
2.23 2.19 2.24| 839k   70k| 623k  117k|1275M 12.9G  535M 46.6G
2.68 2.30 2.28|   0    63k| 207B  764B|1547M 12.6G  535M 46.6G
2.46 2.27 2.27|   0    65k| 238B 1133B|1551M 12.6G  535M 46.6G
2.72 2.36 2.30|3277B   66k| 926B  340k| 901M 13.3G  535M 46.6G
2.23 2.27 2.27| 319k   66k| 527k   74k|1512M 12.7G  535M 46.6G
2.72 2.39 2.31|   0    68k| 219B  630B|1569M 12.6G  535M 46.6G
2.80 2.43 2.32|   0    42k| 219B 1172B|1626M 12.5G  535M 46.6G
2.60 2.42 2.32|   0    82k| 375B 1841B|1698M 12.5G  535M 46.6G
2.17 2.34 2.30| 322k   56k|  21k  401k|1194M 13.0G  535M 46.6G
2.70 2.45 2.33|   0    65k| 178k 1445B|1553M 12.6G  535M 46.6G
2.81 2.50 2.36|   0    67k| 238B  719B|1605M 12.6G  535M 46.6G
2.82 2.53 2.37|   0    75k| 343B 1377B|1659M 12.5G  535M 46.6G
2.78 2.56 2.38|   0    59k| 197B 1630B|1730M 12.4G  535M 46.6G
2.46 2.50 2.37|3277B   63k| 835B  339k| 900M 13.2G  535M 46.6G
2.38 2.47 2.36|1846k   77k| 606k  184k|1551M 12.6G  535M 46.6G
2.42 2.47 2.37|4506B   61k| 243B  858B|1625M 12.5G  535M 46.6G
2.67 2.53 2.39|   0    44k| 205B  594B|1662M 12.5G  535M 46.6G
2.59 2.52 2.39|   0    84k| 523B 1611B|1711M 12.4G  535M 46.6G
2.58 2.52 2.39|   0    54k| 232B 1592B|1704M 12.4G  535M 46.6G
2.22 2.44 2.37|3277B   66k| 843B  385k| 816M 13.3G  535M 46.7G
2.24 2.43 2.36| 319k   66k| 340k   82k|1503M 12.6G  535M 46.7G
2.63 2.50 2.39|   0    64k| 234B  779B|1471M 12.6G  535M 46.7G
2.66 2.52 2.40|   0    69k| 219B 1630B|1654M 12.5G  535M 46.7G
2.31 2.45 2.38|3277B   41k| 941B  324k| 854M 13.2G  535M 46.7G
2.43 2.46 2.38| 319k   67k| 372k   70k|1510M 12.6G  535M 46.7G
2.43 2.46 2.38|   0    65k| 215B  744B|1559M 12.5G  535M 46.7G
2.76 2.53 2.41|   0    72k| 212B 1403B|1494M 12.6G  535M 46.7G
3.09 2.64 2.45|   0    76k| 369B 1877B|1688M 12.4G  535M 46.7G
2.47 2.53 2.42| 322k   61k| 225k  374k|1302M 12.8G  535M 46.7G
2.92 2.64 2.46|   0    64k| 205B  838B|1586M 12.5G  535M 46.7G
3.06 2.70 2.49|   0    65k| 189B  697B|1652M 12.4G  535M 46.7G
3.14 2.76 2.51|   0    60k| 350B 1876B|1732M 12.3G  535M 46.7G
2.53 2.65 2.49|3277B   63k| 770B  356k| 844M 13.2G  536M 46.7G
2.43 2.62 2.48| 319k   49k| 331k   76k|1538M 12.5G  535M 46.7G
2.47 2.61 2.48|   0    68k| 229B  835B|1580M 12.5G  535M 46.7G
2.90 2.70 2.51|   0    64k| 268B 1787B|1666M 12.4G  536M 46.7G
2.36 2.58 2.48|3277B   65k| 847B  321k| 878M 13.1G  536M 46.7G
2.08 2.49 2.45| 319k   82k| 368k   69k|1452M 12.6G  536M 46.7G
2.34 2.52 2.46|   0    61k| 242B  740B|1554M 12.5G  536M 46.7G
2.60 2.57 2.48|   0    62k| 228B 1102B|1605M 12.4G  536M 46.7G
2.82 2.63 2.50|   0    65k| 385B 2076B|1699M 12.3G  536M 46.7G
2.40 2.55 2.48|3277B   62k| 819B  314k| 905M 13.1G  536M 46.8G
2.03 2.45 2.44| 319k   44k| 327k   67k|1374M 12.6G  536M 46.8G
2.28 2.48 2.45|   0    69k| 235B  644B|1446M 12.6G  536M 46.8G
2.27 2.46 2.45|   0    66k| 246B 1232B|1592M 12.4G  536M 46.8G
2.53 2.51 2.47|   0    61k| 323B   69k|1603M 12.4G  536M 46.8G
2.43 2.48 2.46| 324k   68k| 201k  314k|1435M 12.6G  536M 46.8G
2.55 2.51 2.47|   0    80k| 217B  831B|1522M 12.5G  536M 46.8G
2.30 2.46 2.45|   0    61k| 223B  941B|1645M 12.4G  536M 46.8G
2.21 2.43 2.44|   0    66k| 243B 1603B|1644M 12.4G  536M 46.8G
1.92 2.34 2.41| 351k   65k| 162k  424k| 813M 13.2G  535M 46.8G
2.26 2.40 2.43|7817B   70k| 373k 2390B|1557M 12.4G  536M 46.8G
2.26 2.38 2.42|   0    46k| 217B  609B|1574M 12.4G  536M 46.8G
2.69 2.47 2.45|   0    65k| 319B 1505B|1741M 12.2G  536M 46.8G
2.46 2.44 2.44|   0    65k| 255B 1770B|1815M 12.2G  536M 46.8G
2.15 2.37 2.42|  55k   67k|  21k  443k|1070M 12.9G  537M 46.8G
2.67 2.46 2.45| 267k   70k| 173k   23k|1535M 12.4G  536M 46.8G
2.81 2.50 2.46|   0    67k| 197B  835B|1597M 12.4G  536M 46.8G
3.15 2.61 2.50|   0    72k| 232B 1665B|1625M 12.3G  536M 46.8G
2.49 2.50 2.47| 559k   45k|  68k  430k|1056M 12.9G  535M 46.8G
2.93 2.60 2.50|7817B   71k| 182k 1611B|1505M 12.4G  536M 46.8G
2.46 2.51 2.47|   0    64k| 232B  795B|1521M 12.4G  536M 46.8G
3.07 2.66 2.52|   0    64k| 380B 1888B|1601M 12.3G  536M 46.8G
2.83 2.64 2.52|3277B   62k| 763B  316k| 885M 13.0G  536M 46.8G
2.24 2.51 2.48| 569k   69k| 191k  109k|1273M 12.6G  543M 46.9G
2.51 2.55 2.49| 842k   76k| 953k  121k|1485M 12.4G  536M 46.9G
2.10 2.44 2.46|   0    67k| 332B  913B|1495M 12.4G  536M 46.9G
2.38 2.49 2.48|   0    64k| 203B 1659B|1571M 12.3G  536M 46.9G
2.44 2.51 2.48|3277B   79k| 964B  295k| 881M 13.0G  536M 46.9G
2.92 2.61 2.51| 306k   68k| 507k   65k|1556M 12.3G  535M 46.9G
3.01 2.67 2.54|1130k   73k| 363k  443k| 934M 12.8G  561M 47.0G
3.45 2.80 2.59|1043k   44k| 528k  832k|1647M 12.2G  535M 46.9G
3.87 2.97 2.65|   0    72k| 371B 1250B|1593M 12.3G  535M 46.9G
3.40 2.95 2.65| 251k   73k|2373B   18k|1647M 12.2G  535M 46.9G
2.72 2.83 2.62|   0    73k| 160B  178B|1661M 12.2G  535M 46.9G
2.23 2.70 2.59|   0    72k|  30B   11B|1659M 12.2G  535M 46.9G
1.93 2.58 2.55|   0    64k|  92B  128B|1627M 12.2G  535M 46.9G
1.77 2.48 2.52|   0    62k|  59B   22B|1596M 12.2G  535M 46.9G
1.67 2.38 2.48|   0    75k|  40B   29B|1689M 12.2G  535M 46.9G
1.54 2.28 2.44|   0    65k|  84B   80B|1608M 12.2G  535M 46.9G
1.59 2.22 2.42|   0    42k|  45B   25B|1622M 12.2G  535M 46.9G
1.56 2.15 2.39|   0    69k|  13B    2B|1519M 12.3G  535M 46.9G
1.47 2.07 2.35|1130k   68k| 153k  271k| 952M 12.8G  562M 47.0G
1.55 2.03 2.33| 716k   69k| 158k  767k| 967M 12.9G  535M 46.9G
2.68 2.25 2.40| 282k   70k| 504k 9525B|1437M 12.4G  535M 47.0G
2.81 2.34 2.42|1548k   71k|5662B 1027k| 851M 12.8G  574M 47.1G
2.36 2.27 2.39| 625k   71k| 220k  105k| 897M 12.9G  538M 47.0G
2.01 2.20 2.36|1395k   72k| 322k  398k| 952M 12.7G  562M 47.0G
3.74 2.63 2.51| 710k   75k|4791B  648k|1514M 12.3G  535M 47.0G
3.38 2.66 2.52| 251k   70k| 711k   19k|1554M 12.2G  535M 47.0G
2.64 2.55 2.49|   0    72k| 231B  300B|1651M 12.1G  535M 47.0G
2.18 2.45 2.45|   0    43k|  64B   11B|1679M 12.1G  535M 47.0G
1.92 2.36 2.42|   0    65k|  91B  128B|1648M 12.1G  535M 47.0G
2.00 2.34 2.41|   0    66k|  67B   86B|1596M 12.2G  535M 47.0G
1.87 2.27 2.39|   0    67k|  69B   36B|1613M 12.2G  535M 47.0G
1.65 2.18 2.35|   0    66k|   6B    4B|1526M 12.3G  535M 47.0G
1.58 2.11 2.33| 984k   74k| 459k   40k| 791M 12.9G  549M 47.0G
2.47 2.26 2.37|1127k   66k|5554B  957k|1434M 12.3G  535M 47.0G
2.91 2.40 2.41|1146k   83k| 769k   82k|1356M 12.4G  536M 47.0G
2.64 2.39 2.41|   0    77k| 237B  896B|1503M 12.2G  536M 47.0G
2.90 2.48 2.44|   0    68k| 378B 1506B|1487M 12.2G  536M 47.0G
2.81 2.51 2.45|3277B   65k| 812B  301k| 891M 12.8G  536M 47.0G
2.36 2.43 2.43|3128k   70k| 475k 1692k| 711M 12.8G  572M 47.2G
2.21 2.39 2.41|1943k   49k|  59k 1339k|1020M 12.7G  536M 47.1G
2.92 2.53 2.46| 254k   72k|4611B   11k|1512M 12.2G  535M 47.1G
2.94 2.59 2.48|1510k   72k| 157k  984k|1810M 11.7G  573M 47.2G
3.45 2.74 2.53| 662k   67k| 729k  120k|1500M 12.2G  535M 47.1G
3.46 2.83 2.57|1104k   66k|2798B  334k| 938M 12.6G  561M 47.2G
3.27 2.83 2.58|2306k   71k| 706k 1892k|1529M 12.1G  535M 47.1G
3.83 3.01 2.65|   0    68k| 241B 1075B|1553M 12.1G  535M 47.1G
3.13 2.92 2.63| 593k   70k| 354k   86k| 972M 12.7G  536M 47.1G
3.70 3.03 2.67|1852k   71k| 736k 1019k|1858M 11.6G  573M 47.3G
3.69 3.08 2.70|2223k   69k| 446k 1301k|1616M 12.0G  535M 47.2G
4.02 3.22 2.76|   0    70k| 267B 1083B|1616M 12.0G  535M 47.2G
3.48 3.17 2.75|1839k   65k|8077B 1166k|1509M 12.1G  535M 47.2G
3.66 3.24 2.80|   0    72k| 150B  751B|1462M 12.1G  535M 47.2G
2.68 3.04 2.74|3203k   58k|1898k 1270k| 909M 12.6G  536M 47.2G
3.40 3.18 2.80| 641k   86k|1165k  101k|1536M 12.0G  536M 47.2G
3.68 3.28 2.84|   0    70k| 366B 1344B|1599M 11.9G  536M 47.2G
2.76 3.09 2.79| 260k   69k|6106B   30k|1055M 12.5G  536M 47.3G
3.00 3.10 2.81|1839k   77k|9100B 1063k|1561M 12.0G  536M 47.3G
3.19 3.15 2.83|1102k   65k| 170k  134k| 853M 12.5G  561M 47.3G
2.57 3.01 2.80| 727k   65k| 423k 1030k|1013M 12.5G  536M 47.3G
2.95 3.04 2.81| 587k   53k|7433B   71k|1580M 11.9G  536M 47.3G
3.40 3.15 2.86|   0    71k| 278B 1166B|1508M 12.0G  536M 47.3G
2.70 3.01 2.82| 251k   68k|2309B   17k|1571M 11.9G  535M 47.3G
2.29 2.88 2.78|   0    74k| 135B  174B|1648M 11.9G  535M 47.3G
1.91 2.73 2.73|   0    63k|  51B   78B|1473M 12.0G  535M 47.3G
1.82 2.63 2.70|   0    76k| 112B  124B|1600M 11.9G  535M 47.3G
1.78 2.53 2.66|   0    64k| 759B   17k| 778M 12.7G  535M 47.3G
2.41 2.60 2.68|2816k   68k| 949k 1176k|1496M 12.0G  536M 47.3G
2.70 2.66 2.70| 251k   71k|2206B   16k|1485M 12.0G  535M 47.3G
2.16 2.54 2.66|   0    67k| 251B  332B|1456M 12.0G  535M 47.3G
1.89 2.44 2.62|   0    65k|  42B    2B|1462M 12.0G  535M 47.3G
1.75 2.35 2.58|   0    65k| 139B  186B|1556M 11.9G  535M 47.3G
1.65 2.26 2.54|   0    67k|  70B   86B|1338M 12.1G  535M 47.3G
1.65 2.21 2.52|   0    67k|  52B   16B|1516M 12.0G  535M 47.3G
1.89 2.20 2.50|3742k   70k| 917k 1978k|1487M 11.9G  536M 47.3G
2.91 2.42 2.57|   0    75k| 405B  748B|1491M 11.9G  536M 47.3G
2.54 2.38 2.55|1874k   76k| 327k  968k|1577M 11.9G  536M 47.3G
2.06 2.28 2.51|   0    64k|  43B   70B|1580M 11.8G  536M 47.3G
1.83 2.20 2.48|   0    63k| 286B  342B|1558M 11.9G  536M 47.3G
1.71 2.14 2.44|   0    44k| 172B  128B|1611M 11.8G  536M 47.3G
1.56 2.06 2.41|   0    64k|  72B   80B|1542M 11.9G  536M 47.3G
1.61 2.02 2.38|   0    65k|  69B   40B|1489M 11.9G  536M 47.3G
1.57 1.97 2.35|   0    65k|   8B    6B|1568M 11.9G  536M 47.3G
2.41 2.12 2.39| 587k   71k| 139k   67k|1464M 12.0G  536M 47.3G
2.21 2.11 2.38| 260k   74k|4669B   23k| 898M 12.5G  536M 47.3G
1.94 2.05 2.35| 584k   79k| 347k   63k|1405M 12.0G  536M 47.4G
1.78 1.99 2.32|   0    70k|  57B   21B|1530M 11.9G  536M 47.4G
1.60 1.93 2.29|   0    65k| 256B  352B|1529M 11.9G  536M 47.4G
1.55 1.89 2.26|   0    62k|  70B   90B|1362M 12.0G  536M 47.4G
1.54 1.85 2.23|   0    65k|  44B   19B|1401M 12.0G  536M 47.4G
1.53 1.82 2.21| 286k   65k|  61k   29k| 810M 12.6G  537M 47.4G
2.73 2.09 2.29| 254k   53k| 501k 4951B|1503M 11.9G  536M 47.4G
2.74 2.17 2.31|1827k   89k|  27k 1055k|1391M 11.9G  573M 47.5G
2.26 2.11 2.28|5398k   68k|1939k 1548k|1015M 12.0G  639M 47.6G
1.96 2.05 2.26|  72k   62k|  34k  317k|1160M 11.8G  641M 47.6G
3.02 2.30 2.33| 174k   66k| 302k  954k|1014M 11.9G  646M 47.7G
2.97 2.34 2.34| 650k   64k| 946k   89k|1359M 11.5G  665M 47.8G
3.73 2.63 2.44| 132k   58k| 229k 2989k|1862M 10.9G  669M 47.9G
3.36 2.63 2.45| 193k   67k| 258k   66k|1147M 11.6G  675M 47.9G
2.62 2.52 2.42|  38k   58k| 489k 5770k|1223M 11.3G  676M 48.0G
2.30 2.46 2.40|4063k   44k|1422k 2950k|1079M 11.5G  639M 48.0G
1.99 2.36 2.37|  72k   72k|4801B  316k|1164M 11.4G  641M 48.0G
3.79 2.75 2.50| 174k   60k|  13k  846k|1136M 11.4G  646M 48.1G
2.88 2.63 2.46| 650k   62k|  27k   82k|1413M 11.1G  665M 48.1G
3.79 2.92 2.57| 132k   64k|  27k 2997k|1787M 10.6G  669M 48.2G
3.92 3.06 2.63| 229k   70k|  43k 3062k|1556M 10.7G  676M 48.3G
3.10 2.94 2.60|1893k   57k|1894k 6288k|1011M 11.6G  536M 48.1G
2.40 2.79 2.56|1481k   68k|9660B  911k|1426M 11.1G  572M 48.2G
2.11 2.68 2.53| 691k   66k|  21k  106k|1504M 11.1G  536M 48.1G
1.88 2.57 2.49|   0    73k| 555B  811B|1461M 11.2G  536M 48.1G
1.71 2.47 2.46|   0    65k|  23B    6B|1495M 11.2G  536M 48.1G
1.64 2.38 2.43|3699k   68k| 408k  195k|1010M 11.3G  629M 48.3G
1.74 2.34 2.42| 418k   69k|1009k  463k|1172M 11.1G  641M 48.4G
2.49 2.44 2.45| 174k   63k|  12k  883k|1107M 11.1G  646M 48.4G
2.93 2.58 2.50| 650k   60k|  26k   79k|1403M 10.7G  666M 48.5G
3.74 2.80 2.57| 129k   52k| 134k 2972k|1076M 11.0G  669M 48.5G
3.80 2.89 2.60| 196k   57k|  43k   61k|1223M 10.8G  675M 48.6G
3.01 2.78 2.58|1102k   86k|1757k 8322k| 791M 11.4G  558M 48.5G
2.46 2.67 2.55|2785k   65k|1399k  210k|1116M 10.8G  641M 48.7G
3.10 2.79 2.59| 174k   39k|  13k  920k|1118M 10.8G  646M 48.7G
2.89 2.79 2.60| 650k   61k|  28k   84k|1414M 10.4G  666M 48.8G
2.74 2.77 2.60| 132k   62k| 118k 2985k|1776M 9.96G  669M 48.9G
2.26 2.65 2.56| 202k   64k|  29k  166k|1253M 10.5G  675M 48.9G
2.97 2.83 2.63| 483k   61k|1601k 8423k| 676M 11.3G  531M 48.8G
2.51 2.73 2.60|3966k   73k|1457k  614k|1161M 10.4G  641M 49.0G
2.12 2.61 2.56| 174k   76k|  12k  918k|1097M 10.5G  646M 49.0G
3.52 2.91 2.66| 650k   53k|  28k   83k|1340M 10.2G  666M 49.1G
3.88 3.02 2.70|4574B   62k|2894B 4570B|1328M 10.1G  666M 49.1G
2.88 2.86 2.66| 128k   62k|  29k 2991k|1830M 9812M  670M 49.2G
2.61 2.79 2.64| 193k   66k|  26k   57k|1184M 10.2G  675M 49.2G
3.21 2.95 2.70| 354k   60k|1504k 8472k|1485M 10.2G  536M 49.1G
2.81 2.88 2.69|3819k   69k|1783k  620k|1162M 10.1G  641M 49.3G
2.41 2.78 2.66| 174k   45k|  13k  965k|1127M 10.1G  646M 49.4G
3.58 3.04 2.75| 650k   63k|  41k   81k|1340M 9.83G  666M 49.4G
2.75 2.89 2.71|   0    60k|1030B 3354B|1255M 9.92G  666M 49.4G
2.25 2.76 2.67| 132k   75k| 348k 2990k|1837M 9465M  670M 49.5G
4.26 3.15 2.80| 202k   57k|  42k 1736k|1241M 9966M  675M 49.6G
3.16 3.00 2.76| 676k   68k| 568k 6936k|1638M 9921M  536M 49.4G
2.51 2.85 2.72|   0    67k| 138B  159B|1670M 9889M  536M 49.4G
2.04 2.70 2.67|   0    62k| 561B  833B|1512M 9.81G  536M 49.4G
1.90 2.60 2.64|   0    63k|  90B   98B|1585M 9973M  536M 49.4G
1.95 2.55 2.62|   0    65k|  55B   32B|1616M 9943M  536M 49.4G
1.77 2.44 2.58|   0    64k|  47B   21B|1617M 9941M  536M 49.4G
1.80 2.39 2.56|3654k   71k|  69k   60k|1023M 9.95G  629M 49.7G
1.81 2.33 2.53| 418k   66k|1379k  572k|1162M 9976M  641M 49.7G
1.68 2.25 2.50| 174k   65k|  13k  902k|1111M 9.77G  646M 49.7G
2.14 2.32 2.51| 650k   38k|  40k   80k|1317M 9712M  666M 49.8G
2.79 2.47 2.56| 132k   62k| 154k 2974k|1755M 9173M  670M 49.9G
2.29 2.38 2.53| 166k   63k|  15k   42k|1163M 9748M  674M 49.9G
3.09 2.58 2.59|  65k   65k| 351k 5621k|1225M 9513M  676M 50.1G
2.92 2.60 2.59| 608k   67k| 753k 2711k|1036M 9.90G  536M 49.8G
2.97 2.62 2.60| 254k   70k|  36k   11k|1571M 9605M  536M 49.8G
3.58 2.81 2.66|   0    68k| 279B 1108B|1551M 9625M  536M 49.8G
3.63 2.88 2.69| 254k   69k|3012B   18k|1631M 9544M  536M 49.8G
3.00 2.81 2.67|4004k   70k|1440k  315k|1112M 9648M  639M 50.1G
2.40 2.68 2.63|  69k   73k|4585B  318k|1162M 9592M  641M 50.1G
3.74 2.95 2.73| 174k   57k|  13k  936k|1110M 9620M  646M 50.1G
2.87 2.81 2.69| 650k   40k|  27k   83k|1274M 9372M  666M 50.2G
3.19 2.92 2.73| 132k   62k|  10k 2988k|1839M 8710M  670M 50.3G
4.12 3.12 2.80| 202k   65k|  45k 1804k|1148M 9328M  676M 50.3G
3.39 3.03 2.78| 345k   65k|1474k 6912k|1650M 9163M  536M 50.2G
3.52 3.10 2.81|   0    63k| 295B  810B|1705M 9107M  536M 50.2G
3.59 3.16 2.84| 254k   67k|2529B   18k|1583M 9229M  536M 50.2G
3.56 3.18 2.85|3000k   69k|1487k   31k|1601M 9168M  536M 50.2G
7.91 4.11 3.16|3694k   68k|2671k 6578k|1907M 8440M  583M 50.6G
6.87 4.28 3.26|  32k   69k|  15k 7292k|1758M 8096M  584M 51.0G
8.43 4.78 3.45|6468k   69k|2759k   17M|1955M 8069M  583M 50.9G
10.4 5.80 3.84|  32k   67k| 220k 4796k|1817M 7670M  584M 51.4G
7.70 5.58 3.83|1558k   47k|  68k   16M| 792M 8715M  566M 51.4G
5.25 5.19 3.75|2588k   69k|3169k  293k|1113M 7997M  643M 51.7G
11.8 6.71 4.30|2198k   70k|1162k   10M|1782M 7248M  584M 51.8G
7.83 6.22 4.21|2555k   66k|  53k   16M| 925M 7600M  604M 52.3G
5.50 5.81 4.14|1618k   71k|3101k  244k|1170M 7513M  536M 52.2G
4.96 5.66 4.14| 254k   63k|  17k   19k|1592M 7089M  536M 52.2G
4.18 5.42 4.11|4521k   68k|  16k  101k|1127M 7287M  607M 52.4G
10.8 6.84 4.62|3826k   68k|2947k 9849k|1785M 6357M  584M 52.7G
7.09 6.33 4.52|3500k   69k|  25k   15M| 756M 7097M  550M 53.0G
4.89 5.87 4.42|3090k   69k| 130k  125k|1199M 6286M  642M 53.3G
3.49 5.43 4.32|5746k   42k|4664k  360k|1076M 6279M  642M 53.4G
4.66 5.45 4.36|3790k   71k|2645k 5957k|2006M 5369M  583M 53.4G
6.26 5.90 4.55|  32k   64k|  63k 4354k|1813M 5048M  584M 53.9G
7.61 6.21 4.70|8359k   68k|4485k   16M|1142M 5312M  639M 54.3G
7.40 6.30 4.77| 436k   62k| 129k  275k|1556M 5278M  536M 54.0G
5.54 5.96 4.71|4695k   72k|1519k  113k| 763M 6049M  529M 54.1G
3.95 5.54 4.61|5219k   71k|3137k  323k| 723M 5861M  569M 54.2G
10.6 7.01 5.13|2359k   71k|2407k 9959k|1784M 4348M  584M 54.7G
8.05 6.71 5.09|2721k   71k|  23k   15M|1416M 4228M  608M 55.1G
6.27 6.44 5.05|3905k   63k|3086k  154k|1179M 4246M  642M 55.3G
13.9 8.00 5.60|2179k   68k| 965k 7525k|1962M 3461M  583M 55.3G
12.0 8.23 5.76|  32k   61k|  14k 3120k|1798M 3127M  584M 55.8G
8.99 7.82 5.70|3843k   63k|3099k   16M|1125M 3423M  642M 56.1G
7.46 7.51 5.66|3884k   68k|3077k  267k|1144M 3312M  642M 56.2G
11.2 8.25 5.95|3779k   66k|2599k 6860k|2171M 2283M  583M 56.3G
9.38 8.19 6.01|  32k   66k|  14k 9078k|1796M 2128M  584M 56.8G
6.90 7.70 5.92|1779k   48k|  54k   10M| 910M 3024M  573M 56.8G
4.77 7.11 5.78|2332k   85k| 133k  288k|1058M 2596M  643M 57.0G
3.61 6.60 5.65|4135k   57k|1705k  591k|1133M 2493M  641M 57.0G
2.77 6.12 5.52|   0    65k|6944B   10k|1313M 2306M  641M 57.0G
3.65 6.02 5.51| 821k   58k|  32k  975k|1082M 2437M  666M 57.1G
2.87 5.60 5.38|4335B   63k|1208B 3305B|1363M 2155M  666M 57.1G
3.27 5.49 5.35| 132k   56k| 155k 2989k|1764M 1653M  670M 57.2G
4.48 5.58 5.39| 229k   65k|  43k 3153k|1534M 1772M  676M 57.3G
4.58 5.45 5.35|3879k   66k| 532k 6112k|1032M 2442M  592M 57.2G
3.43 5.09 5.23|7509k   75k| 239k 1266k| 921M 2609M  572M 57.2G
2.67 4.75 5.11|  10M   70k| 165k 1866k|1034M 2486M  576M 57.2G
2.40 4.48 5.01|7195k   80k|1392k  213k| 902M 2624M  561M 57.2G
2.10 4.21 4.90|9763k   51k|  96k 1649k| 794M 2744M  557M 57.2G
2.71 4.19 4.88|9017k   72k| 308k 1271k| 853M 2595M  578M 57.3G
2.73 4.05 4.81|7854k 4009k| 161k 1088k| 857M 2543M  578M 57.3G
3.32 4.06 4.79| 343k 4431k|  18k   18k|1680M 1865M  537M 57.2G
2.47 3.78 4.67|7625k   93k|1573k  628k| 996M 2364M  573M 57.4G
2.07 3.56 4.57|8284k   72k|  83k 1078k|1475M 1871M  579M 57.4G
2.48 3.52 4.52|2097k   68k|1368k  152k|1211M 2079M  583M 57.4G
2.81 3.51 4.48|4636k   73k|  42k  332k|1635M 1815M  537M 57.3G
7.08 4.33 4.72|2910k   42k| 363k 4247k|2030M 1188M  583M 57.5G
7.85 4.92 4.91|  32k   87k|  66k 5709k|1703M  983M  584M 58.0G
5.44 4.62 4.81|  14M   81k| 110k   16M|1665M  964M  577M 58.1G
3.87 4.32 4.70|5005k   69k|  67k  916k| 779M 2014M  528M 58.0G
2.54 3.95 4.57|1094k   68k|2660B 4117B| 673M 2121M  528M 58.0G
